
TEST: issue269test_RGroupsWarning
Result: {"rgroups":"Structure contains R-groups"}

TEST: issue269test_ChiralityWarning
Result: {"chiral":"Structure contains chirality"}

TEST: issue269test_StereochemistryWarning
Result: {}

TEST: issue269test_PseudoatomWarning
Result: {"pseudoatoms":"Structure contains pseudoatoms: (5)"}

TEST: issue269test_RadicalWarning
Result: {"radicals":"Structure contains radicals: (1,3,5)"}

TEST: issue269test_QueryWarning
Result: {"query":"Structure contains query features"}

TEST: issue269test_All
Result: {"valence":"Structure contains RGroup components, so valency could not be checked","radicals":"Structure contains pseudoatoms, so radicals could not be checked","pseudoatoms":"Structure contains pseudoatoms: (27,29)","stereo":"Structure contains stereocenters with undefined stereo configuration: (0,4,6,8,9,14,32,34,43,81,119,127,128,129,130,131,132,133,134,137,139,140,141,142,143,144,145,146,147,148,149,151,152,153,154,155,156,157,159,160,162,163,164,165,166,168,169,171,176,178,181,184,302,303,304,305,306)","overlapping_atoms":"Structure contains overlapping atoms: (355,356,357,359,360,361,363,364,365,366,371,372,373,374,375,376,377,378,379,380,381,382,383,384,385,386,387,388,389,390,391,392,393,394,395,396,397,398,399,400,401,402,403,404,405,406,407,408,409,410,411,412,413,414,415,416,417,418,419,420,421)","overlapping_bonds":"Structure contains overlapping bonds.: (283,308,310,312,314,316,318,320,322,324,326,328,330,332,334,336,338,340,342)","rgroups":"Structure contains R-groups","sgroups":"Structure contains S-groups","charge":"Structure has non-zero charge","v3000":"Structure supports only Molfile V3000"}

TEST: issue269test_Issue_293_All
Result: {"radicals":"Structure contains radicals: (13,15,17)","stereo":"Structure contains stereocenters with undefined stereo configuration","query":"Structure contains query features"}
