**** Test Macrocycles ****
Test Item #0 
  Result: Success
Test Item #1 
  Result: Success
