matched
mol  0
atom  0 -> 1
atom  1 -> 0
bond  0 -> 0
mol  1
atom  0 -> 1
OC>>OC[H] |ha:0,1,3,hb:0|
matched
matched
matched
matched
unmatched
matched
matched
matched
matched
unmatched  (unexpected)
matched
matched
