embedding enumerator timeout: The operation timed out: 2000 ms
embedding enumerator timeout: The operation timed out: 2000 ms
embedding enumerator timeout: The operation timed out: 2000 ms
False
False
