atom-coloring-no.png rendering status: OK
atom-coloring-1.png rendering status: OK
atom-coloring-2.png rendering status: OK
*** Reaction atom coloring ***
rxn-atom-coloring.png rendering status: OK
