rgroups/rgroup-mol-rec1.png rendering status: OK
rgroups/rgroup-qmol-rec1.png rendering status: OK
rgroups/noap-mol-rec1.png rendering status: OK
rgroups/noap-qmol-rec1.png rendering status: OK
rgroups/norgroup-mol-rec1.png rendering status: OK
rgroups/norgroup-qmol-rec1.png rendering status: OK
rec1 OK
rgroups/rgroup-mol-occur.png rendering status: OK
rgroups/rgroup-qmol-occur.png rendering status: OK
rgroups/noap-mol-occur.png rendering status: OK
rgroups/noap-qmol-occur.png rendering status: OK
rgroups/norgroup-mol-occur.png rendering status: OK
rgroups/norgroup-qmol-occur.png rendering status: OK
occur OK
rgroups/rgroup-mol-resth.png rendering status: OK
rgroups/rgroup-qmol-resth.png rendering status: OK
rgroups/noap-mol-resth.png rendering status: OK
rgroups/noap-qmol-resth.png rendering status: OK
rgroups/norgroup-mol-resth.png rendering status: OK
rgroups/norgroup-qmol-resth.png rendering status: OK
resth OK
rgroups/rgroup-mol-2ap.png rendering status: OK
rgroups/rgroup-qmol-2ap.png rendering status: OK
rgroups/noap-mol-2ap.png rendering status: OK
rgroups/noap-qmol-2ap.png rendering status: OK
rgroups/norgroup-mol-2ap.png rendering status: OK
rgroups/norgroup-qmol-2ap.png rendering status: OK
2ap OK






rec1 OK






occur OK






resth OK






2ap OK
*** R-groups and attachment points ***
0:
rgroups/deco_set1_1_hi.png rendering status: OK
rgroups/deco_set1_1.png rendering status: OK


1:
rgroups/deco_set1_2_hi.png rendering status: OK
rgroups/deco_set1_2.png rendering status: OK


2:
rgroups/deco_set1_3_hi.png rendering status: OK
rgroups/deco_set1_3.png rendering status: OK


3:
rgroups/deco_set1_4_hi.png rendering status: OK
rgroups/deco_set1_4.png rendering status: OK


4:
rgroups/deco_set1_5_hi.png rendering status: OK
rgroups/deco_set1_5.png rendering status: OK


5:
rgroups/deco_set1_6_hi.png rendering status: OK
rgroups/deco_set1_6.png rendering status: OK


