c1cc(-c2cnc(Nc3c4c(c([nH]cc4)=O)ccc3)cc2)ccc1
 1 1 1 1 0 0 1 1 0 1 0 1 1 1 0 0 0 1 1 1 0 0 1 1
