C
N
ON(=O)c1ccc(Cl)cc1, ON(=O)c1ccc(Cl)cc1
Nc1ccc(cc1)N(O)=O, Nc1ccc(cc1)N(O)=O
C=CC1CC=CCC1, C=CC1CC=CCC1
CCc1ccccc1, CCc1ccccc1
C=Cc1ccccc1, C=Cc1ccccc1
ClCc1ccccc1, ClCc1ccccc1
OCc1ccccc1, OCc1ccccc1
O=Cc1ccccc1, O=Cc1ccccc1
NNc1ccccc1, NNc1ccccc1
O=NN1CCCCC1, O=NN1CCCCC1
C1N2CN3CN1CN(C2)C3, C1N2CN3CN1CN(C2)C3
NNOS(O)(=O)=O, NNOS(O)(=O)=O
O=S1(=O)O[Mn]O1, O=S1(=O)O[Mn]O1
OB(O)O, OB(O)O
[Ca], [Ca]
COc1cc2OC3OC=CC3c2c2oc3cccc(O)c3c(=O)c12, COc1cc2OC3OC=CC3c2c2oc3cccc(O)c3c(=O)c12
Clc1ccccc1Nc1[n]c(Cl)[n]c(Cl)[n]1, Clc1ccccc1Nc1[n]c(Cl)[n]c(Cl)[n]1
Nc1ccc(Cc2cc(Cl)c(N)cc2)cc1Cl, Nc1ccc(Cc2cc(Cl)c(N)cc2)cc1Cl
CN(C)c1ccc(Cc2ccc(cc2)N(C)C)cc1, CN(C)c1ccc(Cc2ccc(cc2)N(C)C)cc1
CC(C)Oc1ccc(cc1)Nc1ccccc1, CC(C)Oc1ccc(cc1)Nc1ccccc1
Nc1ccc(cc1)Oc1ccc(N)cc1, Nc1ccc(cc1)Oc1ccc(N)cc1
C(Oc1cc(ccc1)OCC1CO1)C1CO1, C(Oc1cc(ccc1)OCC1CO1)C1CO1
Cc1cc(ccc1N)OC, Cc1cc(ccc1N)OC
OCCN(CCO)CCO, OCCN(CCO)CCO
CCCCC(COC(=O)CCCCC(=O)OCC(CCCC)CC)CC, CCCCC(COC(=O)CCCCC(=O)OCC(CCCC)CC)CC
c1ccccc1N=Nc1ccccc1, c1ccccc1N=Nc1ccccc1
NC(=S)Nc1ccccc1, NC(=S)Nc1ccccc1
CC(=O)Nc1ccc(O)cc1, CC(=O)Nc1ccc(O)cc1
OC(CBr)C(O)C(O)C(O)CBr, OC(CBr)C(O)C(O)C(O)CBr
CC=Cc1ccc(cc1)OC, CC=Cc1ccc(cc1)OC
ON=C1C=CC(C=C1)=NO, ON=C1C=CC(C=C1)=NO
CCNC(=S)NCC, CCNC(=S)NCC
O=C1CCCCCN1, O=C1CCCCCN1
C[n]1c(N)[n]c2[n]cc(cc12)-c1ccccc1, C[n]1c(N)[n]c2[n]cc(cc12)-c1ccccc1
CCN(C)N=O, CCN(C)N=O
Clc1ccc(Cl)cc1, Clc1ccc(Cl)cc1
Nc1ccc(Cl)cc1, Nc1ccc(Cl)cc1
Nc1ccc(N)cc1, Nc1ccc(N)cc1
O=C1C=CC(=O)C=C1, O=C1C=CC(=O)C=C1
C1C2OC2CCC1C1CO1, C1C2OC2CCC1C1CO1
CCC1CO1, CCC1CO1
ClCC1CO1, ClCC1CO1
C=CCOCC1CO1, C=CCOCC1CO1
BrCCBr, BrCCBr
C=CC=C, C=CC=C
CC(=O)O[Sn](CCCC)(CCCC)OC(C)=O, CC(=O)O[Sn](CCCC)(CCCC)OC(C)=O
C=CC=O, C=CC=O
C=CCCl, C=CCCl
ClCCCl, ClCCCl
C=CC#N, C=CC#N
O=CCCl, O=CCCl
OCCO, OCCO
CC=NO, CC=NO
COCCl, COCCl
O=S1(=O)OCCO1, O=S1(=O)OCCO1
CN(C)CCO, CN(C)CCO
CCCN(O)=O, CCCN(O)=O
CC(=O)OC=C, CC(=O)OC=C
O=C1CCC(=O)O1, O=C1CCC(=O)O1
Nc1cc(N)ccc1, Nc1cc(N)ccc1
Oc1cc(O)ccc1, Oc1cc(O)ccc1
CC(CCl)OC(C)CCl, CC(CCl)OC(C)CCl
Nc1[n]c(N)[n]c(N)[n]1, Nc1[n]c(N)[n]c(N)[n]1
Cc1ccccc1, Cc1ccccc1
Clc1ccccc1, Clc1ccccc1
O=C1CCCCC1, O=C1CCCCC1
Oc1ccccc1, Oc1ccccc1
CCCCCl, CCCCCl
NNCCO, NNCCO
c1ccco1, c1ccco1
C1CNCCN1, C1CNCCN1
CC(O)CNCC(C)O, CC(O)CNCC(C)O
ClCCOCCCl, ClCCOCCCl
OCCOCCO, OCCOCCO
OCCN(CCO)N=O, OCCN(CCO)N=O
O=S1(=O)CCCO1, O=S1(=O)CCCO1
CC(=O)NNc1ccccc1, CC(=O)NNc1ccccc1
[N-]=N=CC(=O)OCC(N)C(O)=O, [N-]=N=CC(=O)OCC(N)C(O)=O
CC=C, CC=C
C[Hg]Cl, C[Hg]Cl
OC(=O)C1C(C(O)=O)C2(Cl)C(Cl)=C(Cl)C1(Cl)C2(Cl)Cl, OC(=O)C1C(C(O)=O)C2(Cl)C(Cl)=C(Cl)C1(Cl)C2(Cl)Cl
O=S1OCC2C(CO1)C1(Cl)C(Cl)=C(Cl)C2(Cl)C1(Cl)Cl, O=S1OCC2C(CO1)C1(Cl)C(Cl)=C(Cl)C2(Cl)C1(Cl)Cl
OC(c1ccc(Cl)cc1)(c1ccc(Cl)cc1)C(Cl)(Cl)Cl, OC(c1ccc(Cl)cc1)(c1ccc(Cl)cc1)C(Cl)(Cl)Cl
O=P(OCCCl)(OCCCl)OCCCl, O=P(OCCCl)(OCCCl)OCCCl
Cc1ccc(cc1)S(=O)(=O)NC(=O)NN1CCCCCC1, Cc1ccc(cc1)S(=O)(=O)NC(=O)NN1CCCCCC1
CNC(=O)ON=CC(C)(C)SC, CNC(=O)ON=CC(C)(C)SC
COc1cc2OC3OC=CC3c2c2oc(=O)c3c(CCC3=O)c12, COc1cc2OC3OC=CC3c2c2oc(=O)c3c(CCC3=O)c12
Brc1c(Oc2c(Br)c(Br)c(Br)c(Br)c2Br)c(Br)c(Br)c(Br)c1Br, Brc1c(Oc2c(Br)c(Br)c(Br)c(Br)c2Br)c(Br)c(Br)c(Br)c1Br
Oc1cc2oc(-c3cc(O)c(O)cc3)c(O)c(=O)c2c(O)c1, Oc1cc2oc(-c3cc(O)c(O)cc3)c(O)c(=O)c2c(O)c1
Nc1cc2c(cc1)C(=O)c1ccccc1C2=O, Nc1cc2c(cc1)C(=O)c1ccccc1C2=O
CCCCC(COC(=O)c1ccccc1C(=O)OCC(CCCC)CC)CC, CCCCC(COC(=O)c1ccccc1C(=O)OCC(CCCC)CC)CC
Clc1c(Cl)c(Cl)c(Cl)c(Cl)c1Cl, Clc1c(Cl)c(Cl)c(Cl)c(Cl)c1Cl
Nc1ccccc1C(O)=O, Nc1ccccc1C(O)=O
Nc1ccc(O)c(c1)N(O)=O, Nc1ccc(O)c(c1)N(O)=O
OC(C(=O)c1ccccc1)c1ccccc1, OC(C(=O)c1ccccc1)c1ccccc1
O=C1CCc2ccccc2O1, O=C1CCc2ccccc2O1
Oc1ccc(Cl)cc1Cc1ccccc1, Oc1ccc(Cl)cc1Cc1ccccc1
CC=Cc1cc2OCOc2cc1, CC=Cc1cc2OCOc2cc1
COC(=O)c1ccc(cc1)C(=O)OC, COC(=O)c1ccc(cc1)C(=O)OC
CCCCCCCCS(=O)C(C)Cc1ccc2OCOc2c1, CCCCCCCCS(=O)C(C)Cc1ccc2OCOc2c1
Cc1ccc(OC)c(N)c1, Cc1ccc(OC)c(N)c1
c1cccc2[s]c([n]c21)SSc1[n]c2ccccc2[s]1, c1cccc2[s]c([n]c21)SSc1[n]c2ccccc2[s]1
Oc1ccccc1O, Oc1ccccc1O
Oc1ccc(Cl)cc1Cl, Oc1ccc(Cl)cc1Cl
Cc1ccc(cc1N(O)=O)N(O)=O, Cc1ccc(cc1N(O)=O)N(O)=O
Nc1[n]cc([s]1)N(O)=O, Nc1[n]cc([s]1)N(O)=O
CN(C)c1ccccc1, CN(C)c1ccccc1
CCOC(=O)C(CC(=O)OCC)SP(=S)(OC)OC, CCOC(=O)C(CC(=O)OCC)SP(=S)(OC)OC
CCCOC(=O)c1cc(O)c(O)c(O)c1, CCCOC(=O)c1cc(O)c(O)c(O)c1
Nc1ccc(cc1O)N(O)=O, Nc1ccc(cc1O)N(O)=O
S=C(NC1CCCCC1)NC1CCCCC1, S=C(NC1CCCCC1)NC1CCCCC1
S=C1NCCNC(=S)S[Zn]S1, S=C1NCCNC(=S)S[Zn]S1
CC(O)CN(CC(C)O)CC(C)O, CC(O)CN(CC(C)O)CC(C)O
CCNc1[n]c(Cl)[n]c(NCC)[n]1, CCNc1[n]c(Cl)[n]c(NCC)[n]1
C(Oc1ccccc1)C1CO1, C(Oc1ccccc1)C1CO1
c1ccccc1NNc1ccccc1, c1ccccc1NNc1ccccc1
Oc1ccc(O)cc1, Oc1ccc(O)cc1
Oc1ccc(O)[n][n]1, Oc1ccc(O)[n][n]1
C1COCCO1, C1COCCO1
ClC(Br)Br, ClC(Br)Br
OCP(Cl)(CO)(CO)CO, OCP(Cl)(CO)(CO)CO
COC1=CC(=O)CC(C)C21Oc1c(Cl)c(cc(OC)c1C2=O)OC, COC1=CC(=O)CC(C)C21Oc1c(Cl)c(cc(OC)c1C2=O)OC
O=P(OCC(Br)CBr)(OCC(Br)CBr)OCC(Br)CBr, O=P(OCC(Br)CBr)(OCC(Br)CBr)OCC(Br)CBr
ClC(Cl)=C(Cl)Cl, ClC(Cl)=C(Cl)Cl
Cc1c(NS(=O)(=O)c2ccc(N)cc2)o[n]c1C, Cc1c(NS(=O)(=O)c2ccc(N)cc2)o[n]c1C
Cc1cc(c(O)c(c1)C(C)(C)C)C(C)(C)C, Cc1cc(c(O)c(c1)C(C)(C)C)C(C)(C)C
O=C1NS(=O)(=O)c2ccccc12, O=C1NS(=O)(=O)c2ccccc12
O=c1c2ccccc2c2ccc3c4c2c1ccc4c1ccccc1c3=O, O=c1c2ccccc2c2ccc3c4c2c1ccc4c1ccccc1c3=O
Cc1ccc2c(c1N(O)=O)C(=O)c1ccccc1C2=O, Cc1ccc2c(c1N(O)=O)C(=O)c1ccccc1C2=O
CCCN(N=O)C(=N)NN(O)O, CCCN(N=O)C(=N)NN(O)O
CCCCN(N=O)C(=N)NN(O)O, CCCCN(N=O)C(=N)NN(O)O
CCCCCN(N=O)C(=N)NN(O)O, CCCCCN(N=O)C(=N)NN(O)O
CCSCCC(N)C(O)=O, CCSCCC(N)C(O)=O
C=CCOC(=O)c1ccccc1C(=O)OCC=C, C=CCOC(=O)c1ccccc1C(=O)OCC=C
CC(OP(=O)(OC)OC)=C(Cl)C(=O)N(CC)CC, CC(OP(=O)(OC)OC)=C(Cl)C(=O)N(CC)CC
Oc1ccccc1-c1ccccc1, Oc1ccccc1-c1ccccc1
CC1(C)SC2C(NC(=O)COc3ccccc3)C(=O)N2C1C(=O)O[K], CC1(C)SC2C(NC(=O)COc3ccccc3)C(=O)N2C1C(=O)O[K]
O=C1C2CC=CCC2C(=O)N1SC(Cl)(Cl)Cl, O=C1C2CC=CCC2C(=O)N1SC(Cl)(Cl)Cl
O=C1c2ccccc2C(=O)N1SC(Cl)(Cl)Cl, O=C1c2ccccc2C(=O)N1SC(Cl)(Cl)Cl
Nc1cc(Cl)cc(C(O)=O)c1Cl, Nc1cc(Cl)cc(C(O)=O)c1Cl
Cc1ccccc1OP(=O)(Oc1ccccc1C)Oc1ccccc1C, Cc1ccccc1OP(=O)(Oc1ccccc1C)Oc1ccccc1C
ClC1(Cl)C2(Cl)C3C4C5C(C3C3OC53)C2(Cl)C(Cl)C14Cl, ClC1(Cl)C2(Cl)C3C4C5C(C3C3OC53)C2(Cl)C(Cl)C14Cl
COc1ccccc1N, COc1ccccc1N
CC(NC)C(O)c1ccccc1, CC(NC)C(O)c1ccccc1
NON(N=O)c1ccccc1, NON(N=O)c1ccccc1
CN(C)CCN(Cc1ccc[s]1)c1cccc[n]1, CN(C)CCN(Cc1ccc[s]1)c1cccc[n]1
c1c(ccc2ccccc21)Nc1ccccc1, c1c(ccc2ccccc21)Nc1ccccc1
OS(O)(=O)=O, OS(O)(=O)=O
Nc1ccc(Cc2ccc(N)cc2)cc1, Nc1ccc(Cc2ccc(N)cc2)cc1
Nc1ccc(N=Nc2ccccc2)c(N)[n]1, Nc1ccc(N=Nc2ccccc2)c(N)[n]1
CCCCCCc1ccc(O)cc1O, CCCCCCc1ccc(O)cc1O
Nc1cc(N)c(O)cc1, Nc1cc(N)c(O)cc1
Cc1cc(N)c(C)cc1C, Cc1cc(N)c(C)cc1C
CN(C)C(=S)S[Zn]SC(=S)N(C)C, CN(C)C(=S)S[Zn]SC(=S)N(C)C
NC(=O)N(CCO)N=O, NC(=O)N(CCO)N=O
FC(F)OC(F)(F)C(F)Cl, FC(F)OC(F)(F)C(F)Cl
OC(=O)CN(CC(O)=O)CC(O)=O, OC(=O)CN(CC(O)=O)CC(O)=O
Nc1ccc(cc1)Sc1ccc(N)cc1, Nc1ccc(cc1)Sc1ccc(N)cc1
CCNC(=O)Nc1[n]cc([s]1)N(O)=O, CCNC(=O)Nc1[n]cc([s]1)N(O)=O
CC(=O)OCc1ccccc1, CC(=O)OCc1ccccc1
CC(=O)Nc1ccc(cc1)C(=O)CCl, CC(=O)Nc1ccc(cc1)C(=O)CCl
CN(C)c1ccc(cc1)N=NS(=O)(=O)O[Na], CN(C)c1ccc(cc1)N=NS(=O)(=O)O[Na]
COc1ccc(CC=C)cc1, COc1ccc(CC=C)cc1
O=NN1CCN(CC1)N=O, O=NN1CCN(CC1)N=O
CCOC(=O)C=C, CCOC(=O)C=C
Nc1ccccc1, Nc1ccccc1
NC(=S)NNC(N)=S, NC(=S)NNC(N)=S
NC(CCC(O)=O)C(O)=O, NC(CCC(O)=O)C(O)=O
O=C1C2(Cl)C3(Cl)C4(Cl)C2(Cl)C2(Cl)C(Cl)(C3(Cl)C21Cl)C4(Cl)Cl, O=C1C2(Cl)C3(Cl)C4(Cl)C2(Cl)C2(Cl)C(Cl)(C3(Cl)C21Cl)C4(Cl)Cl
NCCNc1cccc2ccccc21, NCCNc1cccc2ccccc21
CN(C)CCOC(c1ccccc1)c1ccccc1, CN(C)CCOC(c1ccccc1)c1ccccc1
CCN(CC)C(=S)S[Na], CCN(CC)C(=S)S[Na]
Oc1cccc2ccc[n]c21, Oc1cccc2ccc[n]c21
c1[n]c(c[s]1)-c1[nH]c2ccccc2[n]1, c1[n]c(c[s]1)-c1[nH]c2ccccc2[n]1
NC(Cc1ccc(cc1)N(CCCl)CCCl)C(O)=O, NC(Cc1ccc(cc1)N(CCCl)CCCl)C(O)=O
OC1OCC=C2OC(=O)C=C21, OC1OCC=C2OC(=O)C=C21
Sc1[n]c2ccccc2[s]1, Sc1[n]c2ccccc2[s]1
OC(=O)c1cc(O)c(O)c(O)c1, OC(=O)c1cc(O)c(O)c(O)c1
OC(=O)CN(CC(=O)O[Na])CCN(CC(=O)O[Na])CC(=O)O[Na], OC(=O)CN(CC(=O)O[Na])CCN(CC(=O)O[Na])CC(=O)O[Na]
CN(C)C(=O)Nc1ccc(Cl)cc1, CN(C)C(=O)Nc1ccc(Cl)cc1
COc1ccc(O)cc1, COc1ccc(O)cc1
C1CN1, C1CN1
CC1OC(OCC2OC(Oc3c(=O)c4c(cc(O)cc4O)oc3-c3cc(O)c(O)cc3)C(O)C(O)C2O)C(O)C(O)C1O, CC1OC(OCC2OC(Oc3c(=O)c4c(cc(O)cc4O)oc3-c3cc(O)c(O)cc3)C(O)C(O)C2O)C(O)C(O)C1O
CC(C)C1CCC(C)CC1O, CC(C)C1CCC(C)CC1O
Cc1c(N)cccc1N, Cc1c(N)cccc1N
O=Nc1ccc(cc1)Nc1ccccc1, O=Nc1ccc(cc1)Nc1ccccc1
OS(=O)(=O)ONNCCc1ccccc1, OS(=O)(=O)ONNCCc1ccccc1
N#CN=[Ca], N#CN=[Ca]
Nc1cc(Cl)c(cc1Cl)-c1cc(Cl)c(N)cc1Cl, Nc1cc(Cl)c(cc1Cl)-c1cc(Cl)c(N)cc1Cl
CCCN(CCC)c1c(cc(cc1N(O)=O)C(F)(F)F)N(O)=O, CCCN(CCC)c1c(cc(cc1N(O)=O)C(F)(F)F)N(O)=O
CN(C)NC(=O)CCC(O)=O, CN(C)NC(=O)CCC(O)=O
Oc1ccc(cc1C(=O)O[Na])N=Nc1ccc(cc1)-c1ccc(cc1)N=Nc1c2O[Cu]OC3=CC=C(CC3=NNc2ccc1O)S(=O)(=O)O[Na], Oc1ccc(cc1C(=O)O[Na])N=Nc1ccc(cc1)-c1ccc(cc1)N=Nc1c2O[Cu]OC3=CC=C(CC3=NNc2ccc1O)S(=O)(=O)O[Na]
COc1ccc(cc1)C(=O)C(Br)=CC(=O)O[Na], COc1ccc(cc1)C(=O)C(Br)=CC(=O)O[Na]
CN(N=O)c1cccc[n]1, CN(N=O)c1cccc[n]1
CN(N=O)c1cc[n]cc1, CN(N=O)c1cc[n]cc1
CCOC(=O)C(CC(=O)OCC)SP(=O)(OC)OC, CCOC(=O)C(CC(=O)OCC)SP(=O)(OC)OC
Oc1c(I)c2=Oc3c(cc(I)c(O)c3I)C(=c2cc1I)c1ccccc1C(O)=O, Oc1c(I)c2=Oc3c(cc(I)c(O)c3I)C(=c2cc1I)c1ccccc1C(O)=O
CC=NN(C)C=O, CC=NN(C)C=O
O=C1CCN(N=O)C(=O)N1, O=C1CCN(N=O)C(=O)N1
CN(C)c1ccc(cc1)C(c1ccc(cc1)N(Cc1cc(ccc1)S(=O)(=O)O[Na])CC)=C1C=CC(C=C1)=N(Cc1cc(ccc1)S(O)(=O)=O)CC, CN(C)c1ccc(cc1)C(c1ccc(cc1)N(Cc1cc(ccc1)S(=O)(=O)O[Na])CC)=C1C=CC(C=C1)=N(Cc1cc(ccc1)S(O)(=O)=O)CC
CC(=O)Nc1cc(N)c(cc1)OCC, CC(=O)Nc1cc(N)c(cc1)OCC
Clc1cc2Oc3cc(Cl)c(Cl)cc3Oc2cc1Cl, Clc1cc2Oc3cc(Cl)c(Cl)cc3Oc2cc1Cl
CC(=O)Nc1cc(c(cc1)OCC)N(O)=O, CC(=O)Nc1cc(c(cc1)OCC)N(O)=O
CC1CCCC(=O)CCCC=Cc2cc(O)cc(O)c2C(=O)O1, CC1CCCC(=O)CCCC=Cc2cc(O)cc(O)c2C(=O)O1
COc1c(Cl)c(Cl)c(Cl)c(Cl)c1Cl, COc1c(Cl)c(Cl)c(Cl)c(Cl)c1Cl
ON(=O)c1ccc(cc1)Oc1ccc(Cl)cc1Cl, ON(=O)c1ccc(cc1)Oc1ccc(Cl)cc1Cl
O=C(CN(CC(=O)O[Na])CC(=O)O[Na])O[Na], O=C(CN(CC(=O)O[Na])CC(=O)O[Na])O[Na]
CCCCCCN(N=O)C(N)=O, CCCCCCN(N=O)C(N)=O
CN(N=O)C(=O)NC(C=O)C(O)C(O)C(O)CO, CN(N=O)C(=O)NC(C=O)C(O)C(O)C(O)CO
N#Cc1c(Cl)c(Cl)c(Cl)c(C#N)c1Cl, N#Cc1c(Cl)c(Cl)c(Cl)c(C#N)c1Cl
CN(C)C(=S)S[Pb]SC(=S)N(C)C, CN(C)C(=S)S[Pb]SC(=S)N(C)C
CCNc1[n]c(Cl)[n]c(NC(C)C)[n]1, CCNc1[n]c(Cl)[n]c(NC(C)C)[n]1
Nc1c(Cl)c([n]c(Cl)c1Cl)C(O)=O, Nc1c(Cl)c([n]c(Cl)c1Cl)C(O)=O
OC(=O)C1=NN(c2ccc(cc2)S(O)(=O)=O)C(=O)C1N=Nc1ccc(cc1)S(O)(=O)=O, OC(=O)C1=NN(c2ccc(cc2)S(O)(=O)=O)C(=O)C1N=Nc1ccc(cc1)S(O)(=O)=O
Oc1ccc2cc(cc(c2c1N=Nc1ccccc1)S(=O)(=O)O[Na])S(=O)(=O)O[Na], Oc1ccc2cc(cc(c2c1N=Nc1ccccc1)S(=O)(=O)O[Na])S(=O)(=O)O[Na]
Nc1cc(N)c(cc1)N=Nc1ccc(cc1)-c1ccc(cc1)N=Nc1c(cc2cc(c(N=Nc3ccccc3)c(O)c2c1N)S(=O)(=O)O[Na])S(=O)(=O)O[Na], Nc1cc(N)c(cc1)N=Nc1ccc(cc1)-c1ccc(cc1)N=Nc1c(cc2cc(c(N=Nc3ccccc3)c(O)c2c1N)S(=O)(=O)O[Na])S(=O)(=O)O[Na]
CC1(C)COC1=O, CC1(C)COC1=O
Nc1ccc(Cl)cc1, Nc1ccc(Cl)cc1
COc1ccc(N)cc1, COc1ccc(N)cc1
COc1cc(ccc1N)-c1cc(OC)c(N)cc1, COc1cc(ccc1N)-c1cc(OC)c(N)cc1
CC1(O)C2C(O)C3C(C(O)=C(C(N)=O)C(=O)C3(O)C(O)=C2C(=O)c2c1cccc2O)N(C)C, CC1(O)C2C(O)C3C(C(O)=C(C(N)=O)C(=O)C3(O)C(O)=C2C(=O)c2c1cccc2O)N(C)C
O=NN1CCCCCCC1, O=NN1CCCCCCC1
CCN(CC)C(=S)S[Te](SC(=S)N(CC)CC)(SC(=S)N(CC)CC)SC(=S)N(CC)CC, CCN(CC)C(=S)S[Te](SC(=S)N(CC)CC)(SC(=S)N(CC)CC)SC(=S)N(CC)CC
Nc1ccc(cc1)-c1ccccc1, Nc1ccc(cc1)-c1ccccc1
Cc1cc(N)c(C)cc1C, Cc1cc(N)c(C)cc1C
CC1CN(N=Cc2ccc(o2)N(O)=O)C(=O)N1, CC1CN(N=Cc2ccc(o2)N(O)=O)C(=O)N1
CN(C)C(=O)Nc1cc(ccc1)C(F)(F)F, CN(C)C(=O)Nc1cc(ccc1)C(F)(F)F
Nc1ccccc1-c1ccccc1, Nc1ccccc1-c1ccccc1
Cc1cc(O)c2c(C(=O)C34C5C(O)C6C3C(O)C(C(O)=C4C2=O)C26C(C(=O)c3c(C2=O)c(O)c(C)cc3O)=C5O)c1O, Cc1cc(O)c2c(C(=O)C34C5C(O)C6C3C(O)C(C(O)=C4C2=O)C26C(C(=O)c3c(C2=O)c(O)c(C)cc3O)=C5O)c1O
Nc1ccc(cc1)Nc1ccccc1, Nc1ccc(cc1)Nc1ccccc1
Nc1cccc2c1cccc2N, Nc1cccc2c1cccc2N
CC1=CCC(CC1=O)C(C)=C, CC1=CCC(CC1=O)C(C)=C
CC(C)N(C(C)C)C(=O)SCC(Cl)=CCl, CC(C)N(C(C)C)C(=O)SCC(Cl)=CCl
CC12C(OC(C)=O)C(O)C(OC3C=C(C)C(=O)C(O)C13CO)C12CO1, CC12C(OC(C)=O)C(O)C(OC3C=C(C)C(=O)C(O)C13CO)C12CO1
CCN(Cc1cc(ccc1)S(O)(=O)=O)c1ccc(cc1)C(c1ccc(O)cc1S(O)(=O)=O)=C1C=CC(C=C1)=N(Cc1cc(ccc1)S(O)(=O)=O)CC, CCN(Cc1cc(ccc1)S(O)(=O)=O)c1ccc(cc1)C(c1ccc(O)cc1S(O)(=O)=O)=C1C=CC(C=C1)=N(Cc1cc(ccc1)S(O)(=O)=O)CC
ClC1(Cl)C2(Cl)C3(Cl)C4(Cl)C2(Cl)C2(Cl)C(Cl)(C3(Cl)C12Cl)C4(Cl)Cl, ClC1(Cl)C2(Cl)C3(Cl)C4(Cl)C2(Cl)C2(Cl)C(Cl)(C3(Cl)C12Cl)C4(Cl)Cl
O=C1C2CC=CCC2C(=O)N1SC(Cl)(Cl)C(Cl)Cl, O=C1C2CC=CCC2C(=O)N1SC(Cl)(Cl)C(Cl)Cl
Cc1cc(c(cc1)N=Nc1c2ccccc2ccc1O)N(O)=O, Cc1cc(c(cc1)N=Nc1c2ccccc2ccc1O)N(O)=O
COc1cc(ccc1N=Nc1c(cc2cc(cc(N)c2c1O)S(=O)(=O)O[Na])S(=O)(=O)O[Na])-c1cc(OC)c(cc1)N=Nc1c(cc2cc(cc(N)c2c1O)S(=O)(=O)O[Na])S(=O)(=O)O[Na], COc1cc(ccc1N=Nc1c(cc2cc(cc(N)c2c1O)S(=O)(=O)O[Na])S(=O)(=O)O[Na])-c1cc(OC)c(cc1)N=Nc1c(cc2cc(cc(N)c2c1O)S(=O)(=O)O[Na])S(=O)(=O)O[Na]
NCCCCCCCCCCC(O)=O, NCCCCCCCCCCC(O)=O
COc1c(Cl)c(Cl)c(c(Cl)c1Cl)N(O)=O, COc1c(Cl)c(Cl)c(c(Cl)c1Cl)N(O)=O
O=CC=CO[Na], O=CC=CO[Na]
c1[n]ccc2c1[nH]c1ccccc21, c1[n]ccc2c1[nH]c1ccccc21
ON(=O)c1ccc(o1)-c1c[s]c(NC=O)[n]1, ON(=O)c1ccc(o1)-c1c[s]c(NC=O)[n]1
CN(C)c1ccc(cc1)C(=N)c1ccc(cc1)N(C)C, CN(C)c1ccc(cc1)C(=N)c1ccc(cc1)N(C)C
Nc1ccc(N)c2c1C(=O)c1c(C2=O)c(N)ccc1N, Nc1ccc(N)c2c1C(=O)c1c(C2=O)c(N)ccc1N
CNC(=S)N(C)C, CNC(=S)N(C)C
CC(C)CCCCCOC(=O)COc1ccc(Cl)cc1Cl, CC(C)CCCCCOC(=O)COc1ccc(Cl)cc1Cl
Cc1ccc(cc1N(O)=O)N(O)=O, Cc1ccc(cc1N(O)=O)N(O)=O
CC(=O)Nc1[n][n]c([s]1)-c1ccc(o1)N(O)=O, CC(=O)Nc1[n][n]c([s]1)-c1ccc(o1)N(O)=O
CN=N(C)O, CN=N(C)O
Nc1cc(cc2cc(c(N=Nc3ccc(cc3)-c3ccc(cc3)N=Nc3c(cc4cc(cc(N)c4c3O)S(=O)(=O)O[Na])S(=O)(=O)O[Na])c(O)c12)S(=O)(=O)O[Na])S(=O)(=O)O[Na], Nc1cc(cc2cc(c(N=Nc3ccc(cc3)-c3ccc(cc3)N=Nc3c(cc4cc(cc(N)c4c3O)S(=O)(=O)O[Na])S(=O)(=O)O[Na])c(O)c12)S(=O)(=O)O[Na])S(=O)(=O)O[Na]
CN(C)Nc1[n]c(c[s]1)-c1ccc(o1)N(O)=O, CN(C)Nc1[n]c(c[s]1)-c1ccc(o1)N(O)=O
Nc1ccc2c([nH]c3ccccc23)[n]1, Nc1ccc2c([nH]c3ccccc23)[n]1
c1cccc2Oc3ccccc3Oc21, c1cccc2Oc3ccccc3Oc21
O=NN1CCSCC1, O=NN1CCSCC1
[N-]=N=N[Na], [N-]=N=N[Na]
FC(F)OC(Cl)C(F)(F)F, FC(F)OC(Cl)C(F)(F)F
N#CC(=Cc1ccccc1Cl)C#N, N#CC(=Cc1ccccc1Cl)C#N
c1cccc2occc21, c1cccc2occc21
Oc1ccc2cc(ccc2c1N=Nc1ccc(cc1)S(=O)(=O)O[Na])S(=O)(=O)O[Na], Oc1ccc2cc(ccc2c1N=Nc1ccc(cc1)S(=O)(=O)O[Na])S(=O)(=O)O[Na]
CNc1ccc(cc1N(O)=O)N(CCO)CCO, CNc1ccc(cc1N(O)=O)N(CCO)CCO
Cc1cc(N=Nc2ccc(cc2)NC(C)=O)c(O)cc1, Cc1cc(N=Nc2ccc(cc2)NC(C)=O)c(O)cc1
CC(=O)Nc1cccc2Cc3ccccc3-c12, CC(=O)Nc1cccc2Cc3ccccc3-c12
CC(C)CC(=O)OCC=C, CC(C)CC(=O)OCC=C
Nc1cc(cc2cc(c3N=Nc4ccc(cc4O[Cu]Oc3c12)-c1cc2O[Cu]Oc3c4c(cc(cc4N)S(=O)(=O)O[Na])cc(c3N=Nc2cc1)S(=O)(=O)O[Na])S(=O)(=O)O[Na])S(=O)(=O)O[Na], Nc1cc(cc2cc(c3N=Nc4ccc(cc4O[Cu]Oc3c12)-c1cc2O[Cu]Oc3c4c(cc(cc4N)S(=O)(=O)O[Na])cc(c3N=Nc2cc1)S(=O)(=O)O[Na])S(=O)(=O)O[Na])S(=O)(=O)O[Na]
Nc1cc(c(cc1)NCCO)N(O)=O, Nc1cc(c(cc1)NCCO)N(O)=O
CCOP(=S)(Oc1[n]c(Cl)c(Cl)cc1Cl)OCC, CCOP(=S)(Oc1[n]c(Cl)c(Cl)cc1Cl)OCC
COc1cc2OC3OC=CC3c2c2oc(=O)c3C(O)CCc3c12, COc1cc2OC3OC=CC3c2c2oc(=O)c3C(O)CCc3c12
COP(=S)(Oc1ccc(cc1)N(O)=O)OC, COP(=S)(Oc1ccc(cc1)N(O)=O)OC
C1OC1C1CO1, C1OC1C1CO1
COc1c2occc2cc2ccc(=O)oc21, COc1c2occc2cc2ccc(=O)oc21
CC(O)=O, CC(O)=O
NN, NN
OC(O)C(Cl)(Cl)Cl, OC(O)C(Cl)(Cl)Cl
CC(C)(O)C(O)(C(C)OC)C(=O)OCC1=CCN2CCC(OC(=O)C(C)=CC)C21, CC(C)(O)C(O)(C(C)OC)C(=O)OCC1=CCN2CCC(OC(=O)C(C)=CC)C21
CC1Cc2c(C(=O)O1)c(O)c(cc2Cl)C(=O)NC(Cc1ccccc1)C(O)=O, CC1Cc2c(C(=O)O1)c(O)c(cc2Cl)C(=O)NC(Cc1ccccc1)C(O)=O
C=CC(=O)c1cc2OCOc2cc1, C=CC(=O)c1cc2OCOc2cc1
OC(=O)CCCc1ccc(cc1)N(CCCl)CCCl, OC(=O)CCCc1ccc(cc1)N(CCCl)CCCl
CNNC, CNNC
ClC1(Cl)C2(Cl)C3C4CC(C=C4)C3C1(Cl)C(Cl)=C2Cl, ClC1(Cl)C2(Cl)C3C4CC(C=C4)C3C1(Cl)C(Cl)=C2Cl
CC1C(=O)OC2CCN3CC=C(COC(=O)C(C)(O)C1(C)O)C32, CC1C(=O)OC2CCN3CC=C(COC(=O)C(C)(O)C1(C)O)C32
CCC1CN2CCc3cc(OC)c(cc3C2CC1CC1NCCc2cc(OC)c(cc21)OC)OC, CCC1CN2CCc3cc(OC)c(cc3C2CC1CC1NCCc2cc(OC)c(cc21)OC)OC
Cc1cc(Cl)ccc1N, Cc1cc(Cl)ccc1N
ClC1C(Cl)C(Cl)C(Cl)C(Cl)C1Cl, ClC1C(Cl)C(Cl)C(Cl)C(Cl)C1Cl
Nc1[n]c(=O)[n](c[n]1)C1OC(CO)C(O)C1O, Nc1[n]c(=O)[n](c[n]1)C1OC(CO)C(O)C1O
OCC(CBr)(CBr)CO, OCC(CBr)(CBr)CO
OC(=O)C=Cc1cc(O)c(O)cc1, OC(=O)C=Cc1cc(O)c(O)cc1
ON(=O)c1cc(ccc1NCCO)N(CCO)CCO, ON(=O)c1cc(ccc1NCCO)N(CCO)CCO
Cc1cc([n]c([n]1)C(C)C)OP(=S)(OCC)OCC, Cc1cc([n]c([n]1)C(C)C)OP(=S)(OCC)OCC
ON(=O)c1ccc([s]1)C1NC(=O)c2ccccc2N1, ON(=O)c1ccc([s]1)C1NC(=O)c2ccccc2N1
OCCNc1[n]c([n]c2ccccc21)-c1ccc([s]1)N(O)=O, OCCNc1[n]c([n]c2ccccc21)-c1ccc([s]1)N(O)=O
Clc1cc2Oc3ccc(Cl)cc3Oc2cc1, Clc1cc2Oc3ccc(Cl)cc3Oc2cc1
CN(C#N)N=O, CN(C#N)N=O
CC(=O)OC(C=C)c1ccc2OCOc2c1, CC(=O)OC(C=C)c1ccc2OCOc2c1
COc1cc(ccc1N)N=Nc1ccccc1, COc1cc(ccc1N)N=Nc1ccccc1
CC(C)CCCC(C)C1CCC2C3CC=C4CC(CCC4(C)C3CCC21C)OC(=O)Cc1ccc(cc1)N(CCCl)CCCl, CC(C)CCCC(C)C1CCC2C3CC=C4CC(CCC4(C)C3CCC21C)OC(=O)Cc1ccc(cc1)N(CCCl)CCCl
Cc1cc(C)c(C)cc1N=Nc1c2ccc(cc2cc(c1O)S(O)(=O)=O)S(O)(=O)=O, Cc1cc(C)c(C)cc1N=Nc1c2ccc(cc2cc(c1O)S(O)(=O)=O)S(O)(=O)=O
Oc1c2ccccc2c(cc1N=Nc1ccc(c2ccccc12)S(=O)(=O)O[Na])S(=O)(=O)O[Na], Oc1c2ccccc2c(cc1N=Nc1ccc(c2ccccc12)S(=O)(=O)O[Na])S(=O)(=O)O[Na]
ON(=O)c1ccc(o1)-c1c[s]c(NNC=O)[n]1, ON(=O)c1ccc(o1)-c1c[s]c(NNC=O)[n]1
CC(=O)NCc1[n]c([n]o1)-c1ccc(o1)N(O)=O, CC(=O)NCc1[n]c([n]o1)-c1ccc(o1)N(O)=O
CNNCc1ccc(cc1)C(=O)NC(C)C, CNNCc1ccc(cc1)C(=O)NC(C)C
NC(=O)C(=Cc1ccc(o1)N(O)=O)c1ccco1, NC(=O)C(=Cc1ccc(o1)N(O)=O)c1ccco1
Cc1cc(C)c(cc1)N=Nc1c2ccc(cc2cc(c1O)S(O)(=O)=O)S(O)(=O)=O, Cc1cc(C)c(cc1)N=Nc1c2ccc(cc2cc(c1O)S(O)(=O)=O)S(O)(=O)=O
CC(C)(Oc1ccc(cc1)C1CCCc2ccccc21)C(O)=O, CC(C)(Oc1ccc(cc1)C1CCCc2ccccc21)C(O)=O
O=P1(NCCCl)OCCCN1CCCl, O=P1(NCCCl)OCCCN1CCCl
CCCCN(CCCCO)N=O, CCCCN(CCCCO)N=O
CCN(C#N)N=O, CCN(C#N)N=O
Nc1[n]c(c[s]1)-c1ccc(o1)N(O)=O, Nc1[n]c(c[s]1)-c1ccc(o1)N(O)=O
CN(N=O)C(=O)Oc1ccccc1OC(C)C, CN(N=O)C(=O)Oc1ccccc1OC(C)C
Cc1ccc2c([n]1)[n](CC)cc(C(O)=O)c2=O, Cc1ccc2c([n]1)[n](CC)cc(C(O)=O)c2=O
COc1ccc(cc1N)NOS(O)(=O)=O, COc1ccc(cc1N)NOS(O)(=O)=O
Nc1[n]c(N)[n]c2[n]c(N)c([n]c12)-c1ccccc1, Nc1[n]c(N)[n]c2[n]c(N)c([n]c12)-c1ccccc1
O=NN1CCCCCCCCCCCC1, O=NN1CCCCCCCCCCCC1
CC(N)(Cc1cc(O)c(O)cc1)C(O)=O, CC(N)(Cc1cc(O)c(O)cc1)C(O)=O
ON(=O)c1ccc(o1)-c1c[s]c(NC(=O)C(F)(F)F)[n]1, ON(=O)c1ccc(o1)-c1c[s]c(NC(=O)C(F)(F)F)[n]1
O=C1NC(=O)CN1N=O, O=C1NC(=O)CN1N=O
CC(CCC(O)=O)C1CCC2C3CCC4CC(O)CCC4(C)C3CCC21C, CC(CCC(O)=O)C1CCC2C3CCC4CC(O)CCC4(C)C3CCC21C
CN(C)N=Nc1[n]c[nH]c1C(N)=O, CN(C)N=Nc1[n]c[nH]c1C(N)=O
CN1C(=O)CN=C(c2cc(Cl)ccc12)c1ccccc1, CN1C(=O)CN=C(c2cc(Cl)ccc12)c1ccccc1
Cc1[n]cc(N(O)=O)[n]1CCO, Cc1[n]cc(N(O)=O)[n]1CCO
C[n]1c[n]c(c1Sc1[n]c[n]c2[nH]c[n]c12)N(O)=O, C[n]1c[n]c(c1Sc1[n]c[n]c2[nH]c[n]c12)N(O)=O
Cc1cc(c(N=Nc2cc(c3ccccc3c2O)S(O)(=O)=O)c(C)c1)S(O)(=O)=O, Cc1cc(c(N=Nc2cc(c3ccccc3c2O)S(O)(=O)=O)c(C)c1)S(O)(=O)=O
CC1(C)OC2(C)CCC1CC2, CC1(C)OC2(C)CCC1CC2
OC(CBr)C(O)C(O)C(O)CBr, OC(CBr)C(O)C(O)C(O)CBr
C=O, C=O
CCC1(c2ccccc2)C(=O)NC(=O)NC1=O, CCC1(c2ccccc2)C(=O)NC(=O)NC1=O
CC1C(=O)C2=C(C(COC(N)=O)C3(OC)C4NC4CN32)C(=O)C=1N, CC1C(=O)C2=C(C(COC(N)=O)C3(OC)C4NC4CN32)C(=O)C=1N
O=P1(NCCCO1)N(CCCl)CCCl, O=P1(NCCCO1)N(CCCl)CCCl
CC12C=CC(=O)C=C1CCC1C2C(O)CC2(C)C1CCC2(O)C(=O)CO, CC12C=CC(=O)C=C1CCC1C2C(O)CC2(C)C1CCC2(O)C(=O)CO
CC12CCC3C(CCc4cc(O)ccc43)C1CCC2O, CC12CCC3C(CCc4cc(O)ccc43)C1CCC2O
ClC(Cl)(Cl)C(c1ccc(Cl)cc1)c1ccc(Cl)cc1, ClC(Cl)(Cl)C(c1ccc(Cl)cc1)c1ccc(Cl)cc1
c1c2ccccc2c2ccc3cccc4ccc1c2c34, c1c2ccccc2c2ccc3cccc4ccc1c2c34
CCCCC1C(=O)N(c2ccccc2)N(c2ccccc2)C1=O, CCCCC1C(=O)N(c2ccccc2)N(c2ccccc2)C1=O
Sc1[n]c[n]c2[nH]c[n]c21, Sc1[n]c[n]c2[nH]c[n]c21
COC(=O)C1C(OC)C(CC2CN3CCc4c([nH]c5cc(ccc45)OC)C3CC21)OC(=O)c1cc(OC)c(OC)c(c1)OC, COC(=O)C1C(OC)C(CC2CN3CCc4c([nH]c5cc(ccc45)OC)C3CC21)OC(=O)c1cc(OC)c(OC)c(c1)OC
Cc1ccc(c2[n]c3c(c(N)c(=O)c(C)c3oc12)C(=O)NC1C(C)OC(=O)C(C(C)C)N(C)C(=O)CN(C)C(=O)C2CCCN2C(=O)C(NC1=O)C(C)C)C(=O)NC1C(C)OC(=O)C(C(C)C)N(C)C(=O)CN(C)C(=O)C2CCCN2C(=O)C(NC1=O)C(C)C, Cc1ccc(c2[n]c3c(c(N)c(=O)c(C)c3oc12)C(=O)NC1C(C)OC(=O)C(C(C)C)N(C)C(=O)CN(C)C(=O)C2CCCN2C(=O)C(NC1=O)C(C)C)C(=O)NC1C(C)OC(=O)C(C(C)C)N(C)C(=O)CN(C)C(=O)C2CCCN2C(=O)C(NC1=O)C(C)C
CC(=O)Oc1ccccc1C(O)=O, CC(=O)Oc1ccccc1C(O)=O
OC(CO)C1OC(=O)C(O)=C1O, OC(CO)C1OC(=O)C(O)=C1O
OCCN1CCN(N=Cc2ccc(o2)N(O)=O)C1=O, OCCN1CCN(N=Cc2ccc(o2)N(O)=O)C1=O
OC(=O)CCN(O)=O, OC(=O)CCN(O)=O
ON(=O)C(N(O)=O)(N(O)=O)N(O)=O, ON(=O)C(N(O)=O)(N(O)=O)N(O)=O
CC(C)NCC(O)c1ccc2ccccc2c1, CC(C)NCC(O)c1ccc2ccccc2c1
CCCc1cc2OCOc2cc1COCCOCCOCCCC, CCCc1cc2OCOc2cc1COCCOCCOCCCC
Oc1[n]cc(F)c(O)[n]1, Oc1[n]cc(F)c(O)[n]1
Oc1ccc(cc1N(O)=O)N(O)=O, Oc1ccc(cc1N(O)=O)N(O)=O
CN(CCCl)CCCl, CN(CCCl)CCCl
CCOC(N)=O, CCOC(N)=O
CCOC(=O)C(O)(c1ccc(Cl)cc1)c1ccc(Cl)cc1, CCOC(=O)C(O)(c1ccc(Cl)cc1)c1ccc(Cl)cc1
COP(=O)(OC)OC, COP(=O)(OC)OC
CC(C)=CCl, CC(C)=CCl
Nc1cc(N)c(Cl)cc1, Nc1cc(N)c(Cl)cc1
CC(=O)Nc1[n]c([n]c(NC(C)=O)[n]1)-c1ccc(o1)N(O)=O, CC(=O)Nc1[n]c([n]c(NC(C)=O)[n]1)-c1ccc(o1)N(O)=O
CCN(Cc1cc(ccc1)S(O)(=O)=O)c1ccc(cc1)C(c1ccc(cc1)S(O)(=O)=O)=C1C=CC(C=C1)=N(Cc1cc(ccc1)S(O)(=O)=O)CC, CCN(Cc1cc(ccc1)S(O)(=O)=O)c1ccc(cc1)C(c1ccc(cc1)S(O)(=O)=O)=C1C=CC(C=C1)=N(Cc1cc(ccc1)S(O)(=O)=O)CC
COc1ccc(cc1)C(O)C=C, COc1ccc(cc1)C(O)C=C
Oc1cc2C3c4ccc(O)c(O)c4OCC3(O)Cc2cc1O, Oc1cc2C3c4ccc(O)c(O)c4OCC3(O)Cc2cc1O
CC1C(=O)C(=C(O)C2=COC(C)C(C)C=12)C(O)=O, CC1C(=O)C(=C(O)C2=COC(C)C(C)C=12)C(O)=O
S=P(N1CC1)(N1CC1)N1CC1, S=P(N1CC1)(N1CC1)N1CC1
Oc1cc(O)cc2oc(-c3ccc(O)cc3)c(O)c(=O)c12, Oc1cc(O)cc2oc(-c3ccc(O)cc3)c(O)c(=O)c12
C=CC(O)c1cc2OCOc2cc1, C=CC(O)c1cc2OCOc2cc1
CC12CC(=O)C3C(CCC4=CC(=O)C=CC43C)C1CCC2(O)C(=O)CO, CC12CC(=O)C3C(CCC4=CC(=O)C=CC43C)C1CCC2(O)C(=O)CO
ClC(Cl)C(c1ccccc1Cl)c1ccc(Cl)cc1, ClC(Cl)C(c1ccccc1Cl)c1ccc(Cl)cc1
c1c2c3ccccc3ccc2cc2c3ccccc3ccc21, c1c2c3ccccc3ccc2cc2c3ccccc3ccc21
CC(=O)N(O)c1cc2Cc3ccccc3-c2cc1, CC(=O)N(O)c1cc2Cc3ccccc3-c2cc1
CC(=O)Nc1cc2Cc3ccccc3-c2cc1, CC(=O)Nc1cc2Cc3ccccc3-c2cc1
Nc1cc(c(N)cc1)N(O)=O, Nc1cc(c(N)cc1)N(O)=O
CC(=O)Nc1[n]c(c[s]1)-c1ccc(o1)N(O)=O, CC(=O)Nc1[n]c(c[s]1)-c1ccc(o1)N(O)=O
Nc1ccc(cc1)-c1ccc(N)cc1, Nc1ccc(cc1)-c1ccc(N)cc1
O=C(CCl)c1ccccc1, O=C(CCl)c1ccccc1
CCc1cc(cc[n]1)C(N)=S, CCc1cc(cc[n]1)C(N)=S
ON(=O)c1ccc(o1)-c1c[s]c[n]1, ON(=O)c1ccc(o1)-c1c[s]c[n]1
CN1CCCC1c1c[n]ccc1, CN1CCCC1c1c[n]ccc1
NS(=O)(=O)c1cc(C(O)=O)c(cc1Cl)NCc1ccco1, NS(=O)(=O)c1cc(C(O)=O)c(cc1Cl)NCc1ccco1
CC(C)NCC(O)c1ccc2ccccc2c1, CC(C)NCC(O)c1ccc2ccccc2c1
NNC(=O)c1cc[n]cc1, NNC(=O)c1cc[n]cc1
Cc1ccc(N)cc1, Cc1ccc(N)cc1
OCCBr, OCCBr
Nc1cc(N)ccc1, Nc1cc(N)ccc1
COc1cc(ccc1N)OC, COc1cc(ccc1N)OC
ClC=CCCl, ClC=CCCl
CC(C)CN(N=O)C(=N)NN(O)O, CC(C)CN(N=O)C(=N)NN(O)O
OCC(O)C(O)C(O)C(C=O)NC(=O)N(CCCl)N=O, OCC(O)C(O)C(O)C(C=O)NC(=O)N(CCCl)N=O
CN(C)=C1C=CC(C=C1)=C(c1ccc(cc1)N(C)C)c1ccc(cc1)N(C)C, CN(C)=C1C=CC(C=C1)=C(c1ccc(cc1)N(C)C)c1ccc(cc1)N(C)C
CCN(CC)N=O, CCN(CC)N=O
Cc1cc(ccc1SC)OP(=S)(OC)OC, Cc1cc(ccc1SC)OP(=S)(OC)OC
Cc1cc(ccc1)N=Nc1ccc(cc1)N(C)C, Cc1cc(ccc1)N=Nc1ccc(cc1)N(C)C
CS(=O)(=O)OCCCCOS(C)(=O)=O, CS(=O)(=O)OCCCCOS(C)(=O)=O
CCCCCCCCCCCCN(C)N=O, CCCCCCCCCCCCN(C)N=O
Cc1[n]cc(N(O)=O)[n]1C, Cc1[n]cc(N(O)=O)[n]1C
O=C(C1CCCCC1)N1CC2c3ccccc3CCN2C(=O)C1, O=C(C1CCCCC1)N1CC2c3ccccc3CCN2C(=O)C1
O=NN1CC=CCC1, O=NN1CC=CCC1
O=NN1CCCN(CC1)N=O, O=NN1CCCN(CC1)N=O
COC(=O)C1CN(CCC=1)N=O, COC(=O)C1CN(CCC=1)N=O
OCC1CO1, OCC1CO1
CN(C)CN=c1[nH][n]c(C=Cc2ccc(o2)N(O)=O)o1, CN(C)CN=c1[nH][n]c(C=Cc2ccc(o2)N(O)=O)o1
Cc1cc(O)[n]c(S)[n]1, Cc1cc(O)[n]c(S)[n]1
ClC(Cl)(Cl)Cl, ClC(Cl)(Cl)Cl
CCCC[Sn](CCCC)(CCCC)O[Sn](CCCC)(CCCC)CCCC, CCCC[Sn](CCCC)(CCCC)O[Sn](CCCC)(CCCC)CCCC
CCOP(=S)(Oc1ccc(cc1)N(O)=O)OCC, CCOP(=S)(Oc1ccc(cc1)N(O)=O)OCC
Cc1ccc2cc3c(ccc4ccccc43)c3CCc1c32, Cc1ccc2cc3c(ccc4ccccc43)c3CCc1c32
CCC(c1ccc(O)cc1)=C(CC)c1ccc(O)cc1, CCC(c1ccc(O)cc1)=C(CC)c1ccc(O)cc1
Cc1c(Cl)c(=O)oc2cc(ccc12)OP(=S)(OCC)OCC, Cc1c(Cl)c(=O)oc2cc(ccc12)OP(=S)(OCC)OCC
OC(C(CO)NC(=O)C(Cl)Cl)c1ccc(cc1)N(O)=O, OC(C(CO)NC(=O)C(Cl)Cl)c1ccc(cc1)N(O)=O
NC(CCC(O)=O)C(O)=O, NC(CCC(O)=O)C(O)=O
OC1CN(CC1)N=O, OC1CN(CC1)N=O
NNC(N)=O, NNC(N)=O
CC(=C)CCl, CC(=C)CCl
O=NN1CCNCC1, O=NN1CCNCC1
COc1ccc(cc1)C(Cl)=C(c1ccc(cc1)OC)c1ccc(cc1)OC, COc1ccc(cc1)C(Cl)=C(c1ccc(cc1)OC)c1ccc(cc1)OC
Nc1ccc(cc1)C(c1ccc(N)cc1)=C1C=CC(=N)C=C1, Nc1ccc(cc1)C(c1ccc(N)cc1)=C1C=CC(=N)C=C1
C=CCN=C=S, C=CCN=C=S
NC(N)=O, NC(N)=O
CN(C)N, CN(C)N
CCC1(c2ccccc2)C(=O)NC(O)=NC1=O, CCC1(c2ccccc2)C(=O)NC(O)=NC1=O
O=C1NC(=O)C(N1)(c1ccccc1)c1ccccc1, O=C1NC(=O)C(N1)(c1ccccc1)c1ccccc1
OC1C(OC(CO)C(O)C1O)OC1(CO)OC(CO)C(O)C1O, OC1C(OC(CO)C(O)C1O)OC1(CO)OC(CO)C(O)C1O
CC(O)CO, CC(O)CO
O=C1CCO1, O=C1CCO1
CCCN(CCC)S(=O)(=O)c1ccc(cc1)C(O)=O, CCCN(CCC)S(=O)(=O)c1ccc(cc1)C(O)=O
Cc1cc(C)[n]c(NS(=O)(=O)c2ccc(N)cc2)[n]1, Cc1cc(C)[n]c(NS(=O)(=O)c2ccc(N)cc2)[n]1
ClC1(Cl)C2(Cl)C3CC(Cl)C(Cl)C3C1(Cl)C(Cl)=C2Cl, ClC1(Cl)C2(Cl)C3CC(Cl)C(Cl)C3C1(Cl)C(Cl)=C2Cl
Cc1c2ccc3ccccc3c2c(C)c2ccccc12, Cc1c2ccc3ccccc3c2c(C)c2ccccc12
C[n]1c(=O)c2c([n]c[n]2C)[n](C)c1=O, C[n]1c(=O)c2c([n]c[n]2C)[n](C)c1=O
CCc1[n]c(N)[n]c(N)c1-c1ccc(Cl)cc1, CCc1[n]c(N)[n]c(N)c1-c1ccc(Cl)cc1
CN(C)C(C)CN1c2ccccc2Sc2ccccc12, CN(C)C(C)CN1c2ccccc2Sc2ccccc12
ClC1C(Cl)C(Cl)C(Cl)C(Cl)C1Cl, ClC1C(Cl)C(Cl)C(Cl)C(Cl)C1Cl
NS(=O)(=O)c1cc2c(cc1Cl)NCNS2(=O)=O, NS(=O)(=O)c1cc2c(cc1Cl)NCNS2(=O)=O
CC(C)CCCC(C)CCCC(C)CCCC1(C)CCc2c(O1)c(C)c(C)c(OC(C)=O)c2C, CC(C)CCCC(C)CCCC(C)CCCC1(C)CCc2c(O1)c(C)c(C)c(OC(C)=O)c2C
OCCN(CCO)c1[n]c([n]c2ccccc21)-c1ccc[s]1, OCCN(CCO)c1[n]c([n]c2ccccc21)-c1ccc[s]1
ON(=O)c1ccc([s]1)-c1[n]c2ccccc2c([n]1)N1CCOCC1, ON(=O)c1ccc([s]1)-c1[n]c2ccccc2c([n]1)N1CCOCC1
CN(Cc1c[n]c2[n]c(N)[n]c(N)c2[n]1)c1ccc(cc1)C(=O)NC(CCC(O)=O)C(O)=O, CN(Cc1c[n]c2[n]c(N)[n]c(N)c2[n]1)c1ccc(cc1)C(=O)NC(CCC(O)=O)C(O)=O
CSCCC(N)C(O)=O, CSCCC(N)C(O)=O
OC(=O)c1ccc[n]c1, OC(=O)c1ccc[n]c1
NC(=O)NN=Cc1ccc(o1)N(O)=O, NC(=O)NN=Cc1ccc(o1)N(O)=O
NNc1ccccc1, NNc1ccccc1
O=NN1CCOCC1, O=NN1CCOCC1
COP(=O)(OC)N1CCOCC1, COP(=O)(OC)N1CCOCC1
COC(N)=O, COC(N)=O
Oc1cc(ccc1N(CCO)CCO)N(O)=O, Oc1cc(ccc1N(CCO)CCO)N(O)=O
CC1CCC(CC=1)C(C)=C, CC1CCC(CC=1)C(C)=C
CN(C)c1ccc(cc1)N=Nc1ccccc1, CN(C)c1ccc(cc1)N=Nc1ccccc1
CC(Cc1ccccc1)NOS(=O)(=O)ONC(C)Cc1ccccc1, CC(Cc1ccccc1)NOS(=O)(=O)ONC(C)Cc1ccccc1
CNN, CNN
CC(N)=O, CC(N)=O
CNC(=O)CSP(=S)(OC)OC, CNC(=O)CSP(=S)(OC)OC
C[n]1cc[nH]c1=S, C[n]1cc[nH]c1=S
ClC1(Cl)C2(Cl)C3C4CC(C5OC54)C3C1(Cl)C(Cl)=C2Cl, ClC1(Cl)C2(Cl)C3C4CC(C5OC54)C3C1(Cl)C(Cl)=C2Cl
C[n]1c(C)cc(=O)[n]1-c1ccccc1, C[n]1c(C)cc(=O)[n]1-c1ccccc1
ON(=O)c1ccc2CCc3cccc1c32, ON(=O)c1ccc2CCc3cccc1c32
NC(=O)N(CC(O)=O)N=O, NC(=O)N(CC(O)=O)N=O
ON(=O)c1cccc2ccc[n]c21, ON(=O)c1cccc2ccc[n]c21
Nc1cc(Cl)c(N)c(Cl)c1, Nc1cc(Cl)c(N)c(Cl)c1
CNCC(O)c1cc(O)ccc1, CNCC(O)c1cc(O)ccc1
N=c1[nH][nH]c[n]1, N=c1[nH][nH]c[n]1
CC1CN(CC(C)N1C(=O)c1ccccc1)N=O, CC1CN(CC(C)N1C(=O)c1ccccc1)N=O
CC[n]1c2ccc(N)cc2c2ccccc12, CC[n]1c2ccc(N)cc2c2ccccc12
Cc1cccc2ccc[n]c21, Cc1cccc2ccc[n]c21
Cc1cc(ccc1N)-c1cc(C)c(N)cc1, Cc1cc(ccc1N)-c1cc(C)c(N)cc1
ON(=O)c1cc2ccc[n]c2cc1, ON(=O)c1cc2ccc[n]c2cc1
CCN(N=O)C(=O)OCC, CCN(N=O)C(=O)OCC
Nc1ccc(cc1Cl)NOS(O)(=O)=O, Nc1ccc(cc1Cl)NOS(O)(=O)=O
Nc1cc(ccc1C(O)=O)N(O)=O, Nc1cc(ccc1C(O)=O)N(O)=O
OC(=O)c1ccc(cc1)N(O)=O, OC(=O)c1ccc(cc1)N(O)=O
NCCc1cc(O)c(O)cc1, NCCc1cc(O)c(O)cc1
CC(=O)O[Hg]c1ccccc1, CC(=O)O[Hg]c1ccccc1
CC(=O)Nc1ccc(cc1)OCC, CC(=O)Nc1ccc(cc1)OCC
Nc1ccccc1, Nc1ccccc1
CC(N)=S, CC(N)=S
NC(N)=S, NC(N)=S
COP(=O)(OC=C(Cl)Cl)OC, COP(=O)(OC=C(Cl)Cl)OC
CN(C)N=O, CN(C)N=O
CCCN(CCC)N=O, CCCN(CCC)N=O
Cc1ccc(cc1)NC(N)=O, Cc1ccc(cc1)NC(N)=O
Nc1ccc(N)cc1, Nc1ccc(N)cc1
CC1CN(N=O)C(=O)NC1=O, CC1CN(N=O)C(=O)NC1=O
CCCCCC(N)=O, CCCCCC(N)=O
NC(=O)CCCCC(N)=O, NC(=O)CCCCC(N)=O
CNC(=O)Oc1cccc2ccccc21, CNC(=O)Oc1cccc2ccccc21
CC(COc1ccccc1)N(CCCl)Cc1ccccc1, CC(COc1ccccc1)N(CCCl)Cc1ccccc1
ClCC(Cl)(Cl)Cl, ClCC(Cl)(Cl)Cl
Cc1cc(ccc1N)C(c1ccc(N)cc1)=C1C=CC(=N)C=C1, Cc1cc(ccc1N)C(c1ccc(N)cc1)=C1C=CC(=N)C=C1
Nc1c(Cl)cc(Cl)cc1Cl, Nc1c(Cl)cc(Cl)cc1Cl
CN(N=O)C(=O)c1ccccc1, CN(N=O)C(=O)c1ccccc1
CC(=O)C(N=Nc1ccc(cc1Cl)-c1cc(Cl)c(cc1)N=NC(C(=O)Nc1ccccc1)C(C)=O)C(=O)Nc1ccccc1, CC(=O)C(N=Nc1ccc(cc1Cl)-c1cc(Cl)c(cc1)N=NC(C(=O)Nc1ccccc1)C(C)=O)C(=O)Nc1ccccc1
Cc1ccccc1N, Cc1ccccc1N
Cc1ccc(N)cc1N, Cc1ccc(N)cc1N
Cc1cc(ccc1N)NOS(O)(=O)=O, Cc1cc(ccc1N)NOS(O)(=O)=O
ON(=O)c1cc(ccc1Nc1cc(c(cc1)Nc1ccccc1)S(=O)(=O)O[Na])N(O)=O, ON(=O)c1cc(ccc1Nc1cc(c(cc1)Nc1ccccc1)S(=O)(=O)O[Na])N(O)=O
Cc1cc(N)ccc1, Cc1cc(N)ccc1
CCO, CCO
CC1(O)C2CC3C(C(O)=C(C(N)=O)C(=O)C3(O)C(O)=C2C(=O)c2c1cccc2O)N(C)C, CC1(O)C2CC3C(C(O)=C(C(N)=O)C(=O)C3(O)C(O)=C2C(=O)c2c1cccc2O)N(C)C
Cc1ccc(cc1)S(=O)(=O)NC(=O)NCCCC, Cc1ccc(cc1)S(=O)(=O)NC(=O)NCCCC
Nc1ccc(Cc2cc(Cl)c(N)cc2)cc1Cl, Nc1ccc(Cc2cc(Cl)c(N)cc2)cc1Cl
Cc1ccc(cc1)S(=O)(=O)Oc1ccc(cc1)N=Nc1ccc(cc1C)-c1cc(C)c(cc1)N=Nc1c(O)ccc2cc(cc(c21)S(=O)(=O)O[Na])S(=O)(=O)O[Na], Cc1ccc(cc1)S(=O)(=O)Oc1ccc(cc1)N=Nc1ccc(cc1C)-c1cc(C)c(cc1)N=Nc1c(O)ccc2cc(cc(c21)S(=O)(=O)O[Na])S(=O)(=O)O[Na]
COc1ccc(cc1N=Nc1c2ccccc2cc(C(=O)Nc2cccc(c2)N(O)=O)c1O)N(O)=O, COc1ccc(cc1N=Nc1c2ccccc2cc(C(=O)Nc2cccc(c2)N(O)=O)c1O)N(O)=O
Oc1cc[n]c(O)[n]1, Oc1cc[n]c(O)[n]1
COS(C)(=O)=O, COS(C)(=O)=O
ON(=O)c1ccc(C=NN2CC(=O)NC2=O)o1, ON(=O)c1ccc(C=NN2CC(=O)NC2=O)o1
CCSCCC(N)C(O)=O, CCSCCC(N)C(O)=O
CN(C)(C)CCO, CN(C)(C)CCO
ClC(Cl)Cl, ClC(Cl)Cl
ClC(Cl)(Cl)C(Cl)(Cl)Cl, ClC(Cl)(Cl)C(Cl)(Cl)Cl
CNNCc1ccc(cc1)C(=O)NC(C)C, CNNCc1ccc(cc1)C(=O)NC(C)C
Nc1ccc2[n]c3cccc[n]3c2[n]1, Nc1ccc2[n]c3cccc[n]3c2[n]1
Cc1ccc[n]2c3[n]c(N)ccc3[n]c21, Cc1ccc[n]2c3[n]c(N)ccc3[n]c21
CC12CCC3C(CCC4CC(=O)CCC=43)C1CCC2(O)C#C, CC12CCC3C(CCC4CC(=O)CCC=43)C1CCC2(O)C#C
Cc1cc2c([nH]c3ccccc23)[n]c1N, Cc1cc2c([nH]c3ccccc23)[n]c1N
CN(N=O)C(N)=O, CN(N=O)C(N)=O
OC(CO)C(O)C(O)C(O)CO, OC(CO)C(O)C(O)C(O)CO
ClCc1cccc[n]1, ClCc1cccc[n]1
ClCc1c[n]ccc1, ClCc1c[n]ccc1
CN(N=O)c1c[n]ccc1, CN(N=O)c1c[n]ccc1
CN(N=O)C(=N)NN(O)O, CN(N=O)C(=N)NN(O)O
Oc1c(Cc2c(Cl)c(Cl)cc(Cl)c2O)c(Cl)c(Cl)cc1Cl, Oc1c(Cc2c(Cl)c(Cl)cc(Cl)c2O)c(Cl)c(Cl)cc1Cl
c1ccccc1, c1ccccc1
CC(Cl)(Cl)Cl, CC(Cl)(Cl)Cl
CC1(C)SC2C(NC(=O)C(N)c3ccccc3)C(=O)N2C1C(O)=O, CC1(C)SC2C(NC(=O)C(N)c3ccccc3)C(=O)N2C1C(O)=O
ClC1(Cl)C2(Cl)C3C4CC(C5OC54)C3C1(Cl)C(Cl)=C2Cl, ClC1(Cl)C2(Cl)C3C4CC(C5OC54)C3C1(Cl)C(Cl)=C2Cl
CC12CCC3C(CCc4cc(ccc43)OC)C1CCC2(O)C#C, CC12CCC3C(CCc4cc(ccc43)OC)C1CCC2(O)C#C
COc1ccc(cc1)C(c1ccc(cc1)OC)C(Cl)(Cl)Cl, COc1ccc(cc1)C(c1ccc(cc1)OC)C(Cl)(Cl)Cl
ClC(Cl)C(c1ccc(Cl)cc1)c1ccc(Cl)cc1, ClC(Cl)C(c1ccc(Cl)cc1)c1ccc(Cl)cc1
ClC(Cl)(Cl)C(c1ccc(Cl)cc1)c1ccc(Cl)cc1, ClC(Cl)(Cl)C(c1ccc(Cl)cc1)c1ccc(Cl)cc1
CCc1ccc(cc1)C(C(Cl)Cl)c1ccc(CC)cc1, CCc1ccc(cc1)C(C(Cl)Cl)c1ccc(CC)cc1
Nc1[n]c([n]c(N)[n]1)-c1ccc(o1)N(O)=O, Nc1[n]c([n]c(N)[n]1)-c1ccc(o1)N(O)=O
Cc1[n]c(N)cc2[nH]c3ccccc3c21, Cc1[n]c(N)cc2[nH]c3ccccc3c21
CN(C)N=Nc1ccccc1, CN(C)N=Nc1ccccc1
NC(Cc1c[nH]c2ccccc21)C(O)=O, NC(Cc1c[nH]c2ccccc21)C(O)=O
Nc1cc(c(cc1)C=Cc1ccc(N)cc1S(=O)(=O)O[Na])S(=O)(=O)O[Na], Nc1cc(c(cc1)C=Cc1ccc(N)cc1S(=O)(=O)O[Na])S(=O)(=O)O[Na]
c1cc(ccc1Nc1ccccc1)Nc1ccccc1, c1cc(ccc1Nc1ccccc1)Nc1ccccc1
CBr, CBr
CCBr, CCBr
S=[Se], S=[Se]
Cl[K], Cl[K]
Cl[Hg]Cl, Cl[Hg]Cl
CCCl, CCCl
C=CCl, C=CCl
CC=O, CC=O
ClCCl, ClCCl
C1CO1, C1CO1
BrC(Br)Br, BrC(Br)Br
ClC(Cl)Br, ClC(Cl)Br
CC(Cl)Cl, CC(Cl)Cl
C=C(Cl)Cl, C=C(Cl)Cl
IC(I)I, IC(I)I
CC1CO1, CC1CO1
FC(Cl)(Cl)Cl, FC(Cl)(Cl)Cl
FC(F)(F)CCl, FC(F)(F)CCl
Cc1c(N)[n]c(C)c2c1[nH]c1ccccc12, Cc1c(N)[n]c(C)c2c1[nH]c1ccccc12
CP(=O)(OC)OC, CP(=O)(OC)OC
CCN(N=O)C(N)=O, CCN(N=O)C(N)=O
ClC(Cl)C(Cl)(Cl)Cl, ClC(Cl)C(Cl)(Cl)Cl
ON(=O)C(Cl)(Cl)Cl, ON(=O)C(Cl)(Cl)Cl
ClC1(Cl)C2(Cl)C3C=CC(Cl)C3C1(Cl)C(Cl)=C2Cl, ClC1(Cl)C2(Cl)C3C=CC(Cl)C3C1(Cl)C(Cl)=C2Cl
O[Sn](c1ccccc1)(c1ccccc1)c1ccccc1, O[Sn](c1ccccc1)(c1ccccc1)c1ccccc1
C[n]1c(N)[n]c2c3ccc[n]c3ccc12, C[n]1c(N)[n]c2c3ccc[n]c3ccc12
O=NO[Na], O=NO[Na]
[Na]Cl, [Na]Cl
O=CC1CO1, O=CC1CO1
F[Na], F[Na]
[Na]OCl, [Na]OCl
CC12C3C(C(O)=O)C45CC(O)(CCC4C3(C=CC1O)OC2=O)C(=C)C5, CC12C3C(C(O)=O)C45CC(O)(CCC4C3(C=CC1O)OC2=O)C(=C)C5
ClC1(Cl)C(Cl)=C(Cl)C(Cl)=C1Cl, ClC1(Cl)C(Cl)=C(Cl)C(Cl)=C1Cl
CCC(Br)(CC)C(=O)NC(N)=O, CCC(Br)(CC)C(=O)NC(N)=O
O=S1(=O)CC=CC1, O=S1(=O)CC=CC1
CC1(OC1C(=O)OCC)c1ccccc1, CC1(OC1C(=O)OCC)c1ccccc1
Cl[Fe](Cl)Cl, Cl[Fe](Cl)Cl
Cc1cc2[n]cccc2c2[n]c(N)[n](C)c12, Cc1cc2[n]cccc2c2[n]c(N)[n](C)c12
NC(=NO)c1ccc(o1)N(O)=O, NC(=NO)c1ccc(o1)N(O)=O
OO, OO
Cc1c[n]c2ccc3c([n]c(N)[n]3C)c2[n]1, Cc1c[n]c2ccc3c([n]c(N)[n]3C)c2[n]1
O=Br(=O)O[K], O=Br(=O)O[K]
Cl[Sn]Cl, Cl[Sn]Cl
ClCl, ClCl
ON(=O)OCC(CON(O)=O)(CON(O)=O)CON(O)=O, ON(=O)OCC(CON(O)=O)(CON(O)=O)CON(O)=O
CCOP(=S)(OCC)SC1OCCOC1SP(=S)(OCC)OCC, CCOP(=S)(OCC)SC1OCCOC1SP(=S)(OCC)OCC
CCCCC(COP(=O)(OCC(CCCC)CC)OCC(CCCC)CC)CC, CCCCC(COP(=O)(OCC(CCCC)CC)OCC(CCCC)CC)CC
CC1CC(C)(C)CC(=O)C=1, CC1CC(C)(C)CC(=O)C=1
CC(Cl)CCl, CC(Cl)CCl
ClCC(Cl)Cl, ClCC(Cl)Cl
ClC=C(Cl)Cl, ClC=C(Cl)Cl
C=CC(N)=O, C=CC(N)=O
OC(=O)CCl, OC(=O)CCl
ClC(Cl)C(Cl)Cl, ClC(Cl)C(Cl)Cl
CN(C)C(=O)Cl, CN(C)C(=O)Cl
CC(C)N(O)=O, CC(C)N(O)=O
CCCCCCCCCCCCCCCC(=O)OCC=C(C)C=CC=C(C)C=CC1=C(C)CCCC1(C)C, CCCCCCCCCCCCCCCC(=O)OCC=C(C)C=CC=C(C)C=CC1=C(C)CCCC1(C)C
CC(C)(c1ccc(O)cc1)c1ccc(O)cc1, CC(C)(c1ccc(O)cc1)c1ccc(O)cc1
Nc1ccc(cc1)S(=O)(=O)c1ccc(N)cc1, Nc1ccc(cc1)S(=O)(=O)c1ccc(N)cc1
CC(=C)C(=O)OC, CC(=C)C(=O)OC
COc1cc(ccc1O)C=CC(=O)CC(=O)C=Cc1cc(OC)c(O)cc1, COc1cc(ccc1O)C=CC(=O)CC(=O)C=Cc1cc(OC)c(O)cc1
O=C1NS(=O)(=O)c2ccccc12, O=C1NS(=O)(=O)c2ccccc12
CCCN(N=O)C(N)=O, CCCN(N=O)C(N)=O
Cc1ccc2c(c1N)C(=O)c1ccccc1C2=O, Cc1ccc2c(c1N)C(=O)c1ccccc1C2=O
ON(=O)c1c(Cl)c(Cl)c(Cl)c(Cl)c1Cl, ON(=O)c1c(Cl)c(Cl)c(Cl)c(Cl)c1Cl
CC1OC(CC(C)O1)OC(C)=O, CC1OC(CC(C)O1)OC(C)=O
CC(=C)C1Cc2c3OC4COc5cc(OC)c(cc5C4C(=O)c3ccc2O1)OC, CC(=C)C1Cc2c3OC4COc5cc(OC)c(cc5C4C(=O)c3ccc2O1)OC
NC(=N)NC(=N)NCCc1ccccc1, NC(=N)NC(=N)NCCc1ccccc1
Cc1cc(Cc2cc(C)c(N)cc2)ccc1N, Cc1cc(Cc2cc(C)c(N)cc2)ccc1N
O=C1c2ccccc2C(=O)c2ccccc12, O=C1c2ccccc2C(=O)c2ccccc12
Oc1ccc2ccccc2c1N=Nc1ccccc1, Oc1ccc2ccccc2c1N=Nc1ccccc1
O=C1OC(=O)c2ccccc12, O=C1OC(=O)c2ccccc12
CCCCOC(=O)c1ccccc1C(=O)OCc1ccccc1, CCCCOC(=O)c1ccccc1C(=O)OCc1ccccc1
O=NN(c1ccccc1)c1ccccc1, O=NN(c1ccccc1)c1ccccc1
COP(=S)(OC)SC[n]1[n][n]c2ccccc2c1=O, COP(=S)(OC)SC[n]1[n][n]c2ccccc2c1=O
ON(=O)c1cccc2ccccc21, ON(=O)c1cccc2ccccc21
c1cccc2[nH]c3ccccc3c21, c1cccc2[nH]c3ccccc3c21
NC(=O)Cc1cccc2ccccc21, NC(=O)Cc1cccc2ccccc21
OC(=O)Cc1cccc2ccccc21, OC(=O)Cc1cccc2ccccc21
NC(=S)Nc1cccc2ccccc21, NC(=S)Nc1cccc2ccccc21
OS(=O)(=O)c1cc2c(cc1)NC(=C1Nc3ccc(cc3C1=O)S(O)(=O)=O)C2=O, OS(=O)(=O)c1cc2c(cc1)NC(=C1Nc3ccc(cc3C1=O)S(O)(=O)=O)C2=O
COP(=O)OC, COP(=O)OC
CCCCN(N=O)C(N)=O, CCCCN(N=O)C(N)=O
Nc1ccccc1C(=O)OCC=Cc1ccccc1, Nc1ccccc1C(=O)OCC=Cc1ccccc1
OC(=O)Cc1c[nH]c2ccccc21, OC(=O)Cc1c[nH]c2ccccc21
OC(=O)C(Cl)=C(Cl)C=O, OC(=O)C(Cl)=C(Cl)C=O
ClC(Cl)=C(Cl)C(Cl)=C(Cl)Cl, ClC(Cl)=C(Cl)C(Cl)=C(Cl)Cl
Oc1c(Cl)c(Cl)c(Cl)c(Cl)c1Cl, Oc1c(Cl)c(Cl)c(Cl)c(Cl)c1Cl
CN1CCCC1=O, CN1CCCC1=O
Oc1c(Cl)cc(Cl)cc1Cl, Oc1c(Cl)cc(Cl)cc1Cl
Cc1ccccc1S(N)(=O)=O, Cc1ccccc1S(N)(=O)=O
ON(=O)c1ccccc1Cl, ON(=O)c1ccccc1Cl
CC(CC)c1cc(cc(c1O)N(O)=O)N(O)=O, CC(CC)c1cc(cc(c1O)N(O)=O)N(O)=O
NC(=O)c1ccccc1C(N)=O, NC(=O)c1ccccc1C(N)=O
CC1CC(=O)N(N=1)c1ccccc1, CC1CC(=O)N(N=1)c1ccccc1
Oc1ccccc1-c1ccccc1, Oc1ccccc1-c1ccccc1
CN(C)c1ccc(cc1)C(=O)c1ccc(cc1)N(C)C, CN(C)c1ccc(cc1)C(=O)c1ccc(cc1)N(C)C
c1cccc2ccccc21, c1cccc2ccccc21
COc1ccccc1N(O)=O, COc1ccccc1N(O)=O
CC1=CC(C)(C)Nc2ccc(cc12)OCC, CC1=CC(C)(C)Nc2ccc(cc12)OCC
Nc1cc2ccccc2cc1, Nc1cc2ccccc2cc1
Cc1cc2ccc[n]c2cc1, Cc1cc2ccc[n]c2cc1
O=c1ccc2ccccc2o1, O=c1ccc2ccccc2o1
COc1cc(ccc1N=C=O)-c1cc(OC)c(cc1)N=C=O, COc1cc(ccc1N=C=O)-c1cc(OC)c(cc1)N=C=O
Nc1ccc(cc1Cl)-c1cc(Cl)c(N)cc1, Nc1ccc(cc1Cl)-c1cc(Cl)c(N)cc1
Oc1c(N=Nc2ccc(c3ccccc23)S(O)(=O)=O)c2ccc(cc2cc1S(O)(=O)=O)S(O)(=O)=O, Oc1c(N=Nc2ccc(c3ccccc23)S(O)(=O)=O)c2ccc(cc2cc1S(O)(=O)=O)S(O)(=O)=O
c1ccccc1-c1ccccc1, c1ccccc1-c1ccccc1
CC(=O)OC(OC(C)=O)c1ccc(o1)N(O)=O, CC(=O)OC(OC(C)=O)c1ccc(o1)N(O)=O
Nc1ccc(cc1)-c1ccccc1, Nc1ccc(cc1)-c1ccccc1
c1cccc2Nc3ccccc3Sc21, c1cccc2Nc3ccccc3Sc21
Nc1ccc(cc1)-c1ccc(N)cc1, Nc1ccc(cc1)-c1ccc(N)cc1
CCCCN(CCCC)N=O, CCCCN(CCCC)N=O
C=CC(=O)NCO, C=CC(=O)NCO
c1c2ccccc2ccc1Nc1ccc(cc1)Nc1cc2ccccc2cc1, c1c2ccccc2ccc1Nc1ccc(cc1)Nc1cc2ccccc2cc1
OC(=O)COc1cc(Cl)c(Cl)cc1Cl, OC(=O)COc1cc(Cl)c(Cl)cc1Cl
O=NN1CCCC1, O=NN1CCCC1
O=NN1CCCCCC1, O=NN1CCCCCC1
CCCNC(=O)NS(=O)(=O)c1ccc(Cl)cc1, CCCNC(=O)NS(=O)(=O)c1ccc(Cl)cc1
O=C(OOC(=O)c1ccccc1)c1ccccc1, O=C(OOC(=O)c1ccccc1)c1ccccc1
ON(=O)c1cc2[nH]c[n]c2cc1, ON(=O)c1cc2[nH]c[n]c2cc1
CCCc1cc2OCOc2cc1, CCCc1cc2OCOc2cc1
C=CCc1ccc2OCOc2c1, C=CCc1ccc2OCOc2c1
OC(=O)COc1ccc(Cl)cc1Cl, OC(=O)COc1ccc(Cl)cc1Cl
CCCCOC(=O)COc1ccc(Cl)cc1Cl, CCCCOC(=O)COc1ccc(Cl)cc1Cl
CCN(CC)C(=S)SCC(=C)Cl, CCN(CC)C(=S)SCC(=C)Cl
c1cccc2[nH][n][n]c21, c1cccc2[nH][n][n]c21
Clc1ccccc1Cl, Clc1ccccc1Cl
Cc1ccc(N)cc1Cl, Cc1ccc(N)cc1Cl
Cc1ccc(Cl)cc1N, Cc1ccc(Cl)cc1N
Cc1ccc(N)cc1N, Cc1ccc(N)cc1N
Nc1cc(Cl)ccc1N, Nc1cc(Cl)ccc1N
Nc1cc2[n]c3cc(N)ccc3cc2cc1, Nc1cc2[n]c3cc(N)ccc3cc2cc1
C1OC1c1ccccc1, C1OC1c1ccccc1
ClCC(Br)CBr, ClCC(Br)CBr
ClC(CCl)CCl, ClC(CCl)CCl
OCC(O)CCl, OCC(O)CCl
S=C1NCCN1, S=C1NCCN1
O=C1CCCO1, O=C1CCCO1
CC(C)(C)c1cc(Sc2cc(c(O)cc2C)C(C)(C)C)c(C)cc1O, CC(C)(C)c1cc(Sc2cc(c(O)cc2C)C(C)(C)C)c(C)cc1O
COP(=O)(OC(=CCl)c1cc(Cl)c(Cl)cc1Cl)OC, COP(=O)(OC(=CCl)c1cc(Cl)c(Cl)cc1Cl)OC
CC(=O)c1ccc(cc1)S(=O)(=O)NC(=O)NC1CCCCC1, CC(=O)c1ccc(cc1)S(=O)(=O)NC(=O)NC1CCCCC1
Oc1c(cc(Cl)cc1Cl)Sc1cc(Cl)cc(Cl)c1O, Oc1c(cc(Cl)cc1Cl)Sc1cc(Cl)cc(Cl)c1O
COc1cc(CC=C)ccc1O, COc1cc(CC=C)ccc1O
Cc1ccccc1N=Nc1cc(C)c(N)cc1, Cc1ccccc1N=Nc1cc(C)c(N)cc1
CCN(CC)C(=S)SSC(=S)N(CC)CC, CCN(CC)C(=S)SSC(=S)N(CC)CC
O=Cc1ccco1, O=Cc1ccco1
CC(O)c1ccccc1, CC(O)c1ccccc1
NC(=O)c1c[n]cc[n]1, NC(=O)c1c[n]cc[n]1
Cc1cc2c(c3cc(C)c(cc3oc2cc1=NCC)NCC)-c1ccccc1C(=O)OCC, Cc1cc2c(c3cc(C)c(cc3oc2cc1=NCC)NCC)-c1ccccc1C(=O)OCC
Nc1c(Cl)cc(cc1Cl)N(O)=O, Nc1c(Cl)cc(cc1Cl)N(O)=O
Cc1ccc(cc1N)N(O)=O, Cc1ccc(cc1N)N(O)=O
Nc1cc(ccc1N)N(O)=O, Nc1cc(ccc1N)N(O)=O
Nc1cc(ccc1O)N(O)=O, Nc1cc(ccc1O)N(O)=O
COc1ccc(cc1N)N(O)=O, COc1ccc(cc1N)N(O)=O
CN(C)(C)CCCl, CN(C)(C)CCCl
