aniline_pol_psd.mol
Psd
Pol

  -INDIGO-01000000002D

  9  9  0  0  0  0  0  0  0  0999 V2000
   -1.8857    2.4750    0.0000 C   0  0  0  0  0  0  0  0  0  0  0  0
   -2.6002    2.0625    0.0000 C   0  0  0  0  0  0  0  0  0  0  0  0
   -2.6002    1.2375    0.0000 C   0  0  0  0  0  0  0  0  0  0  0  0
   -1.8857    0.8250    0.0000 C   0  0  0  0  0  0  0  0  0  0  0  0
   -1.1712    1.2375    0.0000 C   0  0  0  0  0  0  0  0  0  0  0  0
   -1.1712    2.0625    0.0000 C   0  0  0  0  0  0  0  0  0  0  0  0
   -3.3147    2.4750    0.0000 Psd 0  0  0  0  0  0  0  0  0  0  0  0
   -0.4568    2.4750    0.0000 Pol 0  0  0  0  0  0  0  0  0  0  0  0
   -1.8857    0.0000    0.0000 N   0  0  0  0  0  0  0  0  0  0  0  0
  1  2  1  0  0  0  0
  1  6  2  0  0  0  0
  2  3  2  0  0  0  0
  3  4  1  0  0  0  0
  4  5  2  0  0  0  0
  5  6  1  0  0  0  0
  2  7  1  0  0  0  0
  6  8  1  0  0  0  0
  4  9  1  0  0  0  0
M  END

aniline_pol_psd_alias.mol

  -INDIGO-01000000002D

  9  9  0  0  0  0  0  0  0  0999 V2000
   -2.2857    3.0000    0.0000 C   0  0  0  0  0  0  0  0  0  0  0  0
   -3.1517    2.5000    0.0000 C   0  0  0  0  0  0  0  0  0  0  0  0
   -3.1517    1.5000    0.0000 C   0  0  0  0  0  0  0  0  0  0  0  0
   -2.2857    1.0000    0.0000 C   0  0  0  0  0  0  0  0  0  0  0  0
   -1.4196    1.5000    0.0000 C   0  0  0  0  0  0  0  0  0  0  0  0
   -1.4196    2.5000    0.0000 C   0  0  0  0  0  0  0  0  0  0  0  0
   -4.0178    3.0000    0.0000 C   0  0  0  0  0  0  0  0  0  0  0  0
   -0.5537    3.0000    0.0000 C   0  0  0  0  0  0  0  0  0  0  0  0
   -2.2857    0.0000    0.0000 N   0  0  0  0  0  0  0  0  0  0  0  0
  1  2  1  0  0  0  0
  1  6  2  0  0  0  0
  2  3  2  0  0  0  0
  3  4  1  0  0  0  0
  4  5  2  0  0  0  0
  5  6  1  0  0  0  0
  2  7  1  0  0  0  0
  6  8  1  0  0  0  0
  4  9  1  0  0  0  0
A    7
Psd
A    8
Pol
M  END

