****** transform CTAB to SCSR structure ********
****** transform SCSR to Full CTAB structure ********
****** check match after direct and back transformation ******
C40 H47 N7 O6 S
C40 H47 N7 O6 S
Matched
****** transform CTAB to SCSR structure ********
****** transform SCSR to Full CTAB structure ********
****** check match after direct and back transformation ******
C37 H50 N10 O8 S2
C37 H50 N10 O8 S2
Matched
****** transform CTAB to SCSR structure ********
****** transform SCSR to Full CTAB structure ********
****** check match after direct and back transformation ******
C44 H53 N9 O7 S
C44 H53 N9 O7 S
Matched
****** transform CTAB to SCSR structure ********
****** transform SCSR to Full CTAB structure ********
****** check match after direct and back transformation ******
C56 H58 N9 Na O7 S
C56 H58 N9 Na O7 S
Matched
****** transform CTAB to SCSR structure ********
****** transform SCSR to Full CTAB structure ********
****** check match after direct and back transformation ******
C55 H77 F N12 O8 S
C55 H77 F N12 O8 S
Matched
****** transform CTAB to SCSR structure ********
****** transform SCSR to Full CTAB structure ********
****** check match after direct and back transformation ******
C52 H68 N12 O9 S
C52 H68 N12 O9 S
Matched
****** transform CTAB to SCSR structure ********
****** transform SCSR to Full CTAB structure ********
****** check match after direct and back transformation ******
C55 H64 N9 Na O9 S
C55 H64 N9 Na O9 S
Matched
****** transform CTAB to SCSR structure ********
****** transform SCSR to Full CTAB structure ********
****** check match after direct and back transformation ******
C40 H47 N6 Na O6 S
C40 H47 N6 Na O6 S
Matched
****** transform CTAB to SCSR structure ********
****** transform SCSR to Full CTAB structure ********
****** check match after direct and back transformation ******
C40 H47 N6 Na O6 S2
C40 H47 N6 Na O6 S2
Matched
****** transform CTAB to SCSR structure ********
****** transform SCSR to Full CTAB structure ********
****** check match after direct and back transformation ******
C32 H39 N7 O4 S
C32 H39 N7 O4 S
Matched
****** transform CTAB to SCSR structure ********
****** transform SCSR to Full CTAB structure ********
****** check match after direct and back transformation ******
C50 H56 N9 Na O10 S
C50 H56 N9 Na O10 S
Matched
****** transform CTAB to SCSR structure ********
****** transform SCSR to Full CTAB structure ********
****** check match after direct and back transformation ******
C40 H49 N7 O6 S
C40 H49 N7 O6 S
Matched
****** transform CTAB to SCSR structure ********
****** transform SCSR to Full CTAB structure ********
****** check match after direct and back transformation ******
C36 H39 N6 Na O6 S
C36 H39 N6 Na O6 S
Matched
****** transform CTAB to SCSR structure ********
****** transform SCSR to Full CTAB structure ********
****** check match after direct and back transformation ******
C55 H65 N8 Na O7 S
C55 H65 N8 Na O7 S
Matched
****** transform CTAB to SCSR structure ********
****** transform SCSR to Full CTAB structure ********
****** check match after direct and back transformation ******
C30 H34 N5 Na3 O10 S
C30 H34 N5 Na3 O10 S
Matched
****** transform CTAB to SCSR structure ********
****** transform SCSR to Full CTAB structure ********
****** check match after direct and back transformation ******
C41 H46 N7 Na O6 S
C41 H46 N7 Na O6 S
Matched
****** transform CTAB to SCSR structure ********
****** transform SCSR to Full CTAB structure ********
****** check match after direct and back transformation ******
C46 H59 N9 O7 S
C46 H59 N9 O7 S
Matched
****** transform CTAB to SCSR structure ********
****** transform SCSR to Full CTAB structure ********
****** check match after direct and back transformation ******
C40 H44 N7 Na O7 S
C40 H44 N7 Na O7 S
Matched
****** transform CTAB to SCSR structure ********
****** transform SCSR to Full CTAB structure ********
****** check match after direct and back transformation ******
C55 H66 N10 O8 S
C55 H66 N10 O8 S
Matched
****** transform CTAB to SCSR structure ********
****** transform SCSR to Full CTAB structure ********
****** check match after direct and back transformation ******
C34 H46 N8 O6 S
C34 H46 N8 O6 S
Matched
****** transform CTAB to SCSR structure ********
****** transform SCSR to Full CTAB structure ********
****** check match after direct and back transformation ******
C43 H51 N6 Na O6 S
C43 H51 N6 Na O6 S
Matched
****** transform CTAB to SCSR structure ********
****** transform SCSR to Full CTAB structure ********
****** check match after direct and back transformation ******
C42 H47 N6 Na O6 S
C42 H47 N6 Na O6 S
Matched
****** transform CTAB to SCSR structure ********
****** transform SCSR to Full CTAB structure ********
****** check match after direct and back transformation ******
C41 H48 N8 O5 S
C41 H48 N8 O5 S
Matched
****** transform CTAB to SCSR structure ********
****** transform SCSR to Full CTAB structure ********
****** check match after direct and back transformation ******
C40 H46 N8 O6 S
C40 H46 N8 O6 S
Matched
****** transform CTAB to SCSR structure ********
****** transform SCSR to Full CTAB structure ********
****** check match after direct and back transformation ******
C47 H55 N11 O6 S
C47 H55 N11 O6 S
Matched
****** transform CTAB to SCSR structure ********
****** transform SCSR to Full CTAB structure ********
****** check match after direct and back transformation ******
C39 H55 N9 O7 S
C39 H55 N9 O7 S
Matched
****** transform CTAB to SCSR structure ********
****** transform SCSR to Full CTAB structure ********
****** check match after direct and back transformation ******
C38 H46 N5 Na O6 S2
C38 H46 N5 Na O6 S2
Matched
****** transform CTAB to SCSR structure ********
****** transform SCSR to Full CTAB structure ********
****** check match after direct and back transformation ******
C43 H53 N7 O5 S
C43 H53 N7 O5 S
Matched
****** transform CTAB to SCSR structure ********
****** transform SCSR to Full CTAB structure ********
****** check match after direct and back transformation ******
C42 H49 N7 O5 S
C42 H49 N7 O5 S
Matched
****** transform CTAB to SCSR structure ********
****** transform SCSR to Full CTAB structure ********
****** check match after direct and back transformation ******
C47 H57 N8 Na O7 S
C47 H57 N8 Na O7 S
Matched
****** transform CTAB to SCSR structure ********
****** transform SCSR to Full CTAB structure ********
****** check match after direct and back transformation ******
C50 H62 N14 O9 S2
C50 H62 N14 O9 S2
Matched
****** transform CTAB to SCSR structure ********
****** transform SCSR to Full CTAB structure ********
****** check match after direct and back transformation ******
C54 H62 N9 Na O9 S
C54 H62 N9 Na O9 S
Matched
****** transform CTAB to SCSR structure ********
****** transform SCSR to Full CTAB structure ********
****** check match after direct and back transformation ******
C55 H60 N11 Na O9 S
C55 H60 N11 Na O9 S
Matched
****** transform CTAB to SCSR structure ********
****** transform SCSR to Full CTAB structure ********
****** check match after direct and back transformation ******
C49 H55 N9 O7 S
C49 H55 N9 O7 S
Matched
****** transform CTAB to SCSR structure ********
****** transform SCSR to Full CTAB structure ********
****** check match after direct and back transformation ******
C43 H45 N6 Na O8 S
C43 H45 N6 Na O8 S
Matched
****** transform CTAB to SCSR structure ********
****** transform SCSR to Full CTAB structure ********
****** check match after direct and back transformation ******
C33 H48 F N9 O7 S
C33 H48 F N9 O7 S
Matched
****** transform CTAB to SCSR structure ********
****** transform SCSR to Full CTAB structure ********
****** check match after direct and back transformation ******
C40 H47 N6 Na O6 S2
C40 H47 N6 Na O6 S2
Matched
****** transform CTAB to SCSR structure ********
****** transform SCSR to Full CTAB structure ********
****** check match after direct and back transformation ******
C47 H59 N8 Na O7 S
C47 H59 N8 Na O7 S
Matched
****** transform CTAB to SCSR structure ********
****** transform SCSR to Full CTAB structure ********
****** check match after direct and back transformation ******
C54 H62 N14 O9 S
C54 H62 N14 O9 S
Matched
****** transform CTAB to SCSR structure ********
****** transform SCSR to Full CTAB structure ********
****** check match after direct and back transformation ******
C54 H60 N13 Na O10 S
C54 H60 N13 Na O10 S
Matched
****** transform CTAB to SCSR structure ********
****** transform SCSR to Full CTAB structure ********
****** check match after direct and back transformation ******
C47 H59 N9 O6 S
C47 H59 N9 O6 S
Matched
****** transform CTAB to SCSR structure ********
****** transform SCSR to Full CTAB structure ********
****** check match after direct and back transformation ******
C47 H61 N9 O6 S
C47 H61 N9 O6 S
Matched
****** transform CTAB to SCSR structure ********
****** transform SCSR to Full CTAB structure ********
****** check match after direct and back transformation ******
C50 H64 N10 O6 S2
C50 H64 N10 O6 S2
Matched
****** transform CTAB to SCSR structure ********
****** transform SCSR to Full CTAB structure ********
****** check match after direct and back transformation ******
C46 H55 N8 Na O8 S
C46 H55 N8 Na O8 S
Matched
****** transform CTAB to SCSR structure ********
****** transform SCSR to Full CTAB structure ********
****** check match after direct and back transformation ******
C45 H53 N8 Na O8 S
C45 H53 N8 Na O8 S
Matched
****** transform CTAB to SCSR structure ********
****** transform SCSR to Full CTAB structure ********
****** check match after direct and back transformation ******
C55 H70 N13 Na O12 S
C55 H70 N13 Na O12 S
Matched
****** transform CTAB to SCSR structure ********
****** transform SCSR to Full CTAB structure ********
****** check match after direct and back transformation ******
C46 H59 N11 O8 S
C46 H59 N11 O8 S
Matched
****** transform CTAB to SCSR structure ********
****** transform SCSR to Full CTAB structure ********
****** check match after direct and back transformation ******
C40 H44 N7 Na O6 S
C40 H44 N7 Na O6 S
Matched
****** transform CTAB to SCSR structure ********
****** transform SCSR to Full CTAB structure ********
****** check match after direct and back transformation ******
C43 H47 N7 O7 S
C43 H47 N7 O7 S
Matched
****** transform CTAB to SCSR structure ********
****** transform SCSR to Full CTAB structure ********
****** check match after direct and back transformation ******
C45 H55 N9 O7 S
C45 H55 N9 O7 S
Matched
****** transform CTAB to SCSR structure ********
****** transform SCSR to Full CTAB structure ********
****** check match after direct and back transformation ******
C54 H64 N10 O8 S
C54 H64 N10 O8 S
Matched
****** transform CTAB to SCSR structure ********
****** transform SCSR to Full CTAB structure ********
****** check match after direct and back transformation ******
C54 H62 N9 Na O9 S
C54 H62 N9 Na O9 S
Matched
****** transform CTAB to SCSR structure ********
****** transform SCSR to Full CTAB structure ********
****** check match after direct and back transformation ******
C59 H69 N14 Na O11 S2
C59 H69 N14 Na O11 S2
Matched
****** transform CTAB to SCSR structure ********
****** transform SCSR to Full CTAB structure ********
****** check match after direct and back transformation ******
C47 H61 N11 O8 S
C47 H61 N11 O8 S
Matched
****** transform CTAB to SCSR structure ********
****** transform SCSR to Full CTAB structure ********
****** check match after direct and back transformation ******
C55 H63 F2 N12 O8 S
C55 H63 F2 N12 O8 S
Matched
****** transform CTAB to SCSR structure ********
****** transform SCSR to Full CTAB structure ********
****** check match after direct and back transformation ******
C51 H62 N9 Na O8 S
C51 H62 N9 Na O8 S
Matched
****** transform CTAB to SCSR structure ********
****** transform SCSR to Full CTAB structure ********
****** check match after direct and back transformation ******
C44 H47 N7 O7 S2
C44 H47 N7 O7 S2
Matched
****** transform CTAB to SCSR structure ********
****** transform SCSR to Full CTAB structure ********
****** check match after direct and back transformation ******
C40 H46 N8 O5 S
C40 H46 N8 O5 S
Matched
****** transform CTAB to SCSR structure ********
****** transform SCSR to Full CTAB structure ********
****** check match after direct and back transformation ******
C37 H46 N7 Na O6 S
C37 H46 N7 Na O6 S
Matched
****** transform CTAB to SCSR structure ********
****** transform SCSR to Full CTAB structure ********
****** check match after direct and back transformation ******
C52 H66 N9 Na O9 S
C52 H66 N9 Na O9 S
Matched
****** transform CTAB to SCSR structure ********
****** transform SCSR to Full CTAB structure ********
****** check match after direct and back transformation ******
C31 H39 N5 O5 S
C31 H39 N5 O5 S
Matched
****** transform CTAB to SCSR structure ********
****** transform SCSR to Full CTAB structure ********
****** check match after direct and back transformation ******
C36 H44 N7 Na O8
C36 H44 N7 Na O8
Matched
****** transform CTAB to SCSR structure ********
****** transform SCSR to Full CTAB structure ********
****** check match after direct and back transformation ******
C34 H43 N7 O7
C34 H43 N7 O7
Matched
****** transform CTAB to SCSR structure ********
****** transform SCSR to Full CTAB structure ********
****** check match after direct and back transformation ******
C44 H51 N7 O6 S
C44 H51 N7 O6 S
Matched
****** transform CTAB to SCSR structure ********
****** transform SCSR to Full CTAB structure ********
****** check match after direct and back transformation ******
C40 H42 N7 Na O6 S
C40 H42 N7 Na O6 S
Matched
****** transform CTAB to SCSR structure ********
****** transform SCSR to Full CTAB structure ********
****** check match after direct and back transformation ******
C49 H53 N8 Na O8 S
C49 H53 N8 Na O8 S
Matched
****** transform CTAB to SCSR structure ********
****** transform SCSR to Full CTAB structure ********
****** check match after direct and back transformation ******
C50 H62 N9 Na O10 S
C50 H62 N9 Na O10 S
Matched
****** transform CTAB to SCSR structure ********
****** transform SCSR to Full CTAB structure ********
****** check match after direct and back transformation ******
C46 H55 N8 Na O8 S
C46 H55 N8 Na O8 S
Matched
****** transform CTAB to SCSR structure ********
****** transform SCSR to Full CTAB structure ********
****** check match after direct and back transformation ******
C51 H62 N9 Na O9 S
C51 H62 N9 Na O9 S
Matched
****** transform CTAB to SCSR structure ********
****** transform SCSR to Full CTAB structure ********
****** check match after direct and back transformation ******
C46 H56 N10 O8 S
C46 H56 N10 O8 S
Matched
****** transform CTAB to SCSR structure ********
****** transform SCSR to Full CTAB structure ********
****** check match after direct and back transformation ******
C25 H34 N6 O6
C25 H34 N6 O6
Matched
****** transform CTAB to SCSR structure ********
****** transform SCSR to Full CTAB structure ********
****** check match after direct and back transformation ******
C36 H55 N11 O8
C36 H55 N11 O8
Matched
****** transform CTAB to SCSR structure ********
****** transform SCSR to Full CTAB structure ********
****** check match after direct and back transformation ******
C36 H56 F N11 O8
C36 H56 F N11 O8
Matched
****** transform CTAB to SCSR structure ********
****** transform SCSR to Full CTAB structure ********
****** check match after direct and back transformation ******
C46 H57 N9 O8 S
C46 H57 N9 O8 S
Matched
****** transform CTAB to SCSR structure ********
****** transform SCSR to Full CTAB structure ********
****** check match after direct and back transformation ******
C41 H42 N9 Na O6 S
C41 H42 N9 Na O6 S
Matched
****** transform CTAB to SCSR structure ********
****** transform SCSR to Full CTAB structure ********
****** check match after direct and back transformation ******
C41 H48 N7 Na O7 S
C41 H48 N7 Na O7 S
Matched
****** transform CTAB to SCSR structure ********
****** transform SCSR to Full CTAB structure ********
****** check match after direct and back transformation ******
C37 H47 N9 Na2 O12 S
C37 H47 N9 Na2 O12 S
Matched
****** transform CTAB to SCSR structure ********
****** transform SCSR to Full CTAB structure ********
****** check match after direct and back transformation ******
C40 H60 N12 O11
C40 H60 N12 O11
Matched
****** transform CTAB to SCSR structure ********
****** transform SCSR to Full CTAB structure ********
****** check match after direct and back transformation ******
C40 H46 N8 O7 S
C40 H46 N8 O7 S
Matched
****** transform CTAB to SCSR structure ********
****** transform SCSR to Full CTAB structure ********
****** check match after direct and back transformation ******
C36 H52 F N9 O7 S
C36 H52 F N9 O7 S
Matched
****** transform CTAB to SCSR structure ********
****** transform SCSR to Full CTAB structure ********
****** check match after direct and back transformation ******
C40 H44 N7 Na2 O8 S2
C40 H44 N7 Na2 O8 S2
Matched
****** transform CTAB to SCSR structure ********
****** transform SCSR to Full CTAB structure ********
****** check match after direct and back transformation ******
C40 H44 N7 Na2 O8 S2
C40 H44 N7 Na2 O8 S2
Matched
****** transform CTAB to SCSR structure ********
****** transform SCSR to Full CTAB structure ********
****** check match after direct and back transformation ******
C44 H53 N7 O7
C44 H53 N7 O7
Matched
****** transform CTAB to SCSR structure ********
****** transform SCSR to Full CTAB structure ********
****** check match after direct and back transformation ******
C44 H51 N6 Na O8
C44 H51 N6 Na O8
Matched
****** transform CTAB to SCSR structure ********
****** transform SCSR to Full CTAB structure ********
****** check match after direct and back transformation ******
C27 H35 N6 Na O7
C27 H35 N6 Na O7
Matched
****** transform CTAB to SCSR structure ********
****** transform SCSR to Full CTAB structure ********
****** check match after direct and back transformation ******
C40 H52 N8 O7 S
C40 H52 N8 O7 S
Matched
****** transform CTAB to SCSR structure ********
****** transform SCSR to Full CTAB structure ********
****** check match after direct and back transformation ******
C40 H51 N7 O7 S
C40 H51 N7 O7 S
Matched
****** transform CTAB to SCSR structure ********
****** transform SCSR to Full CTAB structure ********
****** check match after direct and back transformation ******
C40 H51 N7 O8 S
C40 H51 N7 O8 S
Matched
****** transform CTAB to SCSR structure ********
****** transform SCSR to Full CTAB structure ********
****** check match after direct and back transformation ******
C31 H48 N10 O7
C31 H48 N10 O7
Matched
****** transform CTAB to SCSR structure ********
****** transform SCSR to Full CTAB structure ********
****** check match after direct and back transformation ******
C35 H46 N7 Na O9 S
C35 H46 N7 Na O9 S
Matched
****** transform CTAB to SCSR structure ********
****** transform SCSR to Full CTAB structure ********
****** check match after direct and back transformation ******
C36 H48 N7 Na O9 S
C36 H48 N7 Na O9 S
Matched
****** transform CTAB to SCSR structure ********
****** transform SCSR to Full CTAB structure ********
****** check match after direct and back transformation ******
C37 H54 N8 O7 S
C37 H54 N8 O7 S
Matched
****** transform CTAB to SCSR structure ********
****** transform SCSR to Full CTAB structure ********
****** check match after direct and back transformation ******
C42 H52 N8 O7 S
C42 H52 N8 O7 S
Matched
****** transform CTAB to SCSR structure ********
****** transform SCSR to Full CTAB structure ********
****** check match after direct and back transformation ******
C41 H50 N8 O7 S
C41 H50 N8 O7 S
Matched
****** transform CTAB to SCSR structure ********
****** transform SCSR to Full CTAB structure ********
****** check match after direct and back transformation ******
C42 H52 N8 O7 S
C42 H52 N8 O7 S
Matched
****** transform CTAB to SCSR structure ********
****** transform SCSR to Full CTAB structure ********
****** check match after direct and back transformation ******
C41 H50 N8 O7 S
C41 H50 N8 O7 S
Matched
****** transform CTAB to SCSR structure ********
****** transform SCSR to Full CTAB structure ********
****** check match after direct and back transformation ******
C49 H53 N6 Na O8
C49 H53 N6 Na O8
Matched
****** transform CTAB to SCSR structure ********
****** transform SCSR to Full CTAB structure ********
****** check match after direct and back transformation ******
C35 H47 N7 O9 S
C35 H47 N7 O9 S
Matched
****** transform CTAB to SCSR structure ********
****** transform SCSR to Full CTAB structure ********
****** check match after direct and back transformation ******
C36 H49 N7 O9 S
C36 H49 N7 O9 S
Matched
****** transform CTAB to SCSR structure ********
****** transform SCSR to Full CTAB structure ********
****** check match after direct and back transformation ******
C35 H47 N7 O9 S
C35 H47 N7 O9 S
Matched
****** transform CTAB to SCSR structure ********
****** transform SCSR to Full CTAB structure ********
****** check match after direct and back transformation ******
C37 H49 N9 O7 S
C37 H49 N9 O7 S
Matched
****** transform CTAB to SCSR structure ********
****** transform SCSR to Full CTAB structure ********
****** check match after direct and back transformation ******
C36 H52 N8 O7 S
C36 H52 N8 O7 S
Matched
****** transform CTAB to SCSR structure ********
****** transform SCSR to Full CTAB structure ********
****** check match after direct and back transformation ******
C34 H45 N7 O9 S
C34 H45 N7 O9 S
Matched
****** transform CTAB to SCSR structure ********
****** transform SCSR to Full CTAB structure ********
****** check match after direct and back transformation ******
C35 H47 N7 O9 S
C35 H47 N7 O9 S
Matched
****** transform CTAB to SCSR structure ********
****** transform SCSR to Full CTAB structure ********
****** check match after direct and back transformation ******
C36 H47 N9 O7 S
C36 H47 N9 O7 S
Matched
****** transform CTAB to SCSR structure ********
****** transform SCSR to Full CTAB structure ********
****** check match after direct and back transformation ******
C36 H52 N8 O7 S
C36 H52 N8 O7 S
Matched
****** transform CTAB to SCSR structure ********
****** transform SCSR to Full CTAB structure ********
****** check match after direct and back transformation ******
C39 H49 N7 O8 S
C39 H49 N7 O8 S
Matched
****** transform CTAB to SCSR structure ********
****** transform SCSR to Full CTAB structure ********
****** check match after direct and back transformation ******
C40 H51 N7 O7 S
C40 H51 N7 O7 S
Matched
****** transform CTAB to SCSR structure ********
****** transform SCSR to Full CTAB structure ********
****** check match after direct and back transformation ******
C40 H51 N7 O8 S
C40 H51 N7 O8 S
Matched
****** transform CTAB to SCSR structure ********
****** transform SCSR to Full CTAB structure ********
****** check match after direct and back transformation ******
C39 H49 N7 O8 S
C39 H49 N7 O8 S
Matched
****** transform CTAB to SCSR structure ********
****** transform SCSR to Full CTAB structure ********
****** check match after direct and back transformation ******
C57 H60 N7 Na O8 S
C57 H60 N7 Na O8 S
Matched
****** transform CTAB to SCSR structure ********
****** transform SCSR to Full CTAB structure ********
****** check match after direct and back transformation ******
C34 H45 N7 O9 S
C34 H45 N7 O9 S
Matched
****** transform CTAB to SCSR structure ********
****** transform SCSR to Full CTAB structure ********
****** check match after direct and back transformation ******
C36 H47 N9 O7 S
C36 H47 N9 O7 S
Matched
****** transform CTAB to SCSR structure ********
****** transform SCSR to Full CTAB structure ********
****** check match after direct and back transformation ******
C37 H49 N9 O7 S
C37 H49 N9 O7 S
Matched
****** transform CTAB to SCSR structure ********
****** transform SCSR to Full CTAB structure ********
****** check match after direct and back transformation ******
C39 H49 N7 O7 S
C39 H49 N7 O7 S
Matched
****** transform CTAB to SCSR structure ********
****** transform SCSR to Full CTAB structure ********
****** check match after direct and back transformation ******
C39 H49 N7 O7 S
C39 H49 N7 O7 S
Matched
****** transform CTAB to SCSR structure ********
****** transform SCSR to Full CTAB structure ********
****** check match after direct and back transformation ******
C28 H37 N5 O6
C28 H37 N5 O6
Matched
****** transform CTAB to SCSR structure ********
****** transform SCSR to Full CTAB structure ********
****** check match after direct and back transformation ******
C28 H37 N5 O8
C28 H37 N5 O8
Matched
****** transform CTAB to SCSR structure ********
****** transform SCSR to Full CTAB structure ********
****** check match after direct and back transformation ******
C31 H35 N5 O7
C31 H35 N5 O7
Matched
****** transform CTAB to SCSR structure ********
****** transform SCSR to Full CTAB structure ********
****** check match after direct and back transformation ******
C45 H60 N12 O6 S
C45 H60 N12 O6 S
Matched
****** transform CTAB to SCSR structure ********
****** transform SCSR to Full CTAB structure ********
****** check match after direct and back transformation ******
C51 H66 N12 O9 S
C51 H66 N12 O9 S
Matched
****** transform CTAB to SCSR structure ********
****** transform SCSR to Full CTAB structure ********
****** check match after direct and back transformation ******
C31 H48 N10 O7
C31 H48 N10 O7
Matched
****** transform CTAB to SCSR structure ********
****** transform SCSR to Full CTAB structure ********
****** check match after direct and back transformation ******
C32 H50 N10 O7
C32 H50 N10 O7
Matched
****** transform CTAB to SCSR structure ********
****** transform SCSR to Full CTAB structure ********
****** check match after direct and back transformation ******
C32 H52 N14 O6
C32 H52 N14 O6
Matched
****** transform CTAB to SCSR structure ********
****** transform SCSR to Full CTAB structure ********
****** check match after direct and back transformation ******
C34 H42 N6 O7
C34 H42 N6 O7
Matched
****** transform CTAB to SCSR structure ********
****** transform SCSR to Full CTAB structure ********
****** check match after direct and back transformation ******
C39 H55 N5 O8
C39 H55 N5 O8
Matched
****** transform CTAB to SCSR structure ********
****** transform SCSR to Full CTAB structure ********
****** check match after direct and back transformation ******
C37 H52 N10 O13
C37 H52 N10 O13
Matched
****** transform CTAB to SCSR structure ********
****** transform SCSR to Full CTAB structure ********
****** check match after direct and back transformation ******
C33 H42 N6 O13
C33 H42 N6 O13
Matched
****** transform CTAB to SCSR structure ********
****** transform SCSR to Full CTAB structure ********
****** check match after direct and back transformation ******
C45 H58 N6 O10
C45 H58 N6 O10
Matched
****** transform CTAB to SCSR structure ********
****** transform SCSR to Full CTAB structure ********
****** check match after direct and back transformation ******
C26 H48 N6 O6
C26 H48 N6 O6
Matched
