
testing molfile:

  -INDIGO-01102422162D

  7  7  0  0  0  0  0  0  0  0999 V2000
    1.9394    5.2260    0.0000 C   0  0  0  0  0  0  0  0  0  0  0  0
    2.9406    5.2260    0.0000 C   0  0  0  0  0  0  0  0  0  0  0  0
    2.4401    6.0909    0.0000 C   0  0  0  0  0  0  0  0  0  0  0  0
    9.0972    2.5109    0.0000 C   0  0  0  0  0  0  0  0  0  0  0  0
    9.0935    3.5060    0.0000 C   0  0  0  0  0  0  0  0  0  0  0  0
    5.8603    0.9988    0.0000 C   0  0  0  0  0  0  0  0  0  0  0  0
    8.0828    3.5060    0.0000 C   0  0  0  0  0  0  0  0  0  0  0  0
  1  2  1  0  0  0  0
  2  3  1  0  0  0  0
  3  1  1  0  0  0  0
  4  5  1  0  0  0  0
  5  7  1  0  0  0  0
  7  6  1  0  0  0  0
  6  4  1  0  0  0  0
M  END


Unfolded mol equal to expected

After fold molfile:

  -INDIGO-01000000002D

  7  7  0  0  0  0  0  0  0  0999 V2000
    1.9394    5.2260    0.0000 C   0  0  0  0  0  0  0  0  0  0  0  0
    2.9406    5.2260    0.0000 C   0  0  0  0  0  0  0  0  0  0  0  0
    2.4401    6.0909    0.0000 C   0  0  0  0  0  0  0  0  0  0  0  0
    9.0972    2.5109    0.0000 C   0  0  0  0  0  0  0  0  0  0  0  0
    9.0935    3.5060    0.0000 C   0  0  0  0  0  0  0  0  0  0  0  0
    5.8603    0.9988    0.0000 C   0  0  0  0  0  0  0  0  0  0  0  0
    8.0828    3.5060    0.0000 C   0  0  0  0  0  0  0  0  0  0  0  0
  1  2  1  0  0  0  0
  2  3  1  0  0  0  0
  3  1  1  0  0  0  0
  4  5  1  0  0  0  0
  5  7  1  0  0  0  0
  7  6  1  0  0  0  0
  6  4  1  0  0  0  0
M  END


testing molfile:

  -INDIGO-01102422162D

  3  3  0  0  0  0  0  0  0  0999 V2000
    1.9394    5.2260    0.0000 C   0  0  0  0  0  0  0  0  0  0  0  0
    2.9406    5.2260    0.0000 C   0  0  0  0  0  0  0  0  0  0  0  0
    2.4401    6.0909    0.0000 C   0  0  0  0  0  0  0  0  0  0  0  0
  1  2  1  0  0  0  0
  2  3  1  0  0  0  0
  3  1  1  0  0  0  0
M  END


Unfolded mol equal to expected

After fold molfile:

  -INDIGO-01000000002D

  3  3  0  0  0  0  0  0  0  0999 V2000
    1.9394    5.2260    0.0000 C   0  0  0  0  0  0  0  0  0  0  0  0
    2.9406    5.2260    0.0000 C   0  0  0  0  0  0  0  0  0  0  0  0
    2.4401    6.0909    0.0000 C   0  0  0  0  0  0  0  0  0  0  0  0
  1  2  1  0  0  0  0
  2  3  1  0  0  0  0
  3  1  1  0  0  0  0
M  END

