495232030101010fd9847906790679068584790679118579087907790679d6067906e0010403020101010101010100000000cfcc4cc000000000ad5c3141cfcc4c400000000000ff9fffbfffbfffffffdfffbfffffffffff9f0040ffbf00000080ffff0060ffbf0040ffff0020ffbf0000ffff06d884790785847906790679d7067906857906e00301040101010261858441353333c000000000d8b3dd409b9919400000000000333355553333ffff6666000099995555cccc0000ffff555500000000
495232030101010f847908790779067906790685847906791185790679067906e0010101010101010104030200000000cdcc4cc000000000ac5c3141cdcc4c4000000000000060ffbfff7fffffff9fffbfffbfffffffdfffbfffffffff00600040004000000040ffff0020ffbf0000ffff0684790685847906790679067906857907e00302040101010160858441343333c000000000d8b3dd409a9919400000000000333355553333ffff6666000099995555cccc0000ffff555500000000
49523203010103010679067906790679067906e001010101010100000000cdccccbf00000000d8b3dd40d1cc4c3f00000000000000ffff333300006666ffff99990000ccccffffffff00000779077907790779077907e001010101010100884641cdccccbf00000000d8b3dd40d1cc4c3f00000000000000ffff333300006666ffff99990000ccccffffffff00000679077908e0010101ac5cb1bf0000000000000000ac5c3140cdcc4c3f00000000000000ffff00800000ffffffff
49523203010103010679067906790679067906e001010101010100000000cdccccbf00000000d8b3dd40d1cc4c3f00000000000000ffff333300006666ffff99990000ccccffffffff00000779077907790779077907e001010101010100884641cdccccbf00000000d8b3dd40d1cc4c3f00000000000000ffff333300006666ffff99990000ccccffffffff00000679077908e0010101ac5cb1bf0000000000000000ac5c3140cdcc4c3f00000000000000ffff00800000ffffffff
49523203010103010679067906790679067906e001010101010100000000cdccccbf00000000d8b3dd40d1cc4c3f00000000000000ffff333300006666ffff99990000ccccffffffff00000779077907790779077907e001010101010100884641cdccccbf00000000d8b3dd40d1cc4c3f00000000000000ffff333300006666ffff99990000ccccffffffff00000679077908e0010101ac5cb1bf0000000000000000ac5c3140cdcc4c3f00000000000000ffff00800000ffffffff
49523203010103010679067906790679067906e001010101010100000000cdccccbf00000000d8b3dd40d1cc4c3f00000000000000ffff333300006666ffff99990000ccccffffffff00000779077907790779077907e001010101010100884641cdccccbf00000000d8b3dd40d1cc4c3f00000000000000ffff333300006666ffff99990000ccccffffffff00000679077908e0010101ac5cb1bf0000000000000000ac5c3140cdcc4c3f00000000000000ffff00800000ffffffff
