*** FASTA to KET ***
test_peptide.ket:SUCCEED
test_rna.ket:SUCCEED
test_dna.ket:SUCCEED
multiseq.ket:SUCCEED
break.ket:SUCCEED
comment.ket:SUCCEED
