*** GenBank/GenPept to Seq***
1844-gen_bank.seq.seq:SUCCEED
1844-gen_pept.seq.seq:SUCCEED
