*** KET to MOL ***
5amd.ket:SUCCEED
accl_no_class.ket:SUCCEED
acgt_1412.ket:SUCCEED
anacyclamide.ket:SUCCEED
chem.ket:SUCCEED
conj_no_class.ket:SUCCEED
conjugate.ket:SUCCEED
cysteine.ket:SUCCEED
dala.ket:SUCCEED
dcysteine.ket:SUCCEED
dna_mod.ket:SUCCEED
dthymine.ket:SUCCEED
fmoc.ket:SUCCEED
issue_1476.ket:SUCCEED
macro/conjugates/pep-chem-rna.ket:SUCCEED
macro/conjugates/peptide_rna.ket:SUCCEED
macro/dendromers/dendro-peptide.ket:SUCCEED
macro/disulfide/disulfide_peptide_cycle.ket:SUCCEED
macro/hundred-monomers.ket:SUCCEED
macro/left_phosphate/left_phosphate.ket:SUCCEED
macro/linear/linear_dna.ket:SUCCEED
macro/linear/linear_multi.ket:SUCCEED
macro/linear/linear_peptide.ket:SUCCEED
macro/linear/linear_rna.ket:SUCCEED
macro/modified/mod_dna.ket:SUCCEED
macro/modified/mod_peptide.ket:SUCCEED
macro/modified/mod_rna.ket:SUCCEED
macro/modified/mod_rna_peptide.ket:SUCCEED
macro/peptide-rna/peptide-rna.ket:SUCCEED
macro/peptide-rna/peptide-rna-ac.ket:SUCCEED
macro/polyphosphate/polyphosphate_rna.ket:SUCCEED
macro/sa-mono.ket:SUCCEED
macro/terminators/terms_peptide.ket:SUCCEED
mon_long_id.ket:SUCCEED
pepchem.ket:SUCCEED
peptides.ket:SUCCEED
query_explicit_val.ket:SUCCEED
rna_mod.ket:SUCCEED
sgroups_mul.ket:SUCCEED
suplabel.ket:SUCCEED
taspoglutide.ket:SUCCEED
thymine.ket:SUCCEED
empty_apid.ket:SUCCEED
ket-reaction-arrow.ket:SUCCEED
