*** KET to FASTA ***
1822-peptide.seq:SUCCEED
1843-rna.seq:SUCCEED
