*** KET to KET ***
images.ket:SUCCEED
ambiguous_monomer.ket doc: SUCCEED
ambiguous_monomer.ket mol: SUCCEED
monomer_shape.ket doc: SUCCEED
monomer_shape.ket mol: SUCCEED
