molecules/enhanced_stereo1.mol
molecules/enhanced_stereo2.mol
molecules/enhanced_stereo3.mol
