*** Rxn to CML ***
<?xml version="1.0" ?>
<cml>
<reaction title="">
<reactantList>
<molecule title="">
    <atomArray>
        <atom id="a0" elementType="C" x2="2.85" y2="-5.75" />
        <atom id="a1" elementType="C" x2="3.35" y2="-4.884" />
        <atom id="a2" elementType="C" x2="4.35" y2="-4.884" />
        <atom id="a3" elementType="C" x2="4.85" y2="-5.75" />
        <atom id="a4" elementType="C" x2="4.35" y2="-6.616" />
        <atom id="a5" elementType="C" x2="3.35" y2="-6.616" />
    </atomArray>
    <bondArray>
        <bond atomRefs2="a0 a1" order="1" />
        <bond atomRefs2="a1 a2" order="2">
            <bondStereo atomRefs4="a0 a1 a2 a3">C</bondStereo>
        </bond>
        <bond atomRefs2="a2 a3" order="1" />
        <bond atomRefs2="a3 a4" order="2">
            <bondStereo atomRefs4="a2 a3 a4 a5">C</bondStereo>
        </bond>
        <bond atomRefs2="a4 a5" order="1" />
        <bond atomRefs2="a5 a0" order="2">
            <bondStereo atomRefs4="a4 a5 a0 a1">C</bondStereo>
        </bond>
    </bondArray>
</molecule>
</reactantList>
<productList>
<molecule title="">
    <atomArray>
        <atom id="a0" elementType="C" x2="12.5" y2="-4.675" />
        <atom id="a1" elementType="C" x2="13.366" y2="-5.175" />
        <atom id="a2" elementType="C" x2="13.366" y2="-6.175" />
        <atom id="a3" elementType="C" x2="12.5" y2="-6.675" />
        <atom id="a4" elementType="C" x2="11.634" y2="-6.175" />
        <atom id="a5" elementType="C" x2="11.634" y2="-5.175" />
    </atomArray>
    <bondArray>
        <bond atomRefs2="a0 a1" order="1" />
        <bond atomRefs2="a1 a2" order="1" />
        <bond atomRefs2="a2 a3" order="1" />
        <bond atomRefs2="a3 a4" order="1" />
        <bond atomRefs2="a4 a5" order="1" />
        <bond atomRefs2="a5 a0" order="1" />
    </bondArray>
</molecule>
</productList>
</reaction>
</cml>

