molecules/smarts-mrv.mol
caught molfile loader: SMARTS notation allowed only for query molecules
CNC=O
not matched
not matched
matched
