**** Load and Save as Query ****
[#6]-[#6]-[#6;+5]-[#6]-[#6]-[#6]-[#6]-[#6]
CC[C+5]CCCCC
**** Load and Save as Molecule ****
[#6]-[#6]-[#6;+5]-[#6]-[#6]-[#6]-[#6]-[#6]
CC[C+5]CCCCC
