[c:1]1([cH:17][cH:16][cH:15][cH:14][cH:13]1)P(=O)(c1ccccc1)[N:3]=[N+:4]=[N-:5].[C:18]([CH3:65])([CH3:64])([CH3:63])[O:19][C:20]([N:22]([CH2:41]c1c(-c2c(OC)ccc(C(C)C)c2)ccc([C:45]([F:48])([F:47])[F:46])c1)[C@H:23]([C@@H:25](O)[c:26]1[cH:39][c:34]([C:35]([F:38])([F:37])[F:36])[cH:33][c:28]([C:29]([F:32])([F:31])[F:30])[cH:27]1)[CH3:24])=[O:21].[c:66]1([cH:84][cH:83][cH:82][cH:81][cH:80]1)P([c:66]1[cH:84][cH:83][cH:82][cH:81][cH:80]1)[c:66]1[cH:84][cH:83][cH:82][cH:81][cH:80]1.O=[C:86](/N=N/C(=O)O[CH2:94][CH3:95])[O:87][CH2:88]C>C1CCCO1.CCOC(=O)C>[C:18]([CH3:64])([CH3:63])([CH3:65])[O:19][C:20]([N:22]([CH2:41][c:66]1[c:80](-[c:1]2[c:13]([O:87][CH3:88])[cH:14][cH:15][c:16]([CH:94]([CH3:95])[CH3:86])[cH:17]2)[cH:81][cH:82][c:83]([C:45]([F:46])([F:47])[F:48])[cH:84]1)[C@H:23]([C@@H:25]([c:26]1[cH:39][c:34]([C:35]([F:38])([F:37])[F:36])[cH:33][c:28]([C:29]([F:30])([F:31])[F:32])[cH:27]1)[N:3]=[N+:4]=[N-:5])[CH3:24])=[O:21]
passed
[c:1]1([cH:17][cH:16][cH:15][cH:14][cH:13]1)P(=O)(c1ccccc1)[N:3]=[N+:4]=[N-:5].[C:18]([CH3:65])([CH3:64])([CH3:63])[O:19][C:20]([N:22]([CH2:41]c1c(-c2c(OC)ccc(C(C)C)c2)ccc([C:45]([F:48])([F:47])[F:46])c1)[C@H:23]([C@@H:25](O)[c:26]1[cH:39][c:34]([C:35]([F:38])([F:37])[F:36])[cH:33][c:28]([C:29]([F:32])([F:31])[F:30])[cH:27]1)[CH3:24])=[O:21].[c:66]1([cH:84][cH:83][cH:82][cH:81][cH:80]1)P([c:66]1[cH:84][cH:83][cH:82][cH:81][cH:80]1)[c:66]1[cH:84][cH:83][cH:82][cH:81][cH:80]1.O=[C:86](/N=N/C(=O)O[CH2:94][CH3:95])[O:87][CH2:88]C>C1CCCO1.CCOC(=O)C>[C:18]([CH3:64])([CH3:63])([CH3:65])[O:19][C:20]([N:22]([CH2:41][c:66]1[c:80](-[c:1]2[c:13]([O:87][CH3:88])[cH:14][cH:15][c:16]([CH:94]([CH3:95])[CH3:86])[cH:17]2)[cH:81][cH:82][c:83]([C:45]([F:46])([F:47])[F:48])[cH:84]1)[C@H:23]([C@@H:25]([c:26]1[cH:39][c:34]([C:35]([F:38])([F:37])[F:36])[cH:33][c:28]([C:29]([F:30])([F:31])[F:32])[cH:27]1)[N:3]=[N+:4]=[N-:5])[CH3:24])=[O:21]
passed
