*** Testing Similarity Types ***

 **** 

CC(=O)Oc1ccccc1C(=O)O
1.0000000000
00008000301100080000008002000002000008011800120400000140008400002024110024400000020408140020000024401000002800500000200000000000
C(c1c(O)cccc1)(Oc1c(C(=O)O)cccc1)=O
0.9772727489
00008000301100080000008002000002000008011800120400000140008400006024110024400000020408140020000024401000002800500000200000000000
COC(=O)c1ccc(-c2cc(OC)c(O)c(C=O)c2)cc1
0.7843137383
00008000341100080000008202001002000008011800120440000140008400006024110024440000020408040000002024401000002800104000200000000000

 **** 

CC(=O)Oc1ccccc1C(=O)O
1.0000000000
082000002000800241080000000000000002800028000000004040000800a0200000008000020000280100000a00000004000000000000000000000000000000
C(c1c(O)cccc1)(Oc1c(C(=O)O)cccc1)=O
0.6315789223
082000000010800241080080000000000002900028000101000840000c08a0200000008100020000280100000a00000024000000000000800000020000000000
COC(=O)c1ccc(-c2cc(OC)c(O)c(C=O)c2)cc1
0.6250000000
082000000010800241080080000000200002900028000101004840000c08a0200000008100020000280180000a00000024000000000000800000020000000000

 **** 

CC(=O)Oc1ccccc1C(=O)O
1.0000000000
00000000000000000000200000000000000002010000000000000000000000180000000000000010020000200008000000000000000004000000000000000000
C(c1c(O)cccc1)(Oc1c(C(=O)O)cccc1)=O
0.6153846383
00000080000000000000200000000000800000010000000000000000000000180000000000000010020000200000000000000000000004000400000000000000
COC(=O)c1ccc(-c2cc(OC)c(O)c(C=O)c2)cc1
0.1363636404
000001800004000000000000002000000000000000000000000000000000010001000000000040100a0080200000000000000008000000000400000000000400

 **** 

CC(=O)Oc1ccccc1C(=O)O
1.0000000000
02000000000010000000200002000000000822010000000000000001000000180000000000000010020000200008000000000000000004000000000800080000
C(c1c(O)cccc1)(Oc1c(C(=O)O)cccc1)=O
0.5384615660
000000c0000010000000200002000000a00800010000000000000001000004180000000000000010020200200000000000100000000004000400000800080000
COC(=O)c1ccc(-c2cc(OC)c(O)c(C=O)c2)cc1
0.1190476194
000001800034000008000000022010000000004000002040000000001000010041000000000040100a0080200008000080000408000000000400000001000400

 **** 

CC(=O)Oc1ccccc1C(=O)O
1.0000000000
02000000000010004000200002000020000822010000000000000001000000180000000000000c10021000200008002000000000000004000000000800080020
C(c1c(O)cccc1)(Oc1c(C(=O)O)cccc1)=O
0.4871794879
000000c0000010004000202802000002a00800010000000000000001000004180000000000000c10021200200000002000100002000004000400001800080002
COC(=O)c1ccc(-c2cc(OC)c(O)c(C=O)c2)cc1
0.0833333358
000001800134000008000000022010000000005001002040000120001000810041000000008040100a00802000080000a201040a000000000400000001000400

 **** 

CC(=O)Oc1ccccc1C(=O)O
1.0000000000
02000000000010004000200002000020000822010000000000000001000000180000000000000c10021000200008002000000000000004000000000800080020
C(c1c(O)cccc1)(Oc1c(C(=O)O)cccc1)=O
0.4418604672
000000c8000010204000202802000002a00800010000000000200001000004180000000000000c10021200200000002000100002000004000440001800080002
COC(=O)c1ccc(-c2cc(OC)c(O)c(C=O)c2)cc1
0.0724637657
00000180013400000800000002201000000200500100224000012000100081004100000000c0c0100a40802080082000a201040a000000000404000041000400
