**** Test Macrocycles ****
Test Item #0 
  Result: Success
Test Item #1 
  Result: Success
Test Item #2 
  Result: Success
Test Item #3 
  Result: Success
Test Item #4 
  Result: Success
Test Item #5 
  Result: Success
Test Item #6 
  Result: Success
Test Item #7 
  Result: Success
Test Item #8 
  Result: Success
Test Item #9 
  Result: Success
Test Item #10 
  Result: Success
Test Item #11 
  Result: Success
Test Item #12 
  Result: Success
Test Item #13 
  Result: Success
Test Item #14 
  Result: Success
Test Item #15 
  Result: Success
Test Item #16 
  Result: Success
Test Item #17 
  Result: Success
Test Item #18 
  Result: Success
Test Item #19 
  Result: Success
Test Item #20 
  Result: Success
Test Item #21 
  Result: Success
Test Item #22 
  Result: Success
Test Item #23 
  Result: Success
Test Item #24 
  Result: Success
Test Item #25 
  Result: Success
Test Item #26 
  Result: Success
Test Item #27 
  Result: Success
Test Item #28 
  Result: Success
Test Item #29 
  Result: Success
Test Item #30 
  Result: Success
Test Item #31 
  Result: Success
Test Item #32 
  Result: Success
Test Item #33 
  Result: Success
