**** Test template layout *****
  Item #0: Result: Success
  Item #1: Result: Success
  Item #2: Result: Success
  Item #3: Result: Success
  Item #4: Result: Success
  Item #5: Result: Success
  Item #6: Result: Success
  Item #7: Result: Success
  Item #8: Result: Success
  Item #9: Result: Success
**** Test rings templates layout *****
  Item #0: Result: Success
  Item #1: Result: Success
  Item #2: Result: Success
  Item #3: Result: Success
  Item #4: Result: Success
  Item #5: Result: Success
  Item #6: Result: Success
  Item #7: Result: Success
  Item #8: Result: Success
  Item #9: Result: Success
