005.sdf
0
[B-]1[N+]2=CC=CN2[B-]N2C=CC=[N+]21
[b-]1[n+]2ccc[n]2[b-][n]2ccc[n+]21
1
BrC1=CN2[B-]N3C=C(Br)C=[N+]3[B-][N+]2=C1
Brc1c[n+]2[b-][n+]3cc(Br)c[n]3[b-][n]2c1
2
F[B-](F)(F)F.[B-]1[N+]2=CC=CC=C2C2=CC=CC=[N+]21
F[B-](F)(F)F.[B-]1[n+]2ccccc2-c2cccc[n+]21
3
[B-]1[N+]2=CC=CC=C2C2=CC=CC=[N+]21
[B-]1[n+]2ccccc2-c2cccc[n+]21
4
CC1C=C(C)N2[B-]N3C(C)=CC(C)=[N+]3[B-][N+]2=1
Cc1cc(C)[n]2[b-][n]3c(C)cc(C)[n+]3[b-][n+]21
5
B1=NN=CC2SC=CC=21
[b]1[n][n]cc2[s]ccc21
6
COC1=CC=CC=C1OC1C(NS(=O)(=O)NC2C=CC=CC=2)=NC(=NC=1CCOC1N=CC(Br)=CN=1)C1=BC=CC=N1
COc1ccccc1Oc1c(NS(=O)(=O)Nc2ccccc2)[n]c([n]c1CCOc1[n]cc(Br)c[n]1)-c1[b]ccc[n]1
7
COC1=CC=CC=C1OC1=C(CCO)N=C(N=C1NS(=O)(=O)NC1C=CC=CC=1)C1=BC=CC=N1
COc1ccccc1Oc1c(CCO)[n]c([n]c1NS(=O)(=O)Nc1ccccc1)-c1[b]ccc[n]1
8
B1=NN=CC2=CC=CC=C21
[b]1[n][n]cc2ccccc21
9
CCN(CC)CC.B1C=CC=CC=1
CCN(CC)CC.[b]1ccccc1
10
B1C=CC=CC=1
[b]1ccccc1
11
CP(C)C.B1C=CC=CC=1
CP(C)C.[b]1ccccc1
12
B1C=C(C(=C(N=1)C1C=CC=CC=1)C1C=CC=CC=1)C1C=CC=CC=1
[b]1cc(c(c([n]1)-c1ccccc1)-c1ccccc1)-c1ccccc1
13
CCCCCCC1=BC=CC=C1
CCCCCCc1[b]cccc1
14
B1C=CC=N[NH+]=1
[b]1ccc[n][nH+]1
15
B1=CC=CN=N1
[b]1ccc[n][n]1
16
B1=NC=CO1
[b]1[n]cco1
17
CC1[B]C(C)(C)C(C)=C(C)C=1CC1=BC(C)=C(C)C(C)=C1C |^1:2|
CC1[B]C(C)(C)C(C)=C(C)C=1Cc1[b]c(C)c(C)c(C)c1C |^1:2|
18
CC1=BC(CC2B=C(C)C(C)=C(C)C=2C)=C(C)C(C)=C1C
Cc1[b]c(Cc2[b]c(C)c(C)c(C)c2C)c(C)c(C)c1C
19
CC1C(CC2=C(C)C(C)=C(C)B=C2C)=C(C)B=C(C)C=1C
Cc1[b]c(C)c(C)c(C)c1Cc1c(C)c(C)c(C)[b]c1C
20
CC1B=C(C)C(C)=C(CC2=C(C)C(C)=BC(C)=C2C)C=1C
Cc1[b]c(C)c(C)c(Cc2c(C)c(C)[b]c(C)c2C)c1C
21
CC1C(CC2=C(C)C(C)=C(C)B=C2C)=C(C)C(C)=BC=1C
Cc1[b]c(C)c(C)c(C)c1Cc1c(C)c(C)[b]c(C)c1C
22
CC1B=C(C)C(C)=C(CC2B=C(C)C(C)=C(C)C=2C)C=1C
Cc1[b]c(Cc2c(C)c(C)[b]c(C)c2C)c(C)c(C)c1C
23
B1=CC=CC2=CC=CC=C21
[b]1cccc2ccccc21
24
CC1C(C)=BC=CC=1C
Cc1c(C)[b]ccc1C
25
CCCCCC1C(=BC=CC=1CCCCC)CCCCC
CCCCCc1c([b]ccc1CCCCC)CCCCC
26
CCNC1=C(N)B=BB=C1N(CC)CC
CCNc1c(N)[b][b][b]c1N(CC)CC
27
ClC1C(Cl)=BC=CC=1Cl
Clc1c(Cl)[b]ccc1Cl
28
CC(C)C1C(=BC=CC=1C(C)C)C(C)C
CC(C)c1c([b]ccc1C(C)C)C(C)C
29
CC(C)(C)C1C(=BC=CC=1C(C)(C)C)C(C)(C)C
CC(C)(C)c1c([b]ccc1C(C)(C)C)C(C)(C)C
006.sdf
0
[O-][N+](=O)C1C=C(C=CC=1Cl)[N+]([O-])=O
[O-][N+](=O)c1cc(ccc1Cl)[N+]([O-])=O
1
CCN1C=NC2C(N)=NC=NC1=2
CC[n]1c[n]c2c(N)[n]c[n]c12
2
NC1NC2NCC(CN(C=O)C3C=CC(=CC=3)C(=O)NC(CCC(O)=O)C(O)=O)NC=2C(=O)N=1
NC1NC2NCC(CN(C=O)c3ccc(cc3)C(=O)NC(CCC(O)=O)C(O)=O)NC=2C(=O)N=1
3
OC1C=C(O)C=C(O)C=1O
Oc1cc(O)c(O)c(O)c1
4
ClC1=CC(Cl)=C(Cl)C=C1
Clc1cc(Cl)c(Cl)cc1
5
OC(=O)C1C=CC=C(O)C=1O
Oc1cccc(C(O)=O)c1O
6
OC(=O)CCC1C=CC=C(O)C=1O
Oc1cccc(CCC(O)=O)c1O
7
CC(C(C)O)C(=O)SCCNC(=O)CCNC(=O)C(O)C(C)(C)COP(O)(=O)OP(O)(=O)OCC1OC(C(O)C1OP(O)(O)=O)N1C=NC2C(N)=NC=NC1=2
CC(C(C)O)C(=O)SCCNC(=O)CCNC(=O)C(O)C(C)(C)COP(O)(=O)OP(O)(=O)OCC1OC(C(O)C1OP(O)(O)=O)[n]1c[n]c2c(N)[n]c[n]c12
8
CC(=O)C(C)C(=O)SCCNC(=O)CCNC(=O)C(O)C(C)(C)COP(O)(=O)OP(O)(=O)OCC1OC(C(O)C1OP(O)(O)=O)N1C=NC2C(N)=NC=NC1=2
CC(=O)C(C)C(=O)SCCNC(=O)CCNC(=O)C(O)C(C)(C)COP(O)(=O)OP(O)(=O)OCC1OC(C(O)C1OP(O)(O)=O)[n]1c[n]c2c(N)[n]c[n]c12
9
CC(CC)C(=O)SCCNC(=O)CCNC(=O)C(O)C(C)(C)COP(O)(=O)OP(O)(=O)OCC1OC(C(O)C1OP(O)(O)=O)N1C=NC2C(N)=NC=NC1=2
CC(CC)C(=O)SCCNC(=O)CCNC(=O)C(O)C(C)(C)COP(O)(=O)OP(O)(=O)OCC1OC(C(O)C1OP(O)(O)=O)[n]1c[n]c2c(N)[n]c[n]c12
10
CC(C)=CCCC(C)=CCCC(C)=CCCC(C)=CCCC(C)=CCCC(C)=CCCC(C)=CCCC(C)=CCC1C=CC=C(O)C=1O
CC(C)=CCCC(C)=CCCC(C)=CCCC(C)=CCCC(C)=CCCC(C)=CCCC(C)=CCCC(C)=CCc1cccc(O)c1O
11
CC=CCCC(C)=CCCC(C)=CCCC(C)=CCCC(C)=CCCC(C)=CCCC(C)=CCCC(C)=CCC1C=CC=C(OC)C=1O
CC=CCCC(C)=CCCC(C)=CCCC(C)=CCCC(C)=CCCC(C)=CCCC(C)=CCCC(C)=CCc1cccc(OC)c1O
12
CC(C)=CCCC(C)=CCCC(C)=CCCC(C)=CCCC(C)=CCCC(C)=CCCC(C)=CCCC(C)=CCC1=CC=CC=C1O
CC(C)=CCCC(C)=CCCC(C)=CCCC(C)=CCCC(C)=CCCC(C)=CCCC(C)=CCCC(C)=CCc1ccccc1O
13
OC1C=C(Cl)C(O)=CC=1Cl
Oc1cc(Cl)c(O)cc1Cl
14
OC1C=C(Cl)C=CC=1Cl
Oc1cc(Cl)ccc1Cl
15
OC1C=C(C=CC=1O)C(O)=O
Oc1cc(ccc1O)C(O)=O
16
NC1=NC=NC2=C1N=CN2C1OC(COP(O)(O)=O)C(OP(O)(O)=O)C1O
Nc1[n]c[n]c2c1[n]c[n]2C1OC(COP(O)(O)=O)C(OP(O)(O)=O)C1O
17
CC(=O)CC(=O)SCCNC(=O)CCNC(=O)C(O)C(C)(C)COP(O)(=O)OP(O)(=O)OCC1OC(C(O)C1OP(O)(O)=O)N1C=NC2C(N)=NC=NC1=2
CC(=O)CC(=O)SCCNC(=O)CCNC(=O)C(O)C(C)(C)COP(O)(=O)OP(O)(=O)OCC1OC(C(O)C1OP(O)(O)=O)[n]1c[n]c2c(N)[n]c[n]c12
18
N#CC1=CN=CC=C1
N#Cc1c[n]ccc1
19
CC(C)(COP(O)(=O)OP(O)(=O)OCC1OC(C(O)C1OP(O)(O)=O)N1C=NC2=C(N)N=CN=C12)C(O)C(=O)NCCC(=O)NCCSC(=O)CC(C)(O)CC(O)=O
CC(C)(COP(O)(=O)OP(O)(=O)OCC1OC(C(O)C1OP(O)(O)=O)[n]1c[n]c2c(N)[n]c[n]c12)C(O)C(=O)NCCC(=O)NCCSC(=O)CC(C)(O)CC(O)=O
20
NC1=C(C=CC=C1O)C(O)=O
Nc1c(cccc1O)C(O)=O
21
CC(CO)C(=O)SCCNC(=O)CCNC(=O)C(O)C(C)(C)COP(O)(=O)OP(O)(=O)OCC1OC(C(O)C1OP(O)(O)=O)N1C=NC2C(N)=NC=NC1=2
CC(CO)C(=O)SCCNC(=O)CCNC(=O)C(O)C(C)(C)COP(O)(=O)OP(O)(=O)OCC1OC(C(O)C1OP(O)(O)=O)[n]1c[n]c2c(N)[n]c[n]c12
22
NC1C(O)=CC=CC=1C(=O)CC(N)C(O)=O
Nc1c(cccc1O)C(=O)CC(N)C(O)=O
23
CC(C)(COP(O)(=O)OP(O)(=O)OCC1OC(C(O)C1OP(O)(O)=O)N1C=NC2C(N)=NC=NC1=2)C(O)C(=O)NCCC(=O)NCCSC(=O)CC(O)CCC(O)=O
CC(C)(COP(O)(=O)OP(O)(=O)OCC1OC(C(O)C1OP(O)(O)=O)[n]1c[n]c2c(N)[n]c[n]c12)C(O)C(=O)NCCC(=O)NCCSC(=O)CC(O)CCC(O)=O
24
OC1C=C(CCC(O)=O)C=CC=1
Oc1cccc(CCC(O)=O)c1
25
COC1=CC2=C(C=CN=C2C=C1)C(O)C1CC2CCN1CC2(O)C=C
COc1cc2c(cc[n]c2cc1)C(O)C1CC2CCN1CC2(O)C=C
26
CC(C)(COP(O)(=O)OP(O)(=O)OCC1OC(C(O)C1OP(O)(O)=O)N1C=NC2C(N)=NC=NC1=2)C(O)C(=O)NCCC(=O)NCCSC(=O)CC(=O)CCC(O)=O
CC(C)(COP(O)(=O)OP(O)(=O)OCC1OC(C(O)C1OP(O)(O)=O)[n]1c[n]c2c(N)[n]c[n]c12)C(O)C(=O)NCCC(=O)NCCSC(=O)CC(=O)CCC(O)=O
27
CC(C)=CC(=O)SCCNC(=O)CCNC(=O)C(O)C(C)(C)COP(O)(=O)OP(O)(=O)OCC1OC(C(O)C1OP(O)(O)=O)N1C=NC2C1=NC=NC=2N
CC(C)=CC(=O)SCCNC(=O)CCNC(=O)C(O)C(C)(C)COP(O)(=O)OP(O)(=O)OCC1OC(C(O)C1OP(O)(O)=O)[n]1c[n]c2c1[n]c[n]c2N
28
CC(C)=CCCC(C)=CCCC(C)=CCCC(C)=CCCC(C)=CCCC(C)=CCCC(C)=CCCC(C)=CCC1C=C(C=CC=1O)C(O)=O
CC(C)=CCCC(C)=CCCC(C)=CCCC(C)=CCCC(C)=CCCC(C)=CCCC(C)=CCCC(C)=CCc1cc(ccc1O)C(O)=O
29
OC1C=C(C=O)C=CC=1
Oc1cc(C=O)ccc1
007.sdf
0
CCN1C=NC2C(N)=NC=NC1=2
CC[n]1c[n]c2c(N)[n]c[n]c12
1
CC(C(C)O)C(=O)SCCNC(=O)CCNC(=O)C(O)C(C)(C)COP(O)(=O)OP(O)(=O)OCC1OC(C(O)C1OP(O)(O)=O)N1C=NC2C(N)=NC=NC1=2
CC(C(C)O)C(=O)SCCNC(=O)CCNC(=O)C(O)C(C)(C)COP(O)(=O)OP(O)(=O)OCC1OC(C(O)C1OP(O)(O)=O)[n]1c[n]c2c(N)[n]c[n]c12
2
CC(=O)C(C)C(=O)SCCNC(=O)CCNC(=O)C(O)C(C)(C)COP(O)(=O)OP(O)(=O)OCC1OC(C(O)C1OP(O)(O)=O)N1C=NC2C(N)=NC=NC1=2
CC(=O)C(C)C(=O)SCCNC(=O)CCNC(=O)C(O)C(C)(C)COP(O)(=O)OP(O)(=O)OCC1OC(C(O)C1OP(O)(O)=O)[n]1c[n]c2c(N)[n]c[n]c12
3
CC(CC)C(=O)SCCNC(=O)CCNC(=O)C(O)C(C)(C)COP(O)(=O)OP(O)(=O)OCC1OC(C(O)C1OP(O)(O)=O)N1C=NC2C(N)=NC=NC1=2
CC(CC)C(=O)SCCNC(=O)CCNC(=O)C(O)C(C)(C)COP(O)(=O)OP(O)(=O)OCC1OC(C(O)C1OP(O)(O)=O)[n]1c[n]c2c(N)[n]c[n]c12
4
NC1=NC=NC2=C1N=CN2C1OC(COP(O)(O)=O)C(OP(O)(O)=O)C1O
Nc1[n]c[n]c2c1[n]c[n]2C1OC(COP(O)(O)=O)C(OP(O)(O)=O)C1O
5
CC(=O)CC(=O)SCCNC(=O)CCNC(=O)C(O)C(C)(C)COP(O)(=O)OP(O)(=O)OCC1OC(C(O)C1OP(O)(O)=O)N1C=NC2C(N)=NC=NC1=2
CC(=O)CC(=O)SCCNC(=O)CCNC(=O)C(O)C(C)(C)COP(O)(=O)OP(O)(=O)OCC1OC(C(O)C1OP(O)(O)=O)[n]1c[n]c2c(N)[n]c[n]c12
6
N#CC1=CN=CC=C1
N#Cc1c[n]ccc1
7
CC(C)(COP(O)(=O)OP(O)(=O)OCC1OC(C(O)C1OP(O)(O)=O)N1C=NC2=C(N)N=CN=C12)C(O)C(=O)NCCC(=O)NCCSC(=O)CC(C)(O)CC(O)=O
CC(C)(COP(O)(=O)OP(O)(=O)OCC1OC(C(O)C1OP(O)(O)=O)[n]1c[n]c2c(N)[n]c[n]c12)C(O)C(=O)NCCC(=O)NCCSC(=O)CC(C)(O)CC(O)=O
8
CC(CO)C(=O)SCCNC(=O)CCNC(=O)C(O)C(C)(C)COP(O)(=O)OP(O)(=O)OCC1OC(C(O)C1OP(O)(O)=O)N1C=NC2C(N)=NC=NC1=2
CC(CO)C(=O)SCCNC(=O)CCNC(=O)C(O)C(C)(C)COP(O)(=O)OP(O)(=O)OCC1OC(C(O)C1OP(O)(O)=O)[n]1c[n]c2c(N)[n]c[n]c12
9
CC(C)(COP(O)(=O)OP(O)(=O)OCC1OC(C(O)C1OP(O)(O)=O)N1C=NC2C(N)=NC=NC1=2)C(O)C(=O)NCCC(=O)NCCSC(=O)CC(O)CCC(O)=O
CC(C)(COP(O)(=O)OP(O)(=O)OCC1OC(C(O)C1OP(O)(O)=O)[n]1c[n]c2c(N)[n]c[n]c12)C(O)C(=O)NCCC(=O)NCCSC(=O)CC(O)CCC(O)=O
10
COC1=CC2=C(C=CN=C2C=C1)C(O)C1CC2CCN1CC2(O)C=C
COc1cc2c(cc[n]c2cc1)C(O)C1CC2CCN1CC2(O)C=C
11
CC(C)(COP(O)(=O)OP(O)(=O)OCC1OC(C(O)C1OP(O)(O)=O)N1C=NC2C(N)=NC=NC1=2)C(O)C(=O)NCCC(=O)NCCSC(=O)CC(=O)CCC(O)=O
CC(C)(COP(O)(=O)OP(O)(=O)OCC1OC(C(O)C1OP(O)(O)=O)[n]1c[n]c2c(N)[n]c[n]c12)C(O)C(=O)NCCC(=O)NCCSC(=O)CC(=O)CCC(O)=O
12
CC(C)=CC(=O)SCCNC(=O)CCNC(=O)C(O)C(C)(C)COP(O)(=O)OP(O)(=O)OCC1OC(C(O)C1OP(O)(O)=O)N1C=NC2C1=NC=NC=2N
CC(C)=CC(=O)SCCNC(=O)CCNC(=O)C(O)C(C)(C)COP(O)(=O)OP(O)(=O)OCC1OC(C(O)C1OP(O)(O)=O)[n]1c[n]c2c1[n]c[n]c2N
13
CC(C)(COP(O)(=O)OP(O)(=O)OCC1OC(C(O)C1OP(O)(O)=O)N1C=NC2=C(N)N=CN=C12)C(O)C(=O)NCCC(=O)NCCSC(=O)CCC(C)C1CCC2C3C(CC(O)C12C)C1(C)CCC(=O)CC1CC3O
CC(C)(COP(O)(=O)OP(O)(=O)OCC1OC(C(O)C1OP(O)(O)=O)[n]1c[n]c2c(N)[n]c[n]c12)C(O)C(=O)NCCC(=O)NCCSC(=O)CCC(C)C1CCC2C3C(CC(O)C12C)C1(C)CCC(=O)CC1CC3O
14
OC(=O)CC1C=CC=NC=1
OC(=O)Cc1ccc[n]c1
15
OC(=O)CCCC1C=CC=NC=1
OC(=O)CCCc1ccc[n]c1
16
NC1N=CNC=1C(O)=O
Nc1[n]c[nH]c1C(O)=O
17
CC1OC(C(O)C1O)N1C=NC2=C(N)N=CN=C12
CC1OC(C(O)C1O)[n]1c[n]c2c(N)[n]c[n]c12
18
NC(CC1=CNC2C=CC(O)=CC=21)C(O)=O
NC(Cc1c[nH]c2ccc(O)cc21)C(O)=O
19
CSCC1OC(C(O)C1O)N1C=NC2=C(N)N=CN=C12
CSCC1OC(C(O)C1O)[n]1c[n]c2c(N)[n]c[n]c12
20
NC1=CN=CN1C1OC(COP(O)(O)=O)C(O)C1O
Nc1c[n]c[n]1C1OC(COP(O)(O)=O)C(O)C1O
21
NC(=O)NC1N=CNC=1C(O)=O
NC(=O)Nc1[n]c[nH]c1C(O)=O
22
C1CNC2=CN=CN=C2N1
C1CNc2c[n]c[n]c2N1
23
CC(C)(COP(O)(=O)OP(O)(=O)OCC1OC(C(O)C1OP(O)(O)=O)N1C=NC2=C(N)N=CN=C12)C(O)C(=O)NCCC(=O)NCCSC(=O)CCCCCC(O)=O
CC(C)(COP(O)(=O)OP(O)(=O)OCC1OC(C(O)C1OP(O)(O)=O)[n]1c[n]c2c(N)[n]c[n]c12)C(O)C(=O)NCCC(=O)NCCSC(=O)CCCCCC(O)=O
24
NC1NC2NC=C(CN)C=2C(=O)N=1
NC1Nc2[nH]cc(CN)c2C(=O)N=1
25
CC(=O)SCCNC(=O)CCNC(=O)C(O)C(C)(C)COP(O)(=O)OP(O)(=O)OCC1OC(C(O)C1OP(O)(O)=O)N1C=NC2=C(N)N=CN=C12
CC(=O)SCCNC(=O)CCNC(=O)C(O)C(C)(C)COP(O)(=O)OP(O)(=O)OCC1OC(C(O)C1OP(O)(O)=O)[n]1c[n]c2c(N)[n]c[n]c12
26
NC1N=CN=C2N=CNC2=1
Nc1[n]c[n]c2[n]c[nH]c21
27
NC1=NC=NC2=C1N=CN2C1OC(CO)C(O)C1O
Nc1[n]c[n]c2c1[n]c[n]2C1OC(CO)C(O)C1O
28
NC1N=CN=C2C=1N=CN2C1OC(COP(O)(=O)OP(O)(=O)OCC2OC(O)C(O)C2O)C(O)C1O
Nc1[n]c[n]c2c1[n]c[n]2C1OC(COP(O)(=O)OP(O)(=O)OCC2OC(O)C(O)C2O)C(O)C1O
29
NC1N=CN=C2C=1N=CN2C1OC(CSCCC(N)C(O)=O)C(O)C1O
Nc1[n]c[n]c2c1[n]c[n]2C1OC(CSCCC(N)C(O)=O)C(O)C1O
008.sdf
0
C1C=CC=C2OC3=CC=CC=C3C2=1
c1cccc2oc3ccccc3c21
1
OC(=O)CCC(C(CCC(=O)NC(CCC(=O)NC(CCC(=O)NCCC1C=CC(=CC=1)OCC1=COC(CNC=O)=C1)C(O)=O)C(O)=O)C(O)=O)C(O)=O
OC(=O)CCC(C(CCC(=O)NC(CCC(=O)NC(CCC(=O)NCCc1ccc(cc1)OCc1coc(CNC=O)c1)C(O)=O)C(O)=O)C(O)=O)C(O)=O
2
NCC1=CC(COC2C=CC(CCNC(=O)CCC(NC(=O)CCC(NC(=O)CCC(C(CCC(O)=O)C(O)=O)C(O)=O)C(O)=O)C(O)=O)=CC=2)=CO1
NCc1cc(COc2ccc(CCNC(=O)CCC(NC(=O)CCC(NC(=O)CCC(C(CCC(O)=O)C(O)=O)C(O)=O)C(O)=O)C(O)=O)cc2)co1
3
NC(NC1CCC1)C1C=CC(=CC=1)C1=CC=C(O1)C1C=CC(=CC=1)C(N)NC1CCC1
NC(NC1CCC1)c1ccc(cc1)-c1ccc(o1)-c1ccc(cc1)C(N)NC1CCC1
4
NC(NC1CCCCC1)C1C=CC(=CC=1)C1=CC=C(O1)C1C=CC(=CC=1)C(N)NC1CCCCC1
NC(NC1CCCCC1)c1ccc(cc1)-c1ccc(o1)-c1ccc(cc1)C(N)NC1CCCCC1
5
CC1C=C(C=C(C)C=1OCCCC1=CC(C)=NO1)C1N=NN(C)N=1
Cc1cc(CCCOc2c(C)cc(cc2C)-c2[n][n](C)[n][n]2)o[n]1
6
CC1C=C(C=C(C)C=1OCCCC1=CC(C)=NO1)C1=NOC(=N1)C(F)(F)F
Cc1cc(CCCOc2c(C)cc(cc2C)-c2[n]oc([n]2)C(F)(F)F)o[n]1
7
N#CC1C(=NO[N+]=1[O-])C1C=CC=CC=1
N#Cc1c([n]o[n+]1[O-])-c1ccccc1
8
CC1C=C(CCCCCOC2C=CC(=CC=2)C2=NCCO2)ON=1
Cc1cc(CCCCCOc2ccc(cc2)C2=NCCO2)o[n]1
9
CC1C=C(CCCCCOC2=CC=C(C=C2)C2=NC(C)CO2)ON=1
Cc1cc(CCCCCOc2ccc(cc2)C2=NC(C)CO2)o[n]1
10
CC1C=C(CCCCCOC2C=CC(=CC=2Cl)C2=NCCO2)ON=1
Cc1cc(CCCCCOc2ccc(cc2Cl)C2=NCCO2)o[n]1
11
CC1C=C(CCCCCCCOC2=CC=C(C=C2)C2=NC(C)CO2)ON=1
Cc1cc(CCCCCCCOc2ccc(cc2)C2=NC(C)CO2)o[n]1
12
CC1C=C(CCCCCCCOC2C=CC(=CC=2Cl)C2=NC(C)CO2)ON=1
Cc1cc(CCCCCCCOc2ccc(cc2Cl)C2=NC(C)CO2)o[n]1
13
NC(=O)NN=CC1=CC=C(O1)[N+]([O-])=O
NC(=O)NN=Cc1ccc(o1)[N+]([O-])=O
14
CC(SC1=NC(N)=CC(Cl)=N1)C1C=C2C=COC2=CN=1
CC(Sc1[n]c(N)cc(Cl)[n]1)c1cc2ccoc2c[n]1
15
CC1(C)C2CC(O)C3(C)C(CCC4(C)C(OC(=O)C5OC435)C3=COC=C3)C2(C)C=CC1=O
CC1(C)C2CC(O)C3(C)C(CCC4(C)C(OC(=O)C5OC435)c3cocc3)C2(C)C=CC1=O
16
CC1(C)C2CC(=O)C3(C)C(CCC4(C)C(OC(=O)C5OC435)C3=COC=C3)C2(C)C=CC1=O
CC1(C)C2CC(=O)C3(C)C(CCC4(C)C(OC(=O)C5OC435)c3cocc3)C2(C)C=CC1=O
17
CNC1C=CC2OC(CC3OC4(CCC3C)OC(C(C)C(=O)C3=CC=CN3)C(C)CC4C)=NC=2C=1C(O)=O
CNc1ccc2oc(CC3OC4(CCC3C)OC(C(C)C(=O)c3ccc[nH]3)C(C)CC4C)[n]c2c1C(O)=O
18
CNC1C=CC2OC(CC3OC4(CCC3C)OC(C(C)C(=O)C3=CC=CN3)C(C)CC4C)=NC=2C=1C([O-])=O
CNc1ccc2oc(CC3OC4(CCC3C)OC(C(C)C(=O)c3ccc[nH]3)C(C)CC4C)[n]c2c1C([O-])=O
19
CC1=CC(=NO1)C(=O)NC(C(C)C)C(=O)CC(CC1=CC=C(F)C=C1)C(=O)NC(CCC(=O)OCC)CC1CCNC1=O
Cc1cc([n]o1)C(=O)NC(C(C)C)C(=O)CC(Cc1ccc(F)cc1)C(=O)NC(CCC(=O)OCC)CC1CCNC1=O
20
CCCCC1OC2=CC=CC=C2C=1C(=O)C1=CC(I)=C(OCC[NH+](CC)CC)C(I)=C1
CCCCc1oc2ccccc2c1C(=O)c1cc(I)c(OCC[NH+](CC)CC)c(I)c1
21
CCCCC1OC2=CC=CC=C2C=1C(=O)C1=CC(I)=C(OCCN(CC)CC)C(I)=C1
CCCCc1oc2ccccc2c1C(=O)c1cc(I)c(OCCN(CC)CC)c(I)c1
22
CCN1CCC2OC(N)=NC=2CC1
CCN1CCc2oc(N)[n]c2CC1
23
COC(=O)C1=CC=C(C=CC2=CC=C(O2)[N+]([O-])=O)O1
COC(=O)c1ccc(C=Cc2ccc(o2)[N+]([O-])=O)o1
24
CC(=O)C1=CC2C=CC=C(OCC(O)CNC(C)C)C=2O1
CC(=O)c1cc2cccc(OCC(O)CNC(C)C)c2o1
25
CCC1OC2=CC=CC=C2C=1C(=O)C1=CC(Br)=C(O)C(Br)=C1
CCc1oc2ccccc2c1C(=O)c1cc(Br)c(O)c(Br)c1
26
COC1C2C=COC=2C=C2OC(=O)C=CC2=1
COc1c2ccoc2cc2OC(=O)C=Cc21
27
CC12CCC3OC=CC=3C1CCC13CC(O)(CO)C(C1)CCC32
CC12CCc3occc3C1CCC13CC(O)(CO)C(C1)CCC32
28
CC12CCC3OC=CC=3C1CCC13CC(CCC21)C(O)(C3)COC(C)=O
CC12CCc3occc3C1CCC13CC(CCC21)C(O)(C3)COC(C)=O
29
CC1(C)C(OP(O)(O)=O)C(OC21CC(O)C(C)C(CC=CC1=COC(=N1)C(C)CCNC(=O)C(O)C(O)C(COC)N(C)C)O2)C(CC(O)C(C)C(O)C(C)C=C(C)C(C)=CC=CC(C)=CC#N)OC
CC1(C)C(OP(O)(O)=O)C(OC21CC(O)C(C)C(CC=Cc1coc([n]1)C(C)CCNC(=O)C(O)C(O)C(COC)N(C)C)O2)C(CC(O)C(C)C(O)C(C)C=C(C)C(C)=CC=CC(C)=CC#N)OC
014.sdf
0
C1=CC=CC=[SiH]1
c1cccc:[SiH]:1
1
C[Si]1C=CC=CC=1
C[Si]1:ccccc:1
2
CC(C)(C)[Si-]1C(=C(C(=C1C1C=CC=CC=1)C1C=CC=CC=1)C1C=CC=CC=1)C1C=CC=CC=1
CC(C)(C)[Si-]1:c(c(c(c:1-c1ccccc1)-c1ccccc1)-c1ccccc1)-c1ccccc1
3
CC1C(C)=CC=C[Si]=1C
Cc1ccc:[Si](C):c1C
4
COC1C(OC)=[Si](CCCCCCCCCCCN)C=CC=1OC
COc1c(OC):[Si](CCCCCCCCCCCN):ccc1OC
5
CCOC1C=C[Si](CCCC)=C(CCCC)C=1OCC
CCOc1cc:[Si](CCCC):c(CCCC)c1OCC
6
ClC1C(Cl)=CC=C[Si]=1Cl
Clc1ccc:[Si](Cl):c1Cl
7
CC(C)CC1C=C[Si](OC)=C(OC)C=1OC
CC(C)Cc1cc:[Si](OC):c(OC)c1OC
8
CCCCCC[Si]1C=CC=CC=1
CCCCCC[Si]1:ccccc:1
9
CC(C)(C)C1C=C[Si](OC)=C(OC)C=1C1C=CC=CC=1
CO[Si]1:ccc(c(c:1OC)-c1ccccc1)C(C)(C)C
10
CC1C=C[Si](C)=C(C)C=1C
Cc1cc:[Si](C):c(C)c1C
11
CCC1C(CC)=C[Si](CC)=C([Si])C=1CC
CCc1c(CC)c:[Si](CC):c([Si])c1CC
12
CC1C=C[Si](O)=C(C)C=1C
Cc1cc:[Si](O):c(C)c1C
13
C1=NC=[Si]C2=CC=CC=C21 |^1:3|
c1[n]c:[Si]:c2ccccc21 |^1:3|
14
CC1C=C[Si](OCC)=C(OCC)C=1OCC
Cc1cc:[Si](OCC):c(OCC)c1OCC
15
CC(C)(CC(C)(CN1C=[Si]C=[Si]1)C1C=CC(F)=CC=1)C1C=CC(F)=CC=1 |^1:9,11|
CC(C)(CC(C)(C[n]1c:[Si]:c:[Si]:1)c1ccc(F)cc1)c1ccc(F)cc1 |^1:9,11|
16
CC1C=C[Si](Cl)=C(C)C=1C
Cc1cc:[Si](Cl):c(C)c1C
17
C(CCCCC[Si]1C=CC=CN=1)[Si]1C=CC=CN=1
C(CCCCC[Si]1:cccc[n]:1)[Si]1:cccc[n]:1
18
C[Si]1C=CC=CC=1Cl
C[Si]1:ccccc:1Cl
19
CC1=C2C(OC=C1C)=[Si](CC)C(CC)=C2C
Cc1c2c(occ1C):[Si](CC):c(CC)c2C
20
CC1=[Si]ON=C1C(=O)NC1C=CC(=CC=1)C(F)(F)F |^1:2|
Cc1:[Si]:o[n]c1C(=O)Nc1ccc(cc1)C(F)(F)F |^1:2|
21
CCCNC1C=C[Si](Cl)=C(Cl)C=1Cl
CCCNc1cc:[Si](Cl):c(Cl)c1Cl
22
C[Si]1N=C(C)C=C[Si]=1C1=CC=CC2C=CC3=CC4=CC=CC=C4C=C3C=21
C[Si]1:[n]c(C)cc:[Si]:1-c1cccc2ccc3cc4ccccc4cc3c21
23
CCOC1C(OCC)=[Si](C=CC=1C1C=CC=CC=1)OCC
CCOc1c(OCC)c(cc:[Si]:1OCC)-c1ccccc1
24
C1C=CC=C2N[Si]=NC2=1 |^1:6|
c1cccc2[nH]:[Si]:[n]c21 |^1:6|
25
[Cl-].C1=C[Si]=[NH+]C2=CC=CC=C21 |^1:3|
[Cl-].c1cccc2[nH+]:[Si]:ccc21 |^1:7|
26
C1=C[Si]=NC2=CC=CC=C21 |^1:2|
c1cccc2[n]:[Si]:ccc21 |^1:6|
27
CC1=C2C(OC=C1C)=[Si](C)C(C)=C2C
Cc1c(C)c2c(occ(C)c2C):[Si]:1C
28
C[Si]1C=C[Si](C)=CC=1
C[Si]1:cc:[Si](C):cc:1
29
C[Si]1C=CC(Cl)=C(Cl)C=1Cl
C[Si]1:ccc(Cl)c(Cl)c:1Cl
015.sdf
0
ClP1(Cl)N=C(Cl)N=C(Cl)N=1
Cl[p]1(Cl)[n]c(Cl)[n]c(Cl)[n]1
1
C1=CC=CC=P1
c1cccc[p]1
2
C1=PC=CC2=CC=CC=C21
c1[p]ccc2ccccc21
3
C1=C2C=CC=CC2=PC2=CC=CC=C21
c1c2ccccc2[p]c2ccccc21
4
FC(F)(F)C1=C(P(P1C(F)(F)F)C(F)(F)F)C(F)(F)F
FC(F)(F)c1c([p]([p]1C(F)(F)F)C(F)(F)F)C(F)(F)F
5
C1C(=PC(=CC=1C1C=CC=CC=1)C1C=CC=CC=1)C1C=CC=CC=1
c1c([p]c(cc1-c1ccccc1)-c1ccccc1)-c1ccccc1
6
CC1=CC=C(C)P1C1C=CC=CC=1
Cc1ccc(C)[p]1-c1ccccc1
7
CC(C)(C)C1=CC(=PC(=C1)C(C)(C)C)C(C)(C)C
CC(C)(C)c1cc([p]c(c1)C(C)(C)C)C(C)(C)C
8
C1=CC=CC=C1P1C=CC=C1
c1ccccc1-[p]1cccc1
9
COP1(OC)C(=CC(=CC=1C1C=CC=CC=1)C1C=CC=CC=1)C1C=CC=CC=1
CO[p]1(OC)c(cc(cc1-c1ccccc1)-c1ccccc1)-c1ccccc1
10
C1=CC=CC=C1C1C2=CC=CC=C2P=C2C=CC=CC2=1
c1ccccc1-c1c2ccccc2[p]c2ccccc21
11
C1C(C2C=CC=CC=2)=P(C(=CC=1C1C=CC=CC=1)C1C=CC=CC=1)(C1C=CC=CC=1)C1C=CC=CC=1
c1c(-c2ccccc2)[p](c(cc1-c1ccccc1)-c1ccccc1)(-c1ccccc1)-c1ccccc1
12
CP1(C)C(=CC(=CC=1C1C=CC=CC=1)C1C=CC=CC=1)C1C=CC=CC=1
C[p]1(C)c(cc(cc1-c1ccccc1)-c1ccccc1)-c1ccccc1
13
CCCCP1C=C(C)C(C)=C1
CCCC[p]1cc(C)c(C)c1
14
CCN(CC)P1(C(=CC(=CC=1C1C=CC=CC=1)C1C=CC=CC=1)C1C=CC=CC=1)N(CC)CC
CCN(CC)[p]1(c(cc(cc1-c1ccccc1)-c1ccccc1)-c1ccccc1)N(CC)CC
15
CCCCP1C=CC=C1
CCCC[p]1cccc1
16
CP1C=C(C)C(C)=C1
C[p]1cc(C)c(C)c1
17
CC(C)(C)C1=CC(C(C)(C)C)=P(OC)(OC)C(=C1)C(C)(C)C
CC(C)(C)c1cc(C(C)(C)C)[p](OC)(OC)c(c1)C(C)(C)C
18
CC(C)(C)P1C=C(C)C(C)=C1
CC(C)(C)[p]1cc(C)c(C)c1
19
C(C1C=CC=CC=1)P1(CC2C=CC=CC=2)C(=CC=C2C=CC=CC=12)C1C=CC=CC=1
C(c1ccccc1)[p]1(Cc2ccccc2)c(ccc2ccccc12)-c1ccccc1
20
C1=CC2=CC=CC=C2P=C1C1C=CC=CC=1
c1cc([p]c2ccccc21)-c1ccccc1
21
CCN(CC)P1(F)C(=CC(=CC=1C1C=CC=CC=1)C1C=CC=CC=1)C1C=CC=CC=1
CCN(CC)[p]1(F)c(cc(cc1-c1ccccc1)-c1ccccc1)-c1ccccc1
22
ClP1(Cl)C(=CC(=CC=1C1C=CC=CC=1)C1C=CC=CC=1)C1C=CC=CC=1
Cl[p]1(Cl)c(cc(cc1-c1ccccc1)-c1ccccc1)-c1ccccc1
23
FP1(F)C(=CC(=CC=1C1C=CC=CC=1)C1C=CC=CC=1)C1C=CC=CC=1
F[p]1(F)c(cc(cc1-c1ccccc1)-c1ccccc1)-c1ccccc1
24
CC1=CC2=CC=CC=C2C=P1
Cc1cc2ccccc2c[p]1
25
C1=CC=CC=C1C1=PC2=CC=CC=C2C2=CC=CC=C21
c1ccccc1-c1[p]c2ccccc2c2ccccc21
26
CC1C2=CC=CC=C2P=C2C=CC=CC2=1
Cc1c2ccccc2[p]c2ccccc21
27
C1=CC=CP1
c1ccc[pH]1
28
CC(C)(C)C1=CC(=CC2=C1OP(OC1C(=CC(=CC2=1)C(C)(C)C)C(C)(C)C)OCCN(CCOP1OC2C(=CC(=CC=2C2C=C(C=C(C=2O1)C(C)(C)C)C(C)(C)C)C(C)(C)C)C(C)(C)C)CCOP1OC2C(=CC(=CC=2C2C=C(C=C(C=2O1)C(C)(C)C)C(C)(C)C)C(C)(C)C)C(C)(C)C)C(C)(C)C
CC(C)(C)c1cc(cc2c1o[p](oc1c(cc(cc21)C(C)(C)C)C(C)(C)C)OCCN(CCO[p]1oc2c(cc(cc2c2cc(cc(c2o1)C(C)(C)C)C(C)(C)C)C(C)(C)C)C(C)(C)C)CCO[p]1oc2c(cc(cc2c2cc(cc(c2o1)C(C)(C)C)C(C)(C)C)C(C)(C)C)C(C)(C)C)C(C)(C)C
29
S=ClP1OC2=CC=CC=C2C2=CC=CC=C2O1
S=Cl[p]1oc2ccccc2c2ccccc2o1
016.sdf
0
CC1N=C(N)C(C[N+]2=CSC(CCOP(O)(=O)OP(O)(=O)OP(O)(O)=O)=C2C)=CN=1
Cc1[n]c(N)c(C[n+]2c[s]c(CCOP(O)(=O)OP(O)(=O)OP(O)(O)=O)c2C)c[n]1
1
CC1N=C(N)C(C[N+]2=CSC(CCOP(O)(=O)OP(O)(=O)OC(O)CCC(O)=O)=C2C)=CN=1
Cc1[n]c(N)c(C[n+]2c[s]c(CCOP(O)(=O)OP(O)(=O)OC(O)CCC(O)=O)c2C)c[n]1
2
CC1N=C(N)C(C[N+]2=CSC(CCO)=C2C)=CN=1
Cc1[n]c(N)c(C[n+]2c[s]c(CCO)c2C)c[n]1
3
CC1=C(CCOP(O)(O)=O)SC=[N+]1CC1=CN=C(C)N=C1N
Cc1c(CCOP(O)(O)=O)[s]c[n+]1Cc1c[n]c(C)[n]c1N
4
CC1=C(CCOP(O)(=O)OP(O)(O)=O)SC=[N+]1CC1=CN=C(C)N=C1N
Cc1c(CCOP(O)(=O)OP(O)(O)=O)[s]c[n+]1Cc1c[n]c(C)[n]c1N
5
CC1N=CSC=1CCO
Cc1[n]c[s]c1CCO
6
CC1N=CSC=1CCOP(O)(O)=O
Cc1[n]c[s]c1CCOP(O)(O)=O
7
OC(=O)/C(=N\C(=O)C(CS)CCC1C=CC=CC=1)/C1=CC=C(CN2C=NN=N2)S1
OC(=O)/C(=N\C(=O)C(CS)CCc1ccccc1)/c1ccc(C[n]2c[n][n][n]2)[s]1
8
CC1CC(NC)C2C=C(SC=2S1(=O)=O)S(N)(=O)=O
CC1CC(NC)c2cc([s]c2S1(=O)=O)S(N)(=O)=O
9
CCNC1CN(CCOC)S(=O)(=O)C2SC(=CC=21)S(N)(=O)=O
CCNC1CN(CCOC)S(=O)(=O)c2[s]c(cc21)S(N)(=O)=O
10
CNC1CN(C2=CC(=CC=C2)OC)S(=O)(=O)C2SC(=CC=21)S(N)(=O)=O
CNC1CN(c2cc(ccc2)OC)S(=O)(=O)c2[s]c(cc21)S(N)(=O)=O
11
OB(O)C1=CC(=CC=C1)NS(=O)(=O)C1=CC(=CS1)S(=O)(=O)C1C=CC=CC=1
OB(O)c1cc(ccc1)NS(=O)(=O)c1cc(c[s]1)S(=O)(=O)c1ccccc1
12
COC1C=C(C=CC=1)N1C=CC2C=C(SC=2S1(=O)=O)S(N)(=O)=O
COc1cc(ccc1)N1C=Cc2cc([s]c2S1(=O)=O)S(N)(=O)=O
13
OC(=O)C1=C(NC(=O)C(O)=O)SC2CSCCC=21
OC(=O)c1c(NC(=O)C(O)=O)[s]c2CSCCc21
14
CC(C)C(NC(=O)CN1C(=NC=C(N)C1=O)C1=CC=CS1)C(=O)C(F)(F)C(=O)NCCN1CCOCC1
CC(C)C(NC(=O)CN1C(=O)C(N)=CN=C1c1ccc[s]1)C(=O)C(F)(F)C(=O)NCCN1CCOCC1
15
NC1=NC=C(S1)S(=O)(=O)C1C=CC(=CC=1)[N+]([O-])=O
Nc1[n]cc([s]1)S(=O)(=O)c1ccc(cc1)[N+]([O-])=O
16
COC1C=C(C=CC=1)N1CCC2C=C(SC=2S1(=O)=O)S(N)(=O)=O
COc1cc(ccc1)N1CCc2cc([s]c2S1(=O)=O)S(N)(=O)=O
17
NS(=O)(=O)C1=CC2C(O)CN(CC3=CC=CS3)S(=O)(=O)C=2S1
NS(=O)(=O)c1cc2C(O)CN(Cc3ccc[s]3)S(=O)(=O)c2[s]1
18
COC1C=CC(=CC=1)N1CC(O)C2C=C(SC=2S1(=O)=O)S(N)(=O)=O
COc1ccc(cc1)N1CC(O)c2cc([s]c2S1(=O)=O)S(N)(=O)=O
19
OC(=O)CC1=NN(CC2=NC3C=C(C=CC=3S2)C(F)(F)F)C(=O)C2=CC=CC=C12
OC(=O)CC1=NN(Cc2[n]c3cc(ccc3[s]2)C(F)(F)F)C(=O)c2ccccc12
20
OC1=CC2SC(C3C=CC(=CC=3)OCCN3CCCC3)=C(CC3=CC(Br)=C(CN4CCCC4)C=C3)C=2C=C1
Oc1cc2[s]c(-c3ccc(cc3)OCCN3CCCC3)c(Cc3cc(Br)c(CN4CCCC4)cc3)c2cc1
21
OC1=CC2SC(C3=CN=C(C=C3)OCCN3CCCC3)=C(CC3C=CC(=CC=3)OCCN3CCCC3)C=2C=C1
Oc1cc2[s]c(-c3c[n]c(cc3)OCCN3CCCC3)c(Cc3ccc(cc3)OCCN3CCCC3)c2cc1
22
C(C1=C(SC2=CC=CC=C12)C1C=CC(=CC=1)OCCN1CCCC1)C1C=CC(=CC=1)OCCN1CCCC1
C(c1c([s]c2ccccc12)-c1ccc(cc1)OCCN1CCCC1)c1ccc(cc1)OCCN1CCCC1
23
O=C1N=C2C=CC3N=CSC=3C2=C1CNC1=CC=C(C=C1)S(=O)(=O)NC1=CC=CC=N1
O=C1N=C2C=Cc3[n]c[s]c3C2=C1CNc1ccc(cc1)S(=O)(=O)Nc1cccc[n]1
24
NC(=[NH2+])C1=CC2C(I)=CC=CC=2S1
NC(=[NH2+])c1cc2c(I)cccc2[s]1
25
[H]/N=C(\N)/C1=CC2C(I)=CC=CC=2S1
[H]/N=C(\N)/c1cc2c(I)cccc2[s]1
26
CC(=O)NC1SC(=N[N+]=1C)S(N)(=O)=O
CC(=O)Nc1[s]c([n][n+]1C)S(N)(=O)=O
27
CC1C=CC(=CC=1)N1N=C(C(=O)OCC)C2=C(Br)SC(N)=C2C1=O
Cc1ccc(cc1)N1N=C(c2c(Br)[s]c(N)c2C1=O)C(=O)OCC
28
CC(=O)NC1=NN=C(S1)S(N)(=O)=O
CC(=O)Nc1[n][n]c([s]1)S(N)(=O)=O
29
COC1=CC(=CC(CSC2=NC3=CC=CC=C3S2)=C1O)C=C(C#N)C(N)=O
COc1cc(cc(CSc2[n]c3ccccc3[s]2)c1O)C=C(C#N)C(N)=O
033.sdf
0
N#C[As]1C2=CC=CC=C2C2=CC=CC=C12
N#C[as]1c2ccccc2c2ccccc12
1
C1=CC=CC=[As]1
c1cccc[as]1
2
CC1=CC=C(C)[As]1C1C=CC=CC=1
Cc1ccc(C)[as]1-c1ccccc1
3
C1=CC=CC=C1C1C2=CC=CC=C2[As]=C2C=CC=CC2=1
c1ccccc1-c1c2ccccc2[as]c2ccccc21
4
I[As]1C2=CC=CC=C2C2=CC=CC=C12
I[as]1c2ccccc2c2ccccc12
5
C1=CC=C(C2=CC=CC=C21)[As]1C2=CC=CC=C2C2=CC=CC=C12
c1cccc2c(cccc21)-[as]1c2ccccc2c2ccccc12
6
C1=CC=CC=C1[As]1C2=CC=CC=C2C2=CC=CC=C12
c1ccccc1-[as]1c2ccccc2c2ccccc12
7
C1=CC=CC=C1C1C=CC(=CC=1)[As]1C2=CC=CC=C2C2=CC=CC=C12
c1cc(ccc1-c1ccccc1)-[as]1c2ccccc2c2ccccc12
8
C1=CC=CC2=[As]C3=CC=CC=C3[As]=C21
c1cccc2[as]c3ccccc3[as]c21
9
Cl[As]1C2=CC=CC=C2C2=CC=CC=C12
Cl[as]1c2ccccc2c2ccccc12
10
CC1=C[AsH]C=C1C
Cc1c[asH]cc1C
11
CC(C)(C)N1P2N3N(C)P(N([As]3Cl)C(C)(C)C)N(N2C)[As]1Cl
CC(C)(C)[n]1[p]2[n]3[n](C)[p]([n]([as]3Cl)C(C)(C)C)[n]([n]2C)[as]1Cl
12
CC1=C[As]C=C1C |^1:3|
CC1=C[As]C=C1C |^1:3|
13
C1=CC=C[As]1 |^1:4|
C1=CC=C[As]1 |^1:4|
14
C[As]1C2=CC=CC=C2C=C1[Si](C)(C)C
C[as]1c2ccccc2cc1[Si](C)(C)C
15
C[Si](C)(C)C1=CC2=CC=CC=C2[As]1C1C=CC=CC=1
C[Si](C)(C)c1cc2ccccc2[as]1-c1ccccc1
16
C1=CC2=CC=CC=C2[As]1C1C=CC=CC=1
c1c[as](c2ccccc21)-c1ccccc1
17
C[As]1C=CC2=CC=CC=C12
C[as]1ccc2ccccc12
18
CC(C)(C)C1=CC(=CC2=C1O[As](O[As]1OC3C(=CC(=CC=3C3C=C(C=C(C=3O1)C(C)(C)C)C(C)(C)C)C(C)(C)C)C(C)(C)C)OC1C(=CC(=CC2=1)C(C)(C)C)C(C)(C)C)C(C)(C)C
CC(C)(C)c1cc(cc2c1o[as](O[as]1oc3c(cc(cc3c3cc(cc(c3o1)C(C)(C)C)C(C)(C)C)C(C)(C)C)C(C)(C)C)oc1c(cc(cc21)C(C)(C)C)C(C)(C)C)C(C)(C)C
19
C1=CC=[As]C2=CC=CC=C21
c1cccc2[as]cccc21
20
[Sm].[Sm].CC1=C[AsH]C=C1C.CC1=C[As]C=C1C.CC1[C-](C)C(C)=C(C)C=1C.CC1[C-](C)C(C)=C(C)C=1C.CC1[C-](C)C(C)=C(C)C=1C.C[C-]1[C-](C)[C-](C)[C-](C)[C-]1C |^1:12|
[Sm].[Sm].CC1=C[As]C=C1C.Cc1c[asH]cc1C.Cc1[c-](C)c(C)c(C)c1C.Cc1[c-](C)c(C)c(C)c1C.Cc1[c-](C)c(C)c(C)c1C.C[c-]1[c-](C)[c-](C)[c-](C)[c-]1C |^1:5|
21
CC1=C(C)C(C)=C(C)[As]1C1C=CC=CC=1
Cc1c(C)c(C)c(C)[as]1-c1ccccc1
22
CC1=C[As](C=C1C)C1C=CC=CC=1
Cc1c[as](cc1C)-c1ccccc1
23
Cl[As]1N=C(C(=N1)C1=CSC=C1)C1=CSC=C1
Cl[as]1[n]c(c([n]1)-c1c[s]cc1)-c1c[s]cc1
24
C1=CC=[As]N1
c1cc[as][nH]1
25
C1=C[As]C2=CC=CC=C21 |^1:2|
c1cccc2[As]C=Cc21 |^1:5|
26
[Cl-].[Cl-].[Cl-].[Zr].[Zr].[Zr].CC1=[As][As]C(C)=C1C.CC1=[As][As]C(C)=C1C.CC1=[As][As]C(C)=C1C |^1:9,17,25|
[Cl-].[Cl-].[Cl-].[Zr].[Zr].[Zr].CC1=[As][As]C(C)=C1C.CC1=[As][As]C(C)=C1C.CC1=[As][As]C(C)=C1C |^1:9,17,25|
27
CC1C(C)=[As][As]C=1C |^1:5|
CC1C(C)=[As][As]C=1C |^1:5|
28
C1=CC=[As][As]1 |^1:4|
C1=CC=[As][As]1 |^1:4|
29
C1=CC=[As]P1
c1cc[as][pH]1
034.sdf
0
CC1=NC2=CC=CC=C2[Se]1
Cc1[n]c2ccccc2[se]1
1
CC1C=N[Se]N=1
Cc1c[n][se][n]1
2
C1=CC=CC2=N[Se]N=C21
c1cccc2[n][se][n]c21
3
CC1=NC2C(=CC=CC=2C)[Se]1
Cc1cccc2[se]c(C)[n]c12
4
[I-].CC1[Se]C2=CC=CC=C2[N+]=1CC
[I-].Cc1[se]c2ccccc2[n+]1CC
5
CC1[Se]C2=CC=CC=C2[N+]=1CC
Cc1[se]c2ccccc2[n+]1CC
6
[Cl-].CC1[Se]C2C=CC(=CC=2[N+]=1CC)OC
[Cl-].Cc1[se]c2ccc(cc2[n+]1CC)OC
7
CC1[Se]C2C=CC(=CC=2[N+]=1CC)OC
Cc1[se]c2ccc(cc2[n+]1CC)OC
8
CC1=NC2C=C(Cl)C=CC=2[Se]1
Cc1[n]c2cc(Cl)ccc2[se]1
9
CC1=NC2C=C(C=CC=2[Se]1)OC
Cc1[n]c2cc(ccc2[se]1)OC
10
CC1=CC2[Se]C(C)=NC=2C=C1C
Cc1cc2[se]c(C)[n]c2cc1C
11
[Br-].CC(C=C1[Se]C2=CC=CC=C2N1CC)=CC1[Se]C2=CC=CC=C2[N+]=1CC
[Br-].CC(C=C1[Se]c2ccccc2N1CC)=Cc1[se]c2ccccc2[n+]1CC
12
CC(C=C1[Se]C2=CC=CC=C2N1CC)=CC1[Se]C2=CC=CC=C2[N+]=1CC
CC(C=C1[Se]c2ccccc2N1CC)=Cc1[se]c2ccccc2[n+]1CC
13
CCC(C=C1SC2C=C(C)C(C)=CC=2N1CCCS([O-])(=O)=O)=CC1[Se]C2C=CC(=CC=2[N+]=1CCCS(O)(=O)=O)OC
CCC(C=C1Sc2cc(C)c(C)cc2N1CCCS([O-])(=O)=O)=Cc1[se]c2ccc(cc2[n+]1CCCS(O)(=O)=O)OC
14
CCC(C=C1SC2C=C(C)C(C)=CC=2N1CCCS(O)(=O)=O)=CC1[Se]C2C=CC(=CC=2[N+]=1CCCS(O)(=O)=O)OC
CCC(C=C1Sc2cc(C)c(C)cc2N1CCCS(O)(=O)=O)=Cc1[se]c2ccc(cc2[n+]1CCCS(O)(=O)=O)OC
15
[O-][N+](=O)C1=CC2=N[Se]N=C2C=C1
[O-][N+](=O)c1cc2[n][se][n]c2cc1
16
CC1=CC2=N[Se]N=C2C=C1C
Cc1cc2[n][se][n]c2cc1C
17
NC1=N[Se]N=C1C(N)=O
Nc1[n][se][n]c1C(N)=O
18
CCCCNC(=O)C1=N[Se]N=C1N
CCCCNC(=O)c1[n][se][n]c1N
19
CC1=CC2=N[Se]N=C2C=C1
Cc1cc2[n][se][n]c2cc1
20
CNC(=O)C1=N[Se]N=C1N
CNC(=O)c1[n][se][n]c1N
21
NC(=O)C1=C[Se]C(=N1)[C@@H]1O[C@H](CO)[C@@H](O)[C@H]1O
NC(=O)c1c[se]c([n]1)[C@@H]1O[C@H](CO)[C@@H](O)[C@H]1O
22
CC[N+]1C2=CC=CC=C2[Se]C=1C=CC=CC=C1[Se]C2=CC=CC=C2N1CC
CC[n+]1c2ccccc2[se]c1C=CC=CC=C1[Se]c2ccccc2N1CC
23
CC(=CC1[Se]C2=CC=CC=C2[N+]=1CCCS(O)(=O)=O)C=C1[Se]C2=CC=CC=C2N1CCCS([O-])(=O)=O
CC(C=C1[Se]c2ccccc2N1CCCS([O-])(=O)=O)=Cc1[se]c2ccccc2[n+]1CCCS(O)(=O)=O
24
CC(=CC1[Se]C2=CC=CC=C2[N+]=1CCCS(O)(=O)=O)C=C1[Se]C2=CC=CC=C2N1CCCS(O)(=O)=O
CC(C=C1[Se]c2ccccc2N1CCCS(O)(=O)=O)=Cc1[se]c2ccccc2[n+]1CCCS(O)(=O)=O
25
CC1[Se]C2=CC=CC=C2[N+]=1CC.CCOS([O-])(=O)=O
Cc1[se]c2ccccc2[n+]1CC.CCOS([O-])(=O)=O
26
[I-].COC1=CC2=C(C=C1)[Se]C(C=C(CC)C=C1[Se]C3C=CC(=CC=3N1CC)OC)=[N+]2CC
[I-].COc1cc2c(cc1)[Se]C(=CC(CC)=Cc1[se]c3ccc(cc3[n+]1CC)OC)N2CC
27
COC1=CC2=C(C=C1)[Se]C(C=C(CC)C=C1[Se]C3C=CC(=CC=3N1CC)OC)=[N+]2CC
COc1cc2c(cc1)[Se]C(=CC(CC)=Cc1[se]c3ccc(cc3[n+]1CC)OC)N2CC
28
CC1[Se]C2=CC=CC=C2[N+]=1CCC(C)S([O-])(=O)=O
Cc1[se]c2ccccc2[n+]1CCC(C)S([O-])(=O)=O
29
CC1[Se]C2=CC=CC=C2[N+]=1CCC(C)S(O)(=O)=O
Cc1[se]c2ccccc2[n+]1CCC(C)S(O)(=O)=O
052.sdf
0
C1C=CC=C2[Te]C3=CC=CC=C3C2=1
c1cccc2:[Te]:c3ccccc3c21
1
C1=C[Te]C2=CC=CC=C21
c1cccc2:[Te]:ccc21
2
C1=CC=C[Te]1
c1ccc:[Te]:1
3
OC(=O)C1=CC=C[Te]1
OC(=O)c1ccc:[Te]:1
4
COC(=O)C1=CC=C[Te]1
COC(=O)c1ccc:[Te]:1
5
CC1=CC=C[Te]1
Cc1ccc:[Te]:1
6
O=CC1=CC=C[Te]1
O=Cc1ccc:[Te]:1
7
CC(=O)C1=CC=C[Te]1
CC(=O)c1ccc:[Te]:1
8
CSC1=CC=C[Te]1
CSc1ccc:[Te]:1
9
CN(C)C(=O)C1=CC=C[Te]1
CN(C)C(=O)c1ccc:[Te]:1
10
ClC1=CC=C[Te]1
Clc1ccc:[Te]:1
11
BrC1=CC=C[Te]1
Brc1ccc:[Te]:1
12
IC1=CC=C[Te]1
Ic1ccc:[Te]:1
13
OCC1=C[Te]C=C1
OCc1c:[Te]:cc1
14
OCC1=C[Te]C(=C1)C1C=CC=CC=1
OCc1c:[Te]:c(c1)-c1ccccc1
15
C1=N[Te]C2=CC=CC=C21
c1[n]:[Te]:c2ccccc21
16
FC1=C2[Te]C3C(C2=C(F)C(F)=C1F)=C(F)C(F)=C(F)C=3F
Fc1c2:[Te]:c3c(c2c(F)c(F)c1F)c(F)c(F)c(F)c3F
17
OC(=O)C1=CC2=CC=CC=C2[Te]1
OC(=O)c1cc2ccccc2:[Te]:1
18
Br[Te]1(Br)C(=NC2=CC=CC=C12)C1C=CC=CC=1
Br[Te]1(Br)C(=Nc2ccccc12)c1ccccc1
19
CC[NH+](CC1[Te]C2=CC=CC=C2C=1Br)CC
CC[NH+](Cc1:[Te]:c2ccccc2c1Br)CC
20
CCN(CC1[Te]C2=CC=CC=C2C=1Br)CC
CCN(Cc1:[Te]:c2ccccc2c1Br)CC
21
[Gd+3].[O-]C(=O)CN1CCN(CC([O-])=O)CCN(CC(O)CNC(=O)C2=CC3=CC=CC=C3[Te]2)CCN(CC([O-])=O)CC1
[Gd+3].[O-]C(=O)CN1CCN(CC([O-])=O)CCN(CC(O)CNC(=O)c2cc3ccccc3:[Te]:2)CCN(CC([O-])=O)CC1
22
OC(CNC(=O)C1=CC2=CC=CC=C2[Te]1)CN1CCN(CC(O)=O)CCN(CC(O)=O)CCN(CC(O)=O)CC1
OC(CNC(=O)c1cc2ccccc2:[Te]:1)CN1CCN(CC(O)=O)CCN(CC(O)=O)CCN(CC(O)=O)CC1
23
NC(CC1=CNC2[Te]C=CC=21)C(O)=O
NC(Cc1c[nH]c2:[Te]:ccc21)C(O)=O
24
OC(=O)C1=CC2=CC=CC=C2[Te]1(I)I
OC(=O)C1=Cc2ccccc2[Te]1(I)I
25
NC(CC1=CNC2C=C[Te]C=21)C(O)=O
NC(Cc1c[nH]c2cc:[Te]:c21)C(O)=O
26
O=C(NCCCCN1CCN(CC1)C1C=CC=C(Cl)C=1Cl)C1=CC2=CC=CC=C2[Te]1
O=C(NCCCCN1CCN(CC1)c1cccc(Cl)c1Cl)c1cc2ccccc2:[Te]:1
27
C[Si](C)(C)C1=CC2=CC=CC=C2[Te]1
C[Si](C)(C)c1cc2ccccc2:[Te]:1
28
[O-][N+](=O)C1=CC2=C(C=C1)[Te]C1C=CC(=CC2=1)[N+]([O-])=O
[O-][N+](=O)c1cc2c(cc1):[Te]:c1ccc(cc21)[N+]([O-])=O
29
[O-][N+](=O)C1=CC2[Te]C3C=C(C=CC=3C=2C=C1)[N+]([O-])=O
[O-][N+](=O)c1cc2:[Te]:c3cc(ccc3c2cc1)[N+]([O-])=O
