**** Load and Save as Query ****
[#6]-[#6]-[#6;+5]-[#6]-[#6]-[#6]-[#6]-[#6]
**** Load and Save as Molecule ****
SMILES saver: SMARTS format availble for query only
CC[C+5]CCCCC
