Hash for reaction [Br:1][c:2]1[cH:3][cH:4][c:5]([CH:6]=[O:7])[cH:8][cH:9]1.[CH3:11][C:12]([O-:13])=[O:14].[CH3:22][CH2:23][OH:24].[NH4+:10].[OH:15][C:16]([CH2:17][C:18](=[O:19])[OH:20])=[O:21]>>[Br:1][c:2]1[cH:3][cH:4][c:5]([CH:6]([NH2:10])[CH2:11][C:12]([OH:13])=[O:14])[cH:8][cH:9]1 6-11;6-10;6-7
 collides with reactions [Br:1][c:2]1[cH:3][cH:4][c:5]([CH:6]=[O:7])[cH:8][cH:9]1.[CH3:18][C:19](=[O:20])[O-:21].[CH3:22][CH2:23][OH:24].[NH4+:17].[OH:10][C:11](=[O:12])[CH2:13][C:14](=[O:15])[OH:16]>>[Br:1][c:2]1[cH:3][cH:4][c:5]([CH:6]([CH2:13][C:11]([OH:10])=[O:12])[NH2:17])[cH:8][cH:9]1 13-14;6-17;6-7;6-13

Hash for reaction [CH3:20][CH:21]([CH2:22][AlH:23][CH2:24][CH:25]([CH3:26])[CH3:27])[CH3:28].[CH:1]([CH3:2])([CH3:3])[O:4][c:5]1[cH:6][cH:7][c:8]([CH:11]=[CH:12][CH:13]=[CH:14][C:15](=[O:16])[O:17][CH2:18][CH3:19])[cH:9][cH:10]1>>[CH:1]([CH3:2])([CH3:3])[O:4][c:5]1[cH:6][cH:7][c:8]([CH:11]=[CH:12][CH:13]=[CH:14][CH2:15][OH:16])[cH:9][cH:10]1 15-16;15-17
 collides with reactions [CH2:21]([Al+:22][CH2:23][CH:24]([CH3:25])[CH3:26])[CH:27]([CH3:28])[CH3:29].[CH:1]([CH3:2])([CH3:3])[O:4][c:5]1[cH:6][cH:7][c:8]([CH:11]=[CH:12][CH:13]=[CH:14][C:15](=[O:16])[O:17][CH2:18][CH3:19])[cH:9][cH:10]1.[H-:20]>>[CH:1]([CH3:2])([CH3:3])[O:4][c:5]1[cH:6][cH:7][c:8]([CH:11]=[CH:12][CH:13]=[CH:14][CH2:15][OH:16])[cH:9][cH:10]1 15-16;15-17

Hash for reaction [CH2:23]([CH:24]=[CH2:25])[Br:26].[CH3:1][c:2]1[n:3][n:4][c:5]2[n:6]1[n:7][c:8](-[c:11]1[cH:12][c:13]([NH:17][C:18]([CH3:19])=[O:20])[cH:14][cH:15][cH:16]1)[cH:9][cH:10]2.[CH3:28][N:29]([CH3:30])[CH:31]=[O:32].[H-:21].[Na+:22].[OH2:27]>>[CH3:1][c:2]1[n:3][n:4][c:5]2[n:6]1[n:7][c:8](-[c:11]1[cH:12][c:13]([N:17]([C:18]([CH3:19])=[O:20])[CH2:25][CH:24]=[CH2:23])[cH:14][cH:15][cH:16]1)[cH:9][cH:10]2 24-25;23-24;17-25;23-26
 collides with reactions [Br:23][CH2:24][CH2:25][CH3:26].[CH3:1][c:2]1[n:3][n:4][c:5]2[n:6]1[n:7][c:8](-[c:11]1[cH:12][c:13]([NH:17][C:18]([CH3:19])=[O:20])[cH:14][cH:15][cH:16]1)[cH:9][cH:10]2.[CH3:28][N:29]([CH3:30])[CH:31]=[O:32].[H-:21].[Na+:22].[OH2:27]>>[CH3:1][c:2]1[n:3][n:4][c:5]2[n:6]1[n:7][c:8](-[c:11]1[cH:12][c:13]([N:17]([C:18]([CH3:19])=[O:20])[CH2:24][CH2:25][CH3:26])[cH:14][cH:15][cH:16]1)[cH:9][cH:10]2 17-24;23-24

