Item #0
  0: 16
  1: 14
  2: 7
  3: 19
  4: 11
  5: 10
  6: 12
  7: 4
  8: 20
  9: 1
  10: 0
  11: 1
  12: 15
  13: 17
  14: 8
  15: 13
  16: 8
  17: 17
  18: 5
  19: 3
  20: 5
