bad valence layout test passed
{"root":{"nodes":[{"$ref":"mol0"},{"$ref":"mol1"},{"$ref":"mol2"}]},"mol0":{"type":"molecule","atoms":[{"label":"C","location":[1.8016331195831299,8.12485408782959,0.0]},{"label":"C","location":[1.8016331195831299,9.125273704528809,0.0]},{"label":"C","location":[0.9348845481872559,9.625483512878418,0.0]},{"label":"C","location":[0.9348845481872559,10.630379676818848,0.0]},{"label":"C","location":[1.8038105964660645,11.12514591217041,0.0]},{"label":"C","location":[2.6651153564453127,10.62578296661377,0.0]},{"label":"C","location":[2.6651153564453127,9.625,0.0]}],"bonds":[{"type":4,"atoms":[1,2]},{"type":4,"atoms":[6,1]},{"type":4,"atoms":[5,6]},{"type":4,"atoms":[4,5]},{"type":4,"atoms":[3,4]},{"type":4,"atoms":[2,3]},{"type":1,"atoms":[1,0]}],"sgroups":[{"type":"SUP","atoms":[0,1,2,3,4,5,6],"name":"Bn"}]},"mol1":{"type":"molecule","atoms":[{"label":"C","location":[3.7516331672668459,2.5248537063598635,0.0]},{"label":"C","location":[3.7516331672668459,3.5252737998962404,0.0]},{"label":"C","location":[2.8848845958709719,4.025484085083008,0.0]},{"label":"C","location":[2.8848845958709719,5.030379772186279,0.0]},{"label":"C","location":[3.7538106441497804,5.525146484375,0.0]},{"label":"C","location":[4.615115642547607,5.025783061981201,0.0]},{"label":"C","location":[4.615115642547607,4.025000095367432,0.0]}],"bonds":[{"type":4,"atoms":[1,2]},{"type":4,"atoms":[6,1]},{"type":4,"atoms":[5,6]},{"type":4,"atoms":[4,5]},{"type":4,"atoms":[3,4]},{"type":4,"atoms":[2,3]},{"type":1,"atoms":[1,0]}],"sgroups":[{"type":"SUP","atoms":[0,1,2,3,4,5,6],"name":"Bn"}]},"mol2":{"type":"molecule","atoms":[{"label":"C","location":[7.951632976531982,5.249853610992432,0.0]},{"label":"C","location":[7.951632976531982,6.250273704528809,0.0]},{"label":"C","location":[7.0848846435546879,6.750483989715576,0.0]},{"label":"C","location":[7.0848846435546879,7.755379676818848,0.0]},{"label":"C","location":[7.953810691833496,8.25014591217041,0.0]},{"label":"C","location":[8.815114974975586,7.7507829666137699,0.0]},{"label":"C","location":[8.815114974975586,6.75,0.0]}],"bonds":[{"type":4,"atoms":[1,2]},{"type":4,"atoms":[6,1]},{"type":4,"atoms":[5,6]},{"type":4,"atoms":[4,5]},{"type":4,"atoms":[3,4]},{"type":4,"atoms":[2,3]},{"type":1,"atoms":[1,0]}],"sgroups":[{"type":"SUP","atoms":[0,1,2,3,4,5,6],"name":"Bn"}]}}
{"root":{"nodes":[{"$ref":"mol0"},{"$ref":"mol1"},{"$ref":"mol2"}]},"mol0":{"type":"molecule","atoms":[{"label":"C","location":[1.8016331195831299,8.12485408782959,0.0]},{"label":"C","location":[1.8016331195831299,9.125273704528809,0.0]},{"label":"C","location":[0.9348845481872559,9.625483512878418,0.0]},{"label":"C","location":[0.9348845481872559,10.630379676818848,0.0]},{"label":"C","location":[1.8038105964660645,11.12514591217041,0.0]},{"label":"C","location":[2.6651153564453127,10.62578296661377,0.0]},{"label":"C","location":[2.6651153564453127,9.625,0.0]}],"bonds":[{"type":2,"atoms":[1,2]},{"type":1,"atoms":[6,1]},{"type":2,"atoms":[5,6]},{"type":1,"atoms":[4,5]},{"type":2,"atoms":[3,4]},{"type":1,"atoms":[2,3]},{"type":1,"atoms":[1,0]}],"sgroups":[{"type":"SUP","atoms":[0,1,2,3,4,5,6],"name":"Bn"}]},"mol1":{"type":"molecule","atoms":[{"label":"C","location":[3.7516331672668459,2.5248537063598635,0.0]},{"label":"C","location":[3.7516331672668459,3.5252737998962404,0.0]},{"label":"C","location":[2.8848845958709719,4.025484085083008,0.0]},{"label":"C","location":[2.8848845958709719,5.030379772186279,0.0]},{"label":"C","location":[3.7538106441497804,5.525146484375,0.0]},{"label":"C","location":[4.615115642547607,5.025783061981201,0.0]},{"label":"C","location":[4.615115642547607,4.025000095367432,0.0]}],"bonds":[{"type":2,"atoms":[1,2]},{"type":1,"atoms":[6,1]},{"type":2,"atoms":[5,6]},{"type":1,"atoms":[4,5]},{"type":2,"atoms":[3,4]},{"type":1,"atoms":[2,3]},{"type":1,"atoms":[1,0]}],"sgroups":[{"type":"SUP","atoms":[0,1,2,3,4,5,6],"name":"Bn"}]},"mol2":{"type":"molecule","atoms":[{"label":"C","location":[7.951632976531982,5.249853610992432,0.0]},{"label":"C","location":[7.951632976531982,6.250273704528809,0.0]},{"label":"C","location":[7.0848846435546879,6.750483989715576,0.0]},{"label":"C","location":[7.0848846435546879,7.755379676818848,0.0]},{"label":"C","location":[7.953810691833496,8.25014591217041,0.0]},{"label":"C","location":[8.815114974975586,7.7507829666137699,0.0]},{"label":"C","location":[8.815114974975586,6.75,0.0]}],"bonds":[{"type":2,"atoms":[1,2]},{"type":1,"atoms":[6,1]},{"type":2,"atoms":[5,6]},{"type":1,"atoms":[4,5]},{"type":2,"atoms":[3,4]},{"type":1,"atoms":[2,3]},{"type":1,"atoms":[1,0]}],"sgroups":[{"type":"SUP","atoms":[0,1,2,3,4,5,6],"name":"Bn"}]}}
dative layout test passed
