SMARTS component-level grouping load ok
SMARTS component-level grouping save ok
