*** 1 ***
[C:1]1([C:4]#[N:7])=[CH:3][CH:6]=[CH:8][CH:5]=[CH:2]1.[C:9]12([CH2:13][CH3:17])[CH2:12][CH2:16][CH2:18][CH2:15][CH:10]1[CH2:14][O:11]2>>[C:9]12([CH2:13][CH3:17])[CH2:12][CH2:16][CH2:18][CH2:15][CH:10]1[CH2:14][O:11][C:4]([C:1]1[CH:3]=[CH:6][CH:8]=[CH:5][CH:2]=1)=[N:7]2
[CH3:1][CH2:3][C:18]12[CH2:6][CH2:7][CH2:8][CH2:5][CH:16]1[CH2:4][O:15]2.[N:2]#[C:14][C:17]1[CH:9]=[CH:13][CH:12]=[CH:11][CH:10]=1>>[CH3:1][CH2:3][C:18]12[CH2:6][CH2:7][CH2:8][CH2:5][CH:16]1[CH2:4][O:15][C:14](=[N:2]2)[C:17]1[CH:10]=[CH:11][CH:12]=[CH:13][CH:9]=1 |f:0.1|
*** 2 ***
[C@@:1]([H])(N)([C:3](=[O:7])[OH:6])[CH2:2][CH2:5][CH2:8][CH2:9]N>>[C@@:1]1([H])([C:3](=[O:7])[OH:6])N[CH2:9][CH2:8][CH2:5][CH2:2]1
N[CH2:6][CH2:3][CH2:4][CH2:5][C@H:7](N)[C:8]([OH:1])=[O:2]>>[OH:1][C:8](=[O:2])[C@@H:7]1[CH2:5][CH2:4][CH2:3][CH2:6]N1
*** 3 ***
[N:1]1([CH3:4])[CH:3]=[CH:6][CH:5]=[CH:2]1>>[C:3]1(=[CH:6][CH:5]=[CH:2][N:1]1[CH3:4])[N+]([O-])=O
[CH3:1][N:6]1[CH:2]=[CH:4][CH:5]=[CH:3]1>>[CH3:1][N:6]1[CH:2]=[CH:4][CH:5]=[C:3]1[N+]([O-])=O
*** 4 ***
[C:1]1([CH:4]=[CH:7][CH:10]=[CH:6][CH:3]=1)[NH:2][C:5](=[O:9])[CH2:8][CH2:11]Br>>[N:2]1([CH2:11][CH2:8][C:5]1=[O:9])[C:1]1[CH:4]=[CH:7][CH:10]=[CH:6][CH:3]=1
[O:1]=[C:10]([CH2:2][CH2:3]Br)[NH:9][C:11]1[CH:4]=[CH:8][CH:7]=[CH:6][CH:5]=1>>[O:1]=[C:10]1[CH2:2][CH2:3][N:9]1[C:11]1[CH:4]=[CH:8][CH:7]=[CH:6][CH:5]=1
*** 5 ***
[C:1]1([O:4][CH2:7][CH3:9])=[CH:3][N:6]=[CH:8][CH:5]=[CH:2]1.[CH:10](=[O:12])[CH3:11]>>[C:3]1([CH:10]([OH:12])[CH3:11])[N:6]=[CH:8][CH:5]=[CH:2][C:1]=1[O:4][CH2:7][CH3:9]
[CH3:1][CH:9]=[O:3].[CH3:2][CH2:4][O:11][C:12]1=[CH:5][N:10]=[CH:7][CH:8]=[CH:6]1>>[CH3:2][CH2:4][O:11][C:12]1[CH:6]=[CH:8][CH:7]=[N:10][C:5]=1[CH:9]([CH3:1])[OH:3] |f:0.1|
*** 6 ***
[Si](C)(C)(C)[CH2:2][S:6](Cl)(=[O:8])=[O:7].[C:10]1(=[CH:13][CH2:17][CH2:16][CH2:12]1)[N:11]1[CH2:15][CH2:19][O:20][CH2:18][CH2:14]1>>[C:10]12([CH2:12][CH2:16][CH2:17][CH:13]1[S:6]([CH2:2]2)(=[O:8])=[O:7])[N:11]1[CH2:15][CH2:19][O:20][CH2:18][CH2:14]1
C[Si](C)(C)[CH2:3][S:15](=[O:1])(=[O:2])Cl.[CH2:4]1[CH2:10][CH2:5][C:13](=[CH:11]1)[N:14]1[CH2:8][CH2:6][O:12][CH2:7][CH2:9]1>>[O:1]=[S:15]1(=[O:2])[CH2:3][C:13]2([CH2:5][CH2:10][CH2:4][CH:11]12)[N:14]1[CH2:8][CH2:6][O:12][CH2:7][CH2:9]1 |f:0.1|
*** 7 ***
[O:1]([Si](C)(C)C)[C:2]([CH3:6])([CH3:5])[C:4](=[O:11])[CH2:10][C:12](=O)[CH:13]=[CH2:15]>>[C:2]1([CH3:6])([CH3:5])[O:1][C:12](=[CH:10][C:4]1=[O:11])[CH:13]=[CH2:15]
[CH3:1][C:10]([CH3:2])([O:7][Si](C)(C)C)[C:9](=[O:4])[CH2:5][C:8](=O)[CH:6]=[CH2:3]>>[CH3:1][C:10]1([CH3:2])[O:7][C:8]([CH:6]=[CH2:3])=[CH:5][C:9]1=[O:4]
*** 8 ***
[C:1]([O-])(=[O:3])[CH3:2].[C@@:5]12([H])[O:8][Si:13]([CH:19]([CH3:29])[CH3:28])([CH:18]([CH3:27])[CH3:26])[O:17][Si:25]([CH:37]([CH3:43])[CH3:42])([CH:36]([CH3:41])[CH3:40])[O:16][CH2:12][C:7]1=[CH:11][C@@:9]([H])([N:14]1[CH:21]=[N:32][C:30]3[C:38]([NH2:45])=[N:44][CH:39]=[N:31][C:20]1=3)[C@:6]2([H])OS(=O)(=O)C(F)(F)F>>[C@@:5]12([H])[O:8][Si:13]([CH:19]([CH3:29])[CH3:28])([CH:18]([CH3:27])[CH3:26])[O:17][Si:25]([CH:37]([CH3:43])[CH3:42])([CH:36]([CH3:41])[CH3:40])[O:16][CH2:12][C:7]1=[CH:11][C@@:9]([H])([N:14]1[CH:21]=[N:32][C:30]3[C:38]([NH2:45])=[N:44][CH:39]=[N:31][C:20]1=3)[C@@:6]2([H])O[C:1](=[O:3])[CH3:2]
[CH3:1][C:33]([O-])=[O:11].[CH3:2][CH:25]([CH3:5])[Si:36]1([O:20][C@H:23]2[C@@H:22](OS(=O)(=O)C(F)(F)F)[C@@H:24]([CH:15]=[C:30]2[CH2:12][O:19][Si:35]([O:21]1)([CH:27]([CH3:6])[CH3:9])[CH:28]([CH3:7])[CH3:8])[N:34]1[CH:14]=[N:17][C:31]2[C:29]([NH2:10])=[N:18][CH:13]=[N:16][C:32]1=2)[CH:26]([CH3:3])[CH3:4]>>[CH3:1][C:33](=[O:11])O[C@H:22]1[C@@H:23]2[O:20][Si:36]([O:21][Si:35]([O:19][CH2:12][C:30]2=[CH:15][C@H:24]1[N:34]1[CH:14]=[N:17][C:31]2[C:29]([NH2:10])=[N:18][CH:13]=[N:16][C:32]1=2)([CH:28]([CH3:8])[CH3:7])[CH:27]([CH3:6])[CH3:9])([CH:26]([CH3:3])[CH3:4])[CH:25]([CH3:2])[CH3:5] |f:0.1|
*** 9 ***
[C:1]12[C:4](=[O:10])[O:9][C:11]3[CH:16]=[CH:20][CH:17]=[CH:12][C:5]=3[C:2]=1[O:6][C:13]([C:7]1[CH2:14][CH2:19][CH2:15][CH2:8][C:3]2=1)=[O:18]>>[C:1]12[C:4](=[O:10])[O:9][C:11]3[CH:16]=[CH:20][CH:17]=[CH:12][C:5]=3[C:2]=1[O:6][C:13]([C:7]1[CH:14]=[CH:19][CH:15]=[CH:8][C:3]2=1)=[O:18]
[O:1]=[C:20]1[O:11][C:16]2[CH:7]=[CH:10][CH:9]=[CH:8][C:15]=2[C:14]2[O:12][C:19](=[O:2])[C:18]3[CH2:3][CH2:6][CH2:5][CH2:4][C:17]=3[C:13]1=2>>[O:1]=[C:20]1[O:11][C:16]2[CH:7]=[CH:10][CH:9]=[CH:8][C:15]=2[C:14]2[O:12][C:19](=[O:2])[C:18]3[CH:3]=[CH:6][CH:5]=[CH:4][C:17]=3[C:13]1=2
*** 10 ***
[C:1]12([CH2:5][CH2:9][CH2:13][CH2:8][CH2:4]1)[N:3]([N:2]2[S:6](=[O:12])(=[O:11])[C:10]1[CH:15]=[CH:17][C:18]([CH3:19])=[CH:16][CH:14]=1)[CH3:7].[C:20]1([N:23]=[C:26]=[O:28])[CH:22]=[CH:25][CH:27]=[CH:24][CH:21]=1>>[C:1]12([CH2:5][CH2:9][CH2:13][CH2:8][CH2:4]1)[N:3]([CH3:7])[N:2]([C:26](=[O:28])[N:23]2[C:20]1[CH:22]=[CH:25][CH:27]=[CH:24][CH:21]=1)[S:6](=[O:12])(=[O:11])[C:10]1[CH:15]=[CH:17][C:18]([CH3:19])=[CH:16][CH:14]=1
[CH3:1][N:26]1[N:25]([C:27]21[CH2:6][CH2:9][CH2:8][CH2:10][CH2:7]2)[S:28](=[O:4])(=[O:5])[C:23]1[CH:12]=[CH:13][C:24]([CH3:2])=[CH:16][CH:15]=1.[O:3]=[C:20]=[N:21][C:22]1[CH:11]=[CH:18][CH:17]=[CH:19][CH:14]=1>>[CH3:1][N:26]1[N:25]([C:20](=[O:3])[N:21]([C:22]2[CH:11]=[CH:18][CH:17]=[CH:19][CH:14]=2)[C:27]21[CH2:7][CH2:10][CH2:8][CH2:9][CH2:6]2)[S:28](=[O:4])(=[O:5])[C:23]1[CH:12]=[CH:13][C:24]([CH3:2])=[CH:16][CH:15]=1 |f:0.1|
*** 11 ***
[CH3:1][OH:2].[C:3]1(=[CH:6][CH:11]=[CH:14][CH:9]=[C:5]1[C:10](=[O:16])N)[C:4]1[S:8][N:13]=[C:12]([C:17]2[CH:19]=[CH:21][CH:22]=[CH:20][CH:18]=2)[N:7]=1>>[C:3]1(=[CH:6][CH:11]=[CH:14][CH:9]=[C:5]1[C:10](=[O:16])[O:2][CH3:1])[C:4]1[S:8][N:13]=[C:12]([C:17]2[CH:19]=[CH:21][CH:22]=[CH:20][CH:18]=2)[N:7]=1
[CH3:1][OH:2].N[C:16](=[O:3])[C:20]1=[CH:6][CH:9]=[CH:8][CH:7]=[C:19]1[C:18]1=[N:13][C:17](=[N:14][S:15]1)[C:21]1[CH:4]=[CH:10][CH:11]=[CH:12][CH:5]=1>>[CH3:1][O:2][C:16](=[O:3])[C:20]1=[CH:6][CH:9]=[CH:8][CH:7]=[C:19]1[C:18]1=[N:13][C:17](=[N:14][S:15]1)[C:21]1[CH:4]=[CH:10][CH:11]=[CH:12][CH:5]=1 |f:0.1|
*** 12 ***
[C:1](=[CH:4][C:8](=[O:14])[C:13](=[O:20])[O:19][CH2:24][CH3:28])([CH2:3][C:7](=[N:12][NH:18][C:23]1=[CH:27][CH:30]=[CH:31][CH:29]=[CH:26]1)[C:11]1[CH:17]=[CH:22][CH:25]=[CH:21][CH:16]=1)[C:2]1[CH:6]=[CH:10][CH:15]=[CH:9][CH:5]=1>>[C:1]1([CH2:4][C:8](=[O:14])[C:13](=[O:20])[O:19][CH2:24][CH3:28])([CH2:3][C:7](=[N:12][N:18]1[C:23]1=[CH:27][CH:30]=[CH:31][CH:29]=[CH:26]1)[C:11]1[CH:17]=[CH:22][CH:25]=[CH:21][CH:16]=1)[C:2]1[CH:6]=[CH:10][CH:15]=[CH:9][CH:5]=1
[CH3:1][CH2:4][O:24][C:27](=[O:3])[C:28](=[O:2])[CH:6]=[C:26]([CH2:5][C:25](=[N:23][NH:22][C:29]1[CH:8]=[CH:21][CH:14]=[CH:18][CH:11]=1)[C:30]1[CH:9]=[CH:20][CH:15]=[CH:17][CH:12]=1)[C:31]1[CH:7]=[CH:19][CH:13]=[CH:16][CH:10]=1>>[CH3:1][CH2:4][O:24][C:27](=[O:3])[C:28](=[O:2])[CH2:6][C:26]1([CH2:5][C:25](=[N:23][N:22]1[C:29]1[CH:8]=[CH:21][CH:14]=[CH:18][CH:11]=1)[C:30]1[CH:9]=[CH:20][CH:15]=[CH:17][CH:12]=1)[C:31]1[CH:7]=[CH:19][CH:13]=[CH:16][CH:10]=1
*** 13 ***
[C:1]12[C:4]3[CH:10]=[CH:17][CH:24]=[CH:16][C:9]=3[CH2:13][CH2:6][C:2]1=[C:5]([C:12]1=[CH:20][CH:27]=[CH:31][CH:26]=[CH:19]1)[C:11]1=[C:7]([C:14]3[CH:22]=[CH:29][CH:32]=[CH:28][C:21]=3[CH2:25][CH2:18]1)[N+:3]=2[CH2:8][CH2:15][CH2:23][CH2:30][CH2:33][CH2:34][CH3:35]>>[C:5]1([C:12]2=[CH:20][CH:27]=[CH:31][CH:26]=[CH:19]2)=[C:2]2[CH2:6][CH2:13][C:9]3[CH:16]=[CH:24][CH:17]=[CH:10][C:4]=3[C:1]2=[N:3][C:7]2[C:14]3[CH:22]=[CH:29][CH:32]=[CH:28][C:21]=3[CH2:25][CH2:18][C:11]1=2.[CH2:30]([CH2:23][CH:15]=[CH2:8])[CH2:33][CH2:34][CH3:35]
[CH3:1][CH2:2][CH2:3][CH2:4][CH2:5][CH2:6][CH2:7][N+:35]1[C:26]2[C:29]3[CH:15]=[CH:22][CH:21]=[CH:14][C:33]=3[CH2:9][CH2:10][C:32]=2[C:25]([C:30]2[CH:12]=[CH:20][CH:19]=[CH:18][CH:17]=2)=[C:31]2[CH2:11][CH2:8][C:34]3[CH:13]=[CH:24][CH:23]=[CH:16][C:28]=3[C:27]=12>>[CH3:1][CH2:2][CH2:3][CH2:4][CH2:5][CH:6]=[CH2:7].[CH2:10]1[CH2:9][C:33]2[CH:14]=[CH:21][CH:22]=[CH:15][C:29]=2[C:26]2[N:35]=[C:27]3[C:28]4[CH:16]=[CH:23][CH:24]=[CH:13][C:34]=4[CH2:8][CH2:11][C:31]3=[C:25]([C:30]3[CH:12]=[CH:20][CH:19]=[CH:18][CH:17]=3)[C:32]=21 |f:1.2|
*** 14 ***
[C@:1]12([H])[CH2:4][C@:9]([H])([O:5][C@@:2]1([H])[C:6]([O:7][C@:3]2([H])[CH2:8][CH2:11][CH2:13][CH2:16][CH2:18][CH2:19][CH2:20][CH3:21])=[O:10])C(=O)OC>>[C@:1]12([H])[CH2:4][C:9]([O:5][C@@:2]1([H])[C:6]([O:7][C@:3]2([H])[CH2:8][CH2:11][CH2:13][CH2:16][CH2:18][CH2:19][CH2:20][CH3:21])=[O:10])=O |&1:0,3,6,10,25,30,34|
COC(=O)[C@@H:14]1[CH2:9][C@H:15]2[C@@H:13]([O:12]1)[C:17](=[O:2])[O:11][C@@H:16]2[CH2:3][CH2:4][CH2:5][CH2:6][CH2:7][CH2:8][CH2:10][CH3:1]>>[CH3:1][CH2:10][CH2:8][CH2:7][CH2:6][CH2:5][CH2:4][CH2:3][C@@H:16]1[O:11][C:17](=[O:2])[C@H:13]2[O:12][C:14](=O)[CH2:9][C@@H:15]12 |&1:4,6,7,12,29,33,38|
*** 15 ***
[C:1]1([S:4]C=C[C:2]=1[N:6]=[N+]=[N-])/[CH:3]=[C:7](\[N:11]=[N+]=[N-])/[C:10](=[O:14])[O:13][CH2:16][CH3:18].[C:19]1([S:22][CH:26]=[CH:23][C:20]=1[N:24]=[N+]=[N-])/[CH:21]=[C:25](\[N:29]=[N+]=[N-])/[C:28](=[O:32])[O:31][CH2:34][CH3:36]>>[C:19]12[S:22][CH:26]=[CH:23][C:20]=1[N:24]=[N:29][C:25]([C:28](=[O:32])[O:31][CH2:34][CH3:36])=[CH:21]2.[C:7]1(=[N:11][S:4][C:1]([C:2]#[N:6])=[CH:3]1)[C:10](=[O:14])[O:13][CH2:16][CH3:18]
[CH3:1][CH2:5][O:16][C:25](=[O:4])/[C:20](=[CH:7]/[C:22]1[S:17][CH:10]=[CH:9][C:23]=1[N:12]=[N+]=[N-])/[N:13]=[N+]=[N-].[CH3:2][CH2:6][O:15][C:26](=[O:3])/[C:19](=[CH:8]/[C:21]1[S:18]C=C[C:24]=1[N:11]=[N+]=[N-])/[N:14]=[N+]=[N-]>>[CH3:2][CH2:6][O:15][C:26](=[O:3])[C:19]1[CH:8]=[C:21]([C:24]#[N:11])[S:18][N:14]=1.[CH3:1][CH2:5][O:16][C:25](=[O:4])[C:20]1=[CH:7][C:22]2[S:17][CH:10]=[CH:9][C:23]=2[N:12]=[N:13]1 |f:0.1,2.3|
*** 16 ***
[S:1]1(=[N:4][C:9]2=[C:10]([S:16][CH:19]=[CH:15]2)[CH:5]=[C:2]1[C:6](=[O:12])[O:11][CH2:17][CH3:20])[C:3]1[CH:8]=[CH:14][CH:18]=[CH:13][CH:7]=1>>[C:5]1([S:1][C:3]2[CH:8]=[CH:14][CH:18]=[CH:13][CH:7]=2)=[C:2]([C:6](=[O:12])[O:11][CH2:17][CH3:20])[NH:4][C:9]2[CH:15]=[CH:19][S:16][C:10]1=2
[CH3:1][CH2:3][O:13][C:15](=[O:2])[C:16]1=[CH:4][C:18]2[S:14][CH:6]=[CH:7][C:17]=2[N:12]=[S:20]1[C:19]1[CH:5]=[CH:11][CH:10]=[CH:9][CH:8]=1>>[CH3:1][CH2:3][O:13][C:15](=[O:2])[C:16]1[NH:12][C:17]2[CH:7]=[CH:6][S:14][C:18]=2[C:4]=1[S:20][C:19]1[CH:5]=[CH:11][CH:10]=[CH:9][CH:8]=1
*** 17 ***
[C:1]1(=[N:4][S:8]([N:5]=[C:2]1[NH2:6])=[O:10])[NH:3][CH2:7][C:9]1[CH:12]=[CH:14][CH:15]=[CH:13][CH:11]=1.[C:16]1(OCC)=[N:18][S:22]([N:20]=[C:17]1OCC)=[O:25]>>[N:3]1([CH2:7][C:9]2[CH:12]=[CH:14][CH:15]=[CH:13][CH:11]=2)[C:16]2=[N:18][S:22]([N:20]=[C:17]2[NH:6][C:2]2=[N:5][S:8](=[O:10])[N:4]=[C:1]12)=[O:25]
CCO[C:18]1=[N:13][S:21](=[O:2])[N:12]=[C:19]1OCC.[NH2:1][C:15]1=[N:11][S:20](=[O:3])[N:14]=[C:17]1[NH:10][CH2:4][C:16]1[CH:5]=[CH:9][CH:8]=[CH:7][CH:6]=1>>[O:2]=[S:21]1[N:12]=[C:19]2[C:18]([NH:1][C:15]3=[N:11][S:20](=[O:3])[N:14]=[C:17]3[N:10]2[CH2:4][C:16]2[CH:5]=[CH:9][CH:8]=[CH:7][CH:6]=2)=[N:13]1 |f:0.1|
*** 18 ***
[C:1]1([NH:4][C:9]2=[N:15][S:20]([C:18]3[CH:22]=[CH:26][CH:23]=[CH:19][C:14]2=3)(=[O:25])=[O:24])=[C:3]([C:8](=[O:13])OCC)[O:7][C:5]2[CH:10]=[CH:16][CH:11]=[CH:6][C:2]1=2>>[C:9]12=[N:4][C:1]3=[C:3]([O:7][C:5]4[CH:10]=[CH:16][CH:11]=[CH:6][C:2]3=4)[C:8](=[O:13])[N:15]1[S:20]([C:18]1[CH:22]=[CH:26][CH:23]=[CH:19][C:14]2=1)(=[O:25])=[O:24]
CCO[C:22](=[O:1])[C:15]1[O:14][C:16]2[CH:4]=[CH:7][CH:8]=[CH:5][C:18]=2[C:17]=1[NH:12][C:20]1=[N:13][S:23](=[O:2])(=[O:3])[C:19]2[CH:11]=[CH:6][CH:9]=[CH:10][C:21]1=2>>[O:1]=[C:22]1[C:15]2[O:14][C:16]3[CH:4]=[CH:7][CH:8]=[CH:5][C:18]=3[C:17]=2[N:12]=[C:20]2[C:21]3[CH:10]=[CH:9][CH:6]=[CH:11][C:19]=3[S:23](=[O:2])(=[O:3])[N:13]12
*** 19 ***
[C@@:1]1([H])([O:4][C@@:9]([H])([C@@:5]2([H])[O:10][CH:11]([O:16][CH3:20])[O:6][C@@:2]12[H])[CH2:15][OH:19])[N:3]1[N:8]=[CH:14][C:12]2[C:17]3=[N:22][N:24]=[CH:23][N:21]3[CH:18]=[N:13][C:7]1=2>>[C@@:1]1([H])([O:4][C@@:9]([H])([C@@:5]2([H])[O:10][CH:11]([O:16][CH3:20])[O:6][C@@:2]12[H])[CH2:15][OH:19])[N:3]1[N:8]=[CH:14][C:12]2[C:17]3=[N:21][CH:23]=[N:24][N:22]3[CH:18]=[N:13][C:7]1=2
[CH3:1][O:11][CH:17]1[O:13][C@H:19]2[C@@H:16]([O:12][C@H:15]([CH2:3][OH:2])[C@H:18]2[O:14]1)[N:23]1[N:9]=[CH:6][C:22]2[C:20]3=[N:7][N:10]=[CH:4][N:24]3[CH:5]=[N:8][C:21]1=2>>[CH3:1][O:11][CH:17]1[O:13][C@@H:19]2[C@H:18]([O:14]1)[C@@H:15]([CH2:3][OH:2])[O:12][C@H:16]2[N:23]1[N:9]=[CH:6][C:22]2[C:20]3=[N:24][CH:4]=[N:10][N:7]3[CH:5]=[N:8][C:21]1=2
*** 20 ***
[CH:1]([C:4](=O)[CH3:9])([C:3](=[O:8])[O:7][CH2:14][CH3:17])[CH:2]([C:6](=[O:13])[CH3:12])[CH2:5][C:11](=[O:16])[CH2:15][CH2:18][CH2:19][CH2:20][CH2:21][CH2:22][CH2:23][CH2:24][CH2:25][CH3:26].[CH:27]([CH2:30][C:35](=[O:42])[CH3:41])([C:29](=O)[CH2:33][CH2:40][CH2:44][CH2:46][CH2:47][CH2:48][CH2:49][CH2:50][CH2:51][CH3:52])[CH:28]([C:32](=[O:39])[CH3:38])[C:31](=[O:37])[O:36][CH2:43][CH3:45]>>[C:1]1([C:3](=[O:8])[O:7][CH2:14][CH3:17])=[C:4]([CH3:9])[O:13][C:6]([CH3:12])=[C:2]1[CH2:5][C:11](=[O:16])[CH2:15][CH2:18][CH2:19][CH2:20][CH2:21][CH2:22][CH2:23][CH2:24][CH2:25][CH3:26].[C:27]1([CH2:30][C:35](=[O:42])[CH3:41])[C:28]([C:31](=[O:37])[O:36][CH2:43][CH3:45])=[C:32]([O:39][C:29]=1[CH2:33][CH2:40][CH2:44][CH2:46][CH2:47][CH2:48][CH2:49][CH2:50][CH2:51][CH3:52])[CH3:38]
[CH3:1][C:50](=[O:9])[CH2:15][CH:42]([CH:39]([C:44](=[O:10])[O:37][CH2:34][CH3:2])[C:48]([CH3:6])=[O:14])[C:45](=O)[CH2:17][CH2:30][CH2:25][CH2:22][CH2:23][CH2:28][CH2:31][CH2:20][CH2:35][CH3:8].[CH3:3][CH2:33][O:38][C:43](=[O:12])[CH:40]([CH:41]([CH2:16][C:46](=[O:13])[CH2:18][CH2:29][CH2:26][CH2:21][CH2:24][CH2:27][CH2:32][CH2:19][CH2:36][CH3:7])[C:49]([CH3:4])=[O:11])[C:47]([CH3:5])=O>>[CH3:1][C:50](=[O:9])[CH2:15][C:42]1[C:39]([C:44](=[O:10])[O:37][CH2:34][CH3:2])=[C:48]([CH3:6])[O:14][C:45]=1[CH2:17][CH2:30][CH2:25][CH2:22][CH2:23][CH2:28][CH2:31][CH2:20][CH2:35][CH3:8].[CH3:7][CH2:36][CH2:19][CH2:32][CH2:27][CH2:24][CH2:21][CH2:26][CH2:29][CH2:18][C:46](=[O:13])[CH2:16][C:41]1[C:40]([C:43](=[O:12])[O:38][CH2:33][CH3:3])=[C:47]([CH3:5])[O:11][C:49]=1[CH3:4] |f:0.1,2.3|
*** 21 ***
[N:20]1([N:21]=[C:22]([S:18]/[C:19]/1=[CH:8]\[C:7](=S)[CH3:6])[C:17]1[CH:5]=[CH:4][CH:3]=[CH:2][CH:1]=1)[C:16]1=[CH:15][CH:14]=[C:13]([Br:9])[CH:12]=[C:11]1[Br:10]>>[N:20]1([N:21]=[C:22]([S:18]/[C:19]/1=[CH:8]\[C:7](=O)[CH3:6])[C:17]1[CH:5]=[CH:4][CH:3]=[CH:2][CH:1]=1)[C:16]1=[CH:15][CH:14]=[C:13]([Br:9])[CH:12]=[C:11]1[Br:10]
[CH3:1][C:15](=S)/[CH:5]=[C:17]1\[S:14][C:16](=[N:13][N:22]\1[C:18]1=[CH:8][CH:7]=[C:21]([Br:2])[CH:4]=[C:20]1[Br:3])[C:19]1[CH:6]=[CH:12][CH:11]=[CH:10][CH:9]=1>>[CH3:1][C:15](=O)/[CH:5]=[C:17]1\[S:14][C:16](=[N:13][N:22]\1[C:18]1=[CH:8][CH:7]=[C:21]([Br:2])[CH:4]=[C:20]1[Br:3])[C:19]1[CH:6]=[CH:12][CH:11]=[CH:10][CH:9]=1
*** 22 ***
[C:1]1(=[CH:4]/[C:8]2[CH:13]=[CH:18][C:21]([O:24][CH3:26])=[CH:17][CH:12]=2)/[CH2:3][N:7]([CH2:9]/[C:5](=[CH:10]\[C:14]2[CH:20]=[CH:23][C:25]([O:27][CH3:28])=[CH:22][CH:19]=2)/[C:2]/1=O)[C:11](=[O:16])[CH3:15].[C:29]1([NH2:32])[S:31][CH2:34][CH2:33][N:30]=1>>[C:1]12[CH2:3][N:7]([CH2:9]/[C:5](=[CH:10]\[C:14]3[CH:20]=[CH:23][C:25]([O:27][CH3:28])=[CH:22][CH:19]=3)/[C:2]=1[N:32]=[C:29]1[S:31][CH2:34][CH2:33][N:30]1[CH:4]2[C:8]1[CH:13]=[CH:18][C:21]([O:24][CH3:26])=[CH:17][CH:12]=1)[C:11](=[O:16])[CH3:15]
[CH3:1][C:32](=[O:5])[N:33]1[CH2:6]/[C:31](=[CH:10]\[C:29]2[CH:12]=[CH:15][C:26](=[CH:19][CH:16]=2)[O:22][CH3:3])/[C:24](=O)/[C:30](/[CH2:7]1)=[CH:11]/[C:28]1[CH:13]=[CH:14][C:27](=[CH:18][CH:17]=1)[O:21][CH3:2].[NH2:4][C:25]1=[N:20][CH2:8][CH2:9][S:23]1>>[CH3:1][C:32](=[O:5])[N:33]1[CH2:6]/[C:31](=[CH:10]\[C:29]2[CH:12]=[CH:15][C:26](=[CH:19][CH:16]=2)[O:22][CH3:3])/[C:24]2[N:4]=[C:25]3[S:23][CH2:9][CH2:8][N:20]3[CH:11]([C:28]3[CH:13]=[CH:14][C:27](=[CH:18][CH:17]=3)[O:21][CH3:2])[C:30]=2[CH2:7]1 |f:0.1|
*** 23 ***
[C:1]1([O:4][CH3:7])[CH2:3][O:6][C:5](=[O:8])[CH:2]=1.[Si:9](Cl)([CH3:12])([CH3:11])[CH3:10]>>[C:5]1([O:8][Si:9]([CH3:12])([CH3:11])[CH3:10])[O:6][CH:3]=[C:1]([O:4][CH3:7])[CH:2]=1
[CH3:1][O:9][C:10]1[CH2:6][O:8][C:11](=[O:5])[CH:7]=1.[CH3:2][Si:12]([CH3:3])([CH3:4])Cl>>[CH3:1][O:9][C:10]1[CH:7]=[C:11]([O:8][CH:6]=1)[O:5][Si:12]([CH3:2])([CH3:4])[CH3:3] |f:0.1|
*** 24 ***
[C:1]1([O:4][Si](C)(C)C)[O:3][CH:6]=[C:5]([O:8][CH3:12])[CH:2]=1>>[C:5]1([O:8][CH3:12])=[CH:2][C:1]([O:3][CH:6]1Br)=[O:4]
[CH3:1][O:6][C:7]1[CH:2]=[C:8]([O:4][CH:3]=1)[O:5][Si](C)(C)C>>[CH3:1][O:6][C:7]1=[CH:2][C:8](=[O:5])[O:4][CH:3]1Br
*** 25 ***
[N:1]1(C(=O)OC)[CH2:3][CH2:6][CH2:9][C:5](C=O)=[CH:2]1>>[CH2:9]1[CH:5]=[CH:2][NH:1][CH2:3][CH2:6]1
COC(=O)[N:6]1[CH2:2][CH2:3][CH2:1][C:5](=[CH:4]1)C=O>>[CH2:1]1[CH2:3][CH2:2][NH:6][CH:4]=[CH:5]1
*** 26 ***
[PH:1]([CH2:3][CH2:5][SH:7])[CH2:2][CH2:4][SH:6]>>[P:1]12[CH2:3][CH2:5][S:7][As]1[S:6][CH2:4][CH2:2]2
[SH:1][CH2:5][CH2:4][PH:7][CH2:3][CH2:6][SH:2]>>[CH2:4]1[CH2:5][S:1][As]2[S:2][CH2:6][CH2:3][P:7]21
*** 27 ***
[C:1]1([C:4](=[O:9])[CH3:8])=[C:3]([OH:7])[CH:6]=[CH:10][C:5]([C:11](=[O:13])[CH3:12])=[CH:2]1.[C:14](=O)([CH3:16])[CH3:15]>>[C:3]12[O:7][C:14]([CH2:8][C:4](=[O:9])[C:1]=1[CH:2]=[C:5]([CH:10]=[CH:6]2)[C:11](=[O:13])[CH3:12])([CH3:16])[CH3:15]
[CH3:1][C:16]([CH3:2])=O.[CH3:3][C:15](=[O:6])[C:12]1[CH:8]=[C:13]([CH:9]=[CH:10][C:11]=1[OH:5])[C:14]([CH3:4])=[O:7]>>[CH3:4][C:14](=[O:7])[C:13]1=[CH:8][C:12]2[C:15](=[O:6])[CH2:3][C:16]([CH3:1])([CH3:2])[O:5][C:11]=2[CH:10]=[CH:9]1 |f:0.1|
*** 28 ***
[C:1]([CH3:5])([CH3:4])([CH3:3])[C:2](=[O:7])[NH:6][NH2:8].[C:9]([CH3:13])([CH3:12])([CH3:11])[CH:10]=O>>[C:2](=[O:7])([NH:6][N:8]=[CH:10][C:9]([CH3:13])([CH3:12])[CH3:11])[C:1]([CH3:5])([CH3:4])[CH3:3]
[CH3:1][C:13]([CH3:2])([CH3:3])[C:11](=[O:8])[NH:10][NH2:7].[CH3:4][C:12]([CH3:5])([CH3:6])[CH:9]=O>>[CH3:1][C:13]([CH3:2])([CH3:3])[C:11](=[O:8])[NH:10][N:7]=[CH:9][C:12]([CH3:6])([CH3:5])[CH3:4] |f:0.1|
*** 29 ***
[Mg](I)[CH3:16].[N:4]1([N:7]=[N:11][C:10]([C:14]#N)=[N:6]1)[C:5]1[CH:9]=[CH:13][CH:15]=[CH:12][CH:8]=1>>[N:4]1([N:7]=[N:11][C:10]([C:14](=O)[CH3:16])=[N:6]1)[C:5]1[CH:9]=[CH:13][CH:15]=[CH:12][CH:8]=1
[CH3:1][Mg]I.N#[C:7][C:11]1=[N:8][N:13]([N:10]=[N:9]1)[C:12]1[CH:2]=[CH:6][CH:5]=[CH:4][CH:3]=1>>[CH3:1][C:7](=O)[C:11]1=[N:8][N:13]([N:10]=[N:9]1)[C:12]1[CH:2]=[CH:6][CH:5]=[CH:4][CH:3]=1 |f:0.1|
*** 30 ***
[CH:1]12[O:4][CH2:9][CH2:14][CH2:11][CH2:6][N:2]1[C:5]([C:7]([Cl:12])=[C:3]2[N:8]=[N+]=[N-])=[O:10]>>[C@:1]12([H])[O:4][CH2:9][CH2:14][CH2:11][CH2:6][N:2]1[C:5]([C@@:7]2([Cl:12])[C:3]#[N:8])=[O:10] |&1:15,24|
[N-]=[N+]=[N:7][C:12]1[CH:9]2[O:8][CH2:6][CH2:5][CH2:4][CH2:3][N:13]2[C:10](=[O:1])[C:11]=1[Cl:2]>>[N:7]#[C:12][C@@:11]1([Cl:2])[C@H:9]2[O:8][CH2:6][CH2:5][CH2:4][CH2:3][N:13]2[C:10]1=[O:1] |&1:17,19|
*** 31 ***
[C:1]12[CH:4]=[CH:9][CH:11]=[CH:6][C:2]=1[O:5][C:10]([CH:7]=[C:3]2[OH:8])=[O:12].N12[CH2:16][N:19]3CN(CN([CH2:21]3)C1)C2>>[C:1]12[CH:4]=[CH:9][CH:11]=[CH:6][C:2]=1[O:5][C:10](=[O:12])[C:7]1[CH2:16][NH:19][CH2:21][O:8][C:3]2=1
[OH:1][C:11]1=[CH:5][C:12](=[O:2])[O:10][C:13]2[CH:7]=[CH:8][CH:9]=[CH:6][C:14]=21.C1N2CN3CN1C[N:15]([CH2:3]2)[CH2:4]3>>[O:2]=[C:12]1[O:10][C:13]2[CH:7]=[CH:8][CH:9]=[CH:6][C:14]=2[C:11]2[O:1][CH2:3][NH:15][CH2:4][C:5]=21 |f:0.1|
*** 32 ***
[N:1]1=[C:3]([S-:7])[CH:6]=[CH:8][CH:4]=[C:2]1[S-:5].[N:9]1=[C:11]([S-:15])[CH:14]=[CH:16][CH:12]=[C:10]1[S-:13].[CH2:17](Br)Br>>[C:10]12[CH:12]=[CH:16][CH:14]=[C:11]([S:15][CH2:17][S:5][C:2]3[N:1]=[C:3]([CH:6]=[CH:8][CH:4]=3)[S:7][CH2:17][S:13]1)[N:9]=2
[S-:1][C:16]1[CH:7]=[CH:10][CH:9]=[C:14]([S-:4])[N:13]=1.[S-:2][C:17]1[CH:6]=[CH:11][CH:8]=[C:15]([S-:3])[N:12]=1.Br[CH2:5]Br>>[CH2:5]1[S:3][C:15]2[CH:8]=[CH:11][CH:6]=[C:17]([N:12]=2)[S:2][CH2:5][S:4][C:14]2=[CH:9][CH:10]=[CH:7][C:16](=[N:13]2)[S:1]1 |f:0.1.2|
*** 33 ***
[C:1]12[CH:4]=[CH:8][CH:9]=[CH:6][N:2]1[CH:5]=[N:7][N:3]=2.C(=O)(OC)[C:11]#[C:14][C:16](=[O:18])OC>>[N:2]12[CH:6]=[CH:9][CH:8]=[CH:4][C:1]1=[N:3][N:7]=[C:5]2[C:11]#[C:14][CH:16]=[O:18]
CO[C:12](=[O:1])[C:7]#[C:8]C(=O)OC.[CH:2]1=[N:10][N:9]=[C:11]2[CH:3]=[CH:6][CH:5]=[CH:4][N:13]21>>[O:1]=[CH:12][C:7]#[C:8][C:2]1=[N:10][N:9]=[C:11]2[CH:3]=[CH:6][CH:5]=[CH:4][N:13]21 |f:0.1|
*** 34 ***
[C:1]1([NH:4][N:9]=[CH:5][C:2]=1[Br:6])[C:3](=O)[NH:7][NH:10][CH:11]=O>>[C:1]12[C:3](=S)[NH:7][N:10]=[CH:11][N:4]1[N:9]=[CH:5][C:2]=2[Br:6]
O=[C:10]([NH:4][NH:5][CH:3]=O)[C:8]1[NH:6][N:7]=[CH:2][C:9]=1[Br:1]>>S=[C:10]1[NH:4][N:5]=[CH:3][N:6]2[N:7]=[CH:2][C:9]([Br:1])=[C:8]21
*** 35 ***
[C:1]12[CH:4]=[CH:8][CH:11]=[CH:6][C:2]=1[C:5](Cl)=[C:9]([C:7](=[O:12])[O:3]2)[C:13]#[N:14]>>[C:1]12[CH:4]=[CH:8][CH:11]=[CH:6][C:2]=1[C:5](S)=[C:9]([C:7](=[O:12])[O:3]2)[C:13]#[N:14]
[N:1]#[C:7][C:11]1[C:9](=[O:2])[O:8][C:12]2[CH:4]=[CH:5][CH:6]=[CH:3][C:13]=2[C:10]=1Cl>>[N:1]#[C:7][C:11]1[C:9](=[O:2])[O:8][C:12]2[CH:4]=[CH:5][CH:6]=[CH:3][C:13]=2[C:10]=1S
*** 36 ***
[C:1]1([CH3:4])=[CH:3][S:6][C:5]([NH2:7])=[N:2]1.[C:8](=O)([CH3:10])[CH2:9][CH2:12][C:13](=O)[CH3:14]>>[N:7]1([C:13]([CH3:14])=[CH:12][CH:9]=[C:8]1[CH3:10])[C:5]1[S:6][CH:3]=[C:1]([CH3:4])[N:2]=1
[CH3:1][C:11]1=[CH:7][S:9][C:10]([NH2:4])=[N:8]1.[CH3:2][C:12](=O)[CH2:6][CH2:5][C:13]([CH3:3])=O>>[CH3:1][C:11]1=[CH:7][S:9][C:10](=[N:8]1)[N:4]1[C:13]([CH3:3])=[CH:5][CH:6]=[C:12]1[CH3:2] |f:0.1|
*** 37 ***
[C:1]12[CH:4]=[CH:9][CH:11]=[CH:8][C:3]=1[NH:7][CH:5]=[C:2]2[CH2:6][CH2:10][NH:12][C:13]1=[CH:15][CH2:18][CH2:19][CH2:16][C:14]1=[O:17]>>[C:2]123[CH2:6][CH2:10][NH:12][CH:13]4[C:14](=[O:17])[CH:16]([CH2:19][CH2:18][CH:15]14)[CH:5]2[NH:7][C:3]1[CH:8]=[CH:11][CH:9]=[CH:4][C:1]3=1
[O:1]=[C:15]1[CH2:5][CH2:6][CH2:4][CH:12]=[C:17]1[NH:14][CH2:3][CH2:2][C:19]1=[CH:7][NH:13][C:18]2[CH:8]=[CH:11][CH:10]=[CH:9][C:16]1=2>>[O:1]=[C:15]1[CH:17]2[NH:14][CH2:3][CH2:2][C:19]34[CH:7]([NH:13][C:18]5[CH:8]=[CH:11][CH:10]=[CH:9][C:16]3=5)[CH:5]1[CH2:6][CH2:4][CH:12]42
*** 38 ***
[C:1]12[CH:4]=[CH:8][CH:10]=[CH:6][C:2]=1[C:5](=[C:7]([CH3:11])[NH:3]2)[CH3:9]>>[C:1]12[CH:4]=[CH:8][CH:10]=[CH:6][C:2]=1[C@@:5]([H])([C@@:7]([H])([CH3:11])[NH:3]2)[CH3:9] |&1:17,19|
[CH3:1][C:11]1[C:9]2[CH:4]=[CH:5][CH:6]=[CH:3][C:8]=2[NH:7][C:10]=1[CH3:2]>>[CH3:2][C@@H:10]1[NH:7][C:8]2[CH:3]=[CH:6][CH:5]=[CH:4][C:9]=2[C@H:11]1[CH3:1] |&1:12,20|
*** 39 ***
[CH:1]1=[CH:3][CH:5]=[N:6][CH:4]=[CH:2]1.[C:7](=[O:10])([O:9][CH2:12][CH3:14])OCC>>[N:6]1([CH:4]=[CH:2][CH2:1][CH:3]=[CH:5]1)[C:7](=[O:10])[O:9][CH2:12][CH3:14]
[CH3:1][CH2:3][O:10][C:11](=[O:2])OCC.[CH:4]1=[CH:8][CH:7]=[CH:6][CH:5]=[N:9]1>>[CH3:1][CH2:3][O:10][C:11](=[O:2])[N:9]1[CH:4]=[CH:8][CH2:7][CH:6]=[CH:5]1 |f:0.1|
*** 40 ***
[N:1]1([N:4]=[CH:8][CH:12]=[CH:9][C:5]([CH3:10])=[CH:2]1)[C:3](=[O:7])[O:6][CH2:11][CH3:13]>>[CH:2]12[C:5](=[CH:9][CH:12]1[CH:8]=[N:4][N:1]2[C:3](=[O:7])[O:6][CH2:11][CH3:13])[CH3:10]
[CH3:1][C:12]1[CH:5]=[CH:8][CH:7]=[N:9][N:13]([CH:6]=1)[C:11](=[O:3])[O:10][CH2:4][CH3:2]>>[CH3:1][C:12]1=[CH:5][CH:8]2[CH:7]=[N:9][N:13]([CH:6]12)[C:11](=[O:3])[O:10][CH2:4][CH3:2]
*** 41 ***
[NH:1]([NH2:3])[CH3:2].[C:4]1([CH:7]=O)=[CH:6][N:10]([C:12](=[O:15])[N:8]([CH3:13])[C:5]1=[O:9])[CH3:14]>>[C:4]1(=[CH:6][N:1]([N:3]=[CH:7]1)[CH3:2])[C:5](=[O:9])[N:8]([CH3:13])[C:12](=[O:15])[NH:10][CH3:14]
[CH3:1][N:14]1[C:11](=[O:6])[C:10](=[CH:7][N:13]([CH3:3])[C:12]1=[O:5])[CH:8]=O.[CH3:2][NH:9][NH2:4]>>[CH3:2][N:9]1[CH:7]=[C:10]([CH:8]=[N:4]1)[C:11](=[O:6])[N:14]([CH3:1])[C:12](=[O:5])[NH:13][CH3:3] |f:0.1|
*** 42 ***
[C:1]1([CH:4]=[CH:9][CH:12]=[CH:7][C:3]=1[OH:8])[C:2](=[O:6])[CH:5](Br)[CH:10](Br)[C:13]1=[CH:16][CH:18]=[CH:19][CH:17]=[CH:15]1>>[C:3]12[CH:7]=[CH:12][C:9](Br)=[CH:4][C:1]=1[C:2](=[O:6])[CH:5]=[C:10]([C:13]1=[CH:16][CH:18]=[CH:19][CH:17]=[CH:15]1)[O:8]2
[OH:1][C:14]1[CH:4]=[CH:11][CH:10]=[CH:5][C:16]=1[C:15](=[O:2])[CH:12](Br)[CH:13](Br)[C:17]1[CH:3]=[CH:9][CH:8]=[CH:7][CH:6]=1>>[O:2]=[C:15]1[CH:12]=[C:13]([O:1][C:14]2[CH:4]=[CH:11][C:10](Br)=[CH:5][C:16]=21)[C:17]1[CH:3]=[CH:9][CH:8]=[CH:7][CH:6]=1
*** 43 ***
[C:1]12[CH:4]=[CH:9][CH:10]=[CH:5][C:2]=1[CH:6]=[CH:7][N:3]2[Li].[CH:11](=[CH2:13])[CH3:12]>>[C:1]12[CH:4]=[CH:9][CH:10]=[CH:5][C:2]=1[CH:6]=[CH:7][N:3]2[CH:11]([CH3:12])[CH3:13]
[Li][N:12]1[CH:6]=[CH:5][C:11]2[CH:4]=[CH:9][CH:8]=[CH:7][C:10]1=2.[CH3:1][CH:3]=[CH2:2]>>[CH3:1][CH:3]([CH3:2])[N:12]1[CH:6]=[CH:5][C:11]2[CH:4]=[CH:9][CH:8]=[CH:7][C:10]1=2 |f:0.1|
*** 44 ***
[CH:1]1([CH2:4][CH2:7][CH2:9][CH2:6][CH2:3]1)[N:2]=[C:5]=[C:8]([CH3:11])[CH3:10]>>[N:2]1(S([C:8]([CH3:11])([CH3:10])[C:5]1=O)=O)[CH:1]1[CH2:4][CH2:7][CH2:9][CH2:6][CH2:3]1
[CH3:1][C:11]([CH3:2])=[C:8]=[N:9][CH:10]1[CH2:3][CH2:6][CH2:5][CH2:7][CH2:4]1>>[CH3:1][C:11]1([CH3:2])[C:8](=O)[N:9]([CH:10]2[CH2:3][CH2:6][CH2:5][CH2:7][CH2:4]2)S1=O
*** 45 ***
[C:1]1([NH:4][CH3:7])[N:3]=[CH:6][CH:8]=[CH:5][N:2]=1.[C:9](=[O:12])([O:11][CH2:14][CH3:16])[N:10]=[C:13]=[S:15]>>[N:2]1([CH:5]=[CH:8][CH:6]=[N:3][C:1]1=[N:4][CH3:7])[C:13](=[S:15])[NH:10][C:9](=[O:12])[O:11][CH2:14][CH3:16]
[CH3:1][CH2:5][O:14][C:15](=[O:3])[N:13]=[C:9]=[S:4].[CH3:2][NH:10][C:16]1[N:11]=[CH:8][CH:7]=[CH:6][N:12]=1>>[CH3:2][N:10]=[C:16]1[N:11]=[CH:8][CH:7]=[CH:6][N:12]1[C:9](=[S:4])[NH:13][C:15](=[O:3])[O:14][CH2:5][CH3:1] |f:0.1|
*** 46 ***
[C:1]12=[CH:4][CH:7]=[CH:8][C:5]([CH2:9][S:11][CH2:14][C:15]3[CH:17]=[CH:16][CH:13]=[C:10]([N:12]=3)[CH2:6][CH2:3]1)=[N:2]2>>[N:2]1[C:1]2=[CH:4][CH:7]=[CH:8][C:5]=1[CH2:9][S:11](=O)(=O)[CH2:14][C:15]1=[N:12][C:10](=[CH:13][CH:16]=[CH:17]1)[CH2:6][CH2:3]2
[CH2:1]1[S:13][CH2:2][C:15]2[CH:5]=[CH:10][CH:7]=[C:17]([CH2:3][CH2:4][C:16]3=[CH:8][CH:9]=[CH:6][C:14]1=[N:12]3)[N:11]=2>>O=[S:13]1(=O)[CH2:1][C:14]2[CH:6]=[CH:9][CH:8]=[C:16]([CH2:4][CH2:3][C:17]3=[CH:7][CH:10]=[CH:5][C:15]([CH2:2]1)=[N:11]3)[N:12]=2
*** 47 ***
[C:1]1([C:4](=[O:10])[O:9][CH3:14])=[C:3]([CH3:8])[O:7][C:5]([CH3:11])=[C:2]1[C:6](=[O:13])[O:12][CH3:15]>>[C@:3]12([CH3:8])OO[C@@:5]([C:2]([C:6](=[O:13])[O:12][CH3:15])=[C:1]1[C:4](=[O:10])[O:9][CH3:14])([CH3:11])[O:7]2 |&1:15,19|
[CH3:1][C:14]1[O:7][C:15]([CH3:2])=[C:10]([C:11]=1[C:12](=[O:6])[O:9][CH3:3])[C:13](=[O:5])[O:8][CH3:4]>>[CH3:2][C@@:15]12[O:7][C@@:14]([CH3:1])(OO1)[C:11](=[C:10]2[C:13](=[O:5])[O:8][CH3:4])[C:12](=[O:6])[O:9][CH3:3] |&1:16,18|
*** 48 ***
[CH:1]([C:4](=O)[CH3:9])([C:3](=[O:8])[O:7][CH2:15][CH3:17])[CH:2]([C:6](=O)[CH3:13])[C:5](=[O:12])[O:11][CH2:16][CH3:18].[C:19]1([C:22]([CH3:28])=[N:27][N:25]([NH2:31])[C:21]=1[OH:26])[C:20]1[CH:24]=[CH:30][CH:32]=[CH:29][CH:23]=1>>[N:31]1([C:4]([CH3:9])=[C:1]([C:2]([C:5](=[O:12])[O:11][CH2:16][CH3:18])=[C:6]1[CH3:13])[C:3](=[O:8])[O:7][CH2:15][CH3:17])[N:25]1[N:27]=[C:22]([C:19]([C:20]2[CH:24]=[CH:30][CH:32]=[CH:29][CH:23]=2)=[C:21]1[OH:26])[CH3:28]
[CH3:1][C:27]1=[N:17][N:30]([NH2:6])[C:22]([OH:7])=[C:23]1[C:24]1[CH:12]=[CH:16][CH:15]=[CH:14][CH:13]=1.[CH3:2][C:28](=O)[CH:21]([CH:20]([C:26](=[O:8])[O:18][CH2:11][CH3:4])[C:29]([CH3:3])=O)[C:25](=[O:9])[O:19][CH2:10][CH3:5]>>[CH3:1][C:27]1=[N:17][N:30]([C:22]([OH:7])=[C:23]1[C:24]1[CH:12]=[CH:16][CH:15]=[CH:14][CH:13]=1)[N:6]1[C:28]([CH3:2])=[C:21]([C:20]([C:26](=[O:8])[O:18][CH2:11][CH3:4])=[C:29]1[CH3:3])[C:25](=[O:9])[O:19][CH2:10][CH3:5] |f:0.1|
*** 49 ***
[CH:1]12[N:4]([CH3:10])[CH:9]([C:7]([C:13](=[O:19])[O:18][CH2:23][CH3:26])=[C:3]1[C:8](=[O:15])[O:14][CH2:20][CH3:24])[C:5]1[CH:11]=[N:16][C:12]([C:17](=[O:22])[O:21][CH2:25][CH3:27])=[CH:6][C:2]2=1.[C:28](=[O:31])([O:30][CH2:33][CH3:35])[C:29]#[C:32][C:34](=[O:37])[O:36][CH2:38][CH3:39]>>[C@@:3]12([C:8](=[O:15])[O:14][CH2:20][CH3:24])[C:7]([C:13](=[O:19])[O:18][CH2:23][CH3:26])=[CH:9][C:5]3[CH:11]=[N:16][C:12]([C:17](=[O:22])[O:21][CH2:25][CH3:27])=[CH:6][C:2]=3[C@:1]1([H])[N:4]([C:29]([C:28](=[O:31])[O:30][CH2:33][CH3:35])=[C:32]2[C:34](=[O:37])[O:36][CH2:38][CH3:39])[CH3:10] |&1:39,63|
[CH3:1][N:39]1[CH:27]2[C:30](=[C:29]([CH:28]1[C:32]1[CH:18]=[C:31]([N:21]=[CH:17][C:33]=12)[C:35](=[O:9])[O:24][CH2:14][CH3:4])[C:36](=[O:7])[O:22][CH2:12][CH3:2])[C:34](=[O:8])[O:23][CH2:13][CH3:3].[CH3:5][CH2:15][O:26][C:37](=[O:11])[C:20]#[C:19][C:38](=[O:10])[O:25][CH2:16][CH3:6]>>[CH3:1][N:39]1[C@@H:28]2[C:32]3[CH:18]=[C:31]([N:21]=[CH:17][C:33]=3[CH:27]=[C:30]([C:34](=[O:8])[O:23][CH2:13][CH3:3])[C@@:29]2([C:19](=[C:20]1[C:37](=[O:11])[O:26][CH2:15][CH3:5])[C:38](=[O:10])[O:25][CH2:16][CH3:6])[C:36](=[O:7])[O:22][CH2:12][CH3:2])[C:35](=[O:9])[O:24][CH2:14][CH3:4] |f:0.1,&1:41,55|
*** 50 ***
[Si:1]([CH3:5])([CH3:4])([CH3:3])[C:2]#[C:6][C:7]1[CH:9]=[CH:11][CH:12]=[CH:10][CH:8]=1.C1([Si](C)(C)C)=C([Si:14]1([CH3:18])[CH3:17])C.[Si:23]([CH3:27])([CH3:26])([CH3:25])[C:24]#[C:28][C:29]1[CH:31]=[CH:33][CH:34]=[CH:32][CH:30]=1>>[C:6]1([C:7]2=[CH:9][CH:11]=[CH:12][CH:10]=[CH:8]2)=[C:2]([Si:1]([CH3:5])([CH3:4])[CH3:3])[Si:14]([C:24]([Si:23]([CH3:27])([CH3:26])[CH3:25])=[C:28]1[C:29]1=[CH:31][CH:33]=[CH:34][CH:32]=[CH:30]1)([CH3:18])[CH3:17]
CC1=C([Si:25]1([CH3:1])[CH3:2])[Si](C)(C)C.[CH3:3][Si:26]([CH3:7])([CH3:8])[C:20]#[C:21][C:24]1[CH:9]=[CH:14][CH:15]=[CH:18][CH:11]=1.[CH3:4][Si:27]([CH3:5])([CH3:6])[C:19]#[C:22][C:23]1[CH:10]=[CH:13][CH:16]=[CH:17][CH:12]=1>>[CH3:1][Si:25]1([CH3:2])[C:20](=[C:21]([C:22](=[C:19]1[Si:27]([CH3:5])([CH3:6])[CH3:4])[C:23]1[CH:12]=[CH:17][CH:16]=[CH:13][CH:10]=1)[C:24]1[CH:11]=[CH:18][CH:15]=[CH:14][CH:9]=1)[Si:26]([CH3:8])([CH3:7])[CH3:3] |f:0.1.2|
